[2026-04-10T22:13:56.837-0700][0.004s][info][gc,init] CardTable entry size: 512
[2026-04-10T22:13:56.837-0700][0.005s][info][gc     ] Using G1
[2026-04-10T22:13:56.837-0700][0.005s][info][gc,init] Version: 25.0.2+10-LTS (release)
[2026-04-10T22:13:56.838-0700][0.005s][info][gc,init] CPUs: 10 total, 10 available
[2026-04-10T22:13:56.838-0700][0.005s][info][gc,init] Memory: 32768M
[2026-04-10T22:13:56.838-0700][0.005s][info][gc,init] Large Page Support: Disabled
[2026-04-10T22:13:56.838-0700][0.005s][info][gc,init] NUMA Support: Disabled
[2026-04-10T22:13:56.838-0700][0.005s][info][gc,init] Compressed Oops: Enabled (Zero based)
[2026-04-10T22:13:56.838-0700][0.005s][info][gc,init] Heap Region Size: 1M
[2026-04-10T22:13:56.838-0700][0.005s][info][gc,init] Heap Min Capacity: 64M
[2026-04-10T22:13:56.838-0700][0.005s][info][gc,init] Heap Initial Capacity: 64M
[2026-04-10T22:13:56.838-0700][0.005s][info][gc,init] Heap Max Capacity: 256M
[2026-04-10T22:13:56.838-0700][0.005s][info][gc,init] Pre-touch: Disabled
[2026-04-10T22:13:56.838-0700][0.005s][info][gc,init] Parallel Workers: 9
[2026-04-10T22:13:56.838-0700][0.005s][info][gc,init] Concurrent Workers: 2
[2026-04-10T22:13:56.838-0700][0.005s][info][gc,init] Concurrent Refinement Workers: 9
[2026-04-10T22:13:56.838-0700][0.005s][info][gc,init] Periodic GC: Disabled
[2026-04-10T22:13:56.840-0700][0.007s][info][gc,metaspace] CDS archive(s) mapped at: [0x000007f000000000-0x000007f000d94000-0x000007f000d94000), size 14237696, SharedBaseAddress: 0x000007f000000000, ArchiveRelocationMode: 1.
[2026-04-10T22:13:56.840-0700][0.007s][info][gc,metaspace] Compressed class space mapped at: 0x000007f001000000-0x000007f041000000, reserved size: 1073741824
[2026-04-10T22:13:56.840-0700][0.008s][info][gc,metaspace] UseCompressedClassPointers 1, UseCompactObjectHeaders 0
[2026-04-10T22:13:56.840-0700][0.008s][info][gc,metaspace] Narrow klass pointer bits 32, Max shift 3
[2026-04-10T22:13:56.840-0700][0.008s][info][gc,metaspace] Narrow klass base: 0x000007f000000000, Narrow klass shift: 0
[2026-04-10T22:13:56.840-0700][0.008s][info][gc,metaspace] Encoding Range: [0x000007f000000000 - 0x000007f100000000), (4294967296 bytes)
[2026-04-10T22:13:56.840-0700][0.008s][info][gc,metaspace] Klass Range:    [0x000007f000004000 - 0x000007f041000000), (1090502656 bytes)
[2026-04-10T22:13:56.840-0700][0.008s][info][gc,metaspace] Klass ID Range:  [16384 - 1090519033) (1090502649)
[2026-04-10T22:13:56.840-0700][0.008s][info][gc,metaspace] Protection zone: [0x000007f000000000 - 0x000007f000004000), (16384 bytes)
[2026-04-10T22:13:57.131-0700][0.298s][info][gc,start    ] GC(0) Pause Young (Normal) (G1 Evacuation Pause)
[2026-04-10T22:13:57.131-0700][0.298s][info][gc,task     ] GC(0) Using 2 workers of 9 for evacuation
[2026-04-10T22:13:57.134-0700][0.301s][info][gc,phases   ] GC(0)   Pre Evacuate Collection Set: 0.03ms
[2026-04-10T22:13:57.134-0700][0.301s][info][gc,phases   ] GC(0)   Merge Heap Roots: 0.01ms
[2026-04-10T22:13:57.134-0700][0.301s][info][gc,phases   ] GC(0)   Evacuate Collection Set: 2.67ms
[2026-04-10T22:13:57.134-0700][0.301s][info][gc,phases   ] GC(0)   Post Evacuate Collection Set: 0.27ms
[2026-04-10T22:13:57.134-0700][0.301s][info][gc,phases   ] GC(0)   Other: 0.10ms
[2026-04-10T22:13:57.134-0700][0.301s][info][gc,heap     ] GC(0) Eden regions: 34->0(25)
[2026-04-10T22:13:57.134-0700][0.301s][info][gc,heap     ] GC(0) Survivor regions: 0->5(5)
[2026-04-10T22:13:57.134-0700][0.301s][info][gc,heap     ] GC(0) Old regions: 2->3
[2026-04-10T22:13:57.134-0700][0.301s][info][gc,heap     ] GC(0) Humongous regions: 0->0
[2026-04-10T22:13:57.134-0700][0.301s][info][gc,metaspace] GC(0) Metaspace: 9811K(9984K)->9811K(9984K) NonClass: 8609K(8704K)->8609K(8704K) Class: 1202K(1280K)->1202K(1280K)
[2026-04-10T22:13:57.134-0700][0.301s][info][gc          ] GC(0) Pause Young (Normal) (G1 Evacuation Pause) 35M->7M(66M) 3.497ms
[2026-04-10T22:13:57.134-0700][0.301s][info][gc,cpu      ] GC(0) User=0.00s Sys=0.01s Real=0.00s
[2026-04-10T22:13:57.134-0700][0.301s][info][safepoint   ] Safepoint "G1CollectForAllocation", Time since last: 288368292 ns, Reaching safepoint: 2708 ns, At safepoint: 3521834 ns, Leaving safepoint: 4208 ns, Total: 3528750 ns, Threads: 1 runnable, 10 total
[2026-04-10T22:13:57.136-0700][0.303s][info][gc,start    ] GC(1) Pause Young (Normal) (G1 Evacuation Pause)
[2026-04-10T22:13:57.136-0700][0.303s][info][gc,task     ] GC(1) Using 2 workers of 9 for evacuation
[2026-04-10T22:13:57.140-0700][0.308s][info][gc,phases   ] GC(1)   Pre Evacuate Collection Set: 0.02ms
[2026-04-10T22:13:57.141-0700][0.308s][info][gc,phases   ] GC(1)   Merge Heap Roots: 0.01ms
[2026-04-10T22:13:57.141-0700][0.308s][info][gc,phases   ] GC(1)   Evacuate Collection Set: 4.11ms
[2026-04-10T22:13:57.141-0700][0.308s][info][gc,phases   ] GC(1)   Post Evacuate Collection Set: 0.15ms
[2026-04-10T22:13:57.141-0700][0.308s][info][gc,phases   ] GC(1)   Other: 0.05ms
[2026-04-10T22:13:57.141-0700][0.308s][info][gc,heap     ] GC(1) Eden regions: 25->0(11)
[2026-04-10T22:13:57.141-0700][0.308s][info][gc,heap     ] GC(1) Survivor regions: 5->4(4)
[2026-04-10T22:13:57.141-0700][0.308s][info][gc,heap     ] GC(1) Old regions: 3->30
[2026-04-10T22:13:57.141-0700][0.308s][info][gc,heap     ] GC(1) Humongous regions: 0->0
[2026-04-10T22:13:57.141-0700][0.308s][info][gc,metaspace] GC(1) Metaspace: 9811K(9984K)->9811K(9984K) NonClass: 8609K(8704K)->8609K(8704K) Class: 1202K(1280K)->1202K(1280K)
[2026-04-10T22:13:57.141-0700][0.308s][info][gc          ] GC(1) Pause Young (Normal) (G1 Evacuation Pause) 32M->32M(66M) 4.495ms
[2026-04-10T22:13:57.141-0700][0.308s][info][gc,cpu      ] GC(1) User=0.00s Sys=0.00s Real=0.01s
[2026-04-10T22:13:57.141-0700][0.308s][info][safepoint   ] Safepoint "G1CollectForAllocation", Time since last: 1917958 ns, Reaching safepoint: 2417 ns, At safepoint: 4524625 ns, Leaving safepoint: 4375 ns, Total: 4531417 ns, Threads: 0 runnable, 10 total
[2026-04-10T22:13:57.141-0700][0.309s][info][gc,start    ] GC(2) Pause Young (Concurrent Start) (G1 Evacuation Pause)
[2026-04-10T22:13:57.141-0700][0.309s][info][gc,task     ] GC(2) Using 2 workers of 9 for evacuation
[2026-04-10T22:13:57.142-0700][0.309s][info][gc,phases   ] GC(2)   Pre Evacuate Collection Set: 0.04ms
[2026-04-10T22:13:57.142-0700][0.309s][info][gc,phases   ] GC(2)   Merge Heap Roots: 0.01ms
[2026-04-10T22:13:57.142-0700][0.309s][info][gc,phases   ] GC(2)   Evacuate Collection Set: 0.62ms
[2026-04-10T22:13:57.142-0700][0.309s][info][gc,phases   ] GC(2)   Post Evacuate Collection Set: 0.07ms
[2026-04-10T22:13:57.142-0700][0.309s][info][gc,phases   ] GC(2)   Other: 0.04ms
[2026-04-10T22:13:57.142-0700][0.309s][info][gc,heap     ] GC(2) Eden regions: 11->0(10)
[2026-04-10T22:13:57.142-0700][0.309s][info][gc,heap     ] GC(2) Survivor regions: 4->2(2)
[2026-04-10T22:13:57.142-0700][0.309s][info][gc,heap     ] GC(2) Old regions: 30->43
[2026-04-10T22:13:57.142-0700][0.309s][info][gc,heap     ] GC(2) Humongous regions: 0->0
[2026-04-10T22:13:57.142-0700][0.309s][info][gc,metaspace] GC(2) Metaspace: 9811K(9984K)->9811K(9984K) NonClass: 8609K(8704K)->8609K(8704K) Class: 1202K(1280K)->1202K(1280K)
[2026-04-10T22:13:57.142-0700][0.309s][info][gc          ] GC(2) Pause Young (Concurrent Start) (G1 Evacuation Pause) 43M->44M(66M) 0.908ms
[2026-04-10T22:13:57.142-0700][0.309s][info][gc          ] GC(3) Concurrent Mark Cycle
[2026-04-10T22:13:57.142-0700][0.309s][info][gc,cpu      ] GC(2) User=0.00s Sys=0.00s Real=0.00s
[2026-04-10T22:13:57.142-0700][0.309s][info][safepoint   ] Safepoint "G1CollectForAllocation", Time since last: 592292 ns, Reaching safepoint: 1916 ns, At safepoint: 952834 ns, Leaving safepoint: 3750 ns, Total: 958500 ns, Threads: 0 runnable, 10 total
[2026-04-10T22:13:57.142-0700][0.310s][info][gc,marking  ] GC(3) Concurrent Scan Root Regions
[2026-04-10T22:13:57.143-0700][0.310s][info][gc,start    ] GC(4) Pause Young (Normal) (G1 Evacuation Pause)
[2026-04-10T22:13:57.143-0700][0.310s][info][gc,task     ] GC(4) Using 2 workers of 9 for evacuation
[2026-04-10T22:13:57.143-0700][0.310s][info][gc,marking  ] GC(3) Concurrent Scan Root Regions 0.878ms
[2026-04-10T22:13:57.143-0700][0.310s][info][gc,marking  ] GC(3) Concurrent Mark
[2026-04-10T22:13:57.143-0700][0.310s][info][gc,marking  ] GC(3) Concurrent Mark From Roots
[2026-04-10T22:13:57.143-0700][0.310s][info][gc,task     ] GC(3) Using 2 workers of 2 for marking
[2026-04-10T22:13:57.144-0700][0.311s][info][gc,phases   ] GC(4)   Pre Evacuate Collection Set: 0.02ms
[2026-04-10T22:13:57.144-0700][0.311s][info][gc,phases   ] GC(4)   Merge Heap Roots: 0.01ms
[2026-04-10T22:13:57.144-0700][0.311s][info][gc,phases   ] GC(4)   Evacuate Collection Set: 0.57ms
[2026-04-10T22:13:57.144-0700][0.311s][info][gc,phases   ] GC(4)   Post Evacuate Collection Set: 0.07ms
[2026-04-10T22:13:57.144-0700][0.311s][info][gc,phases   ] GC(4)   Other: 0.40ms
[2026-04-10T22:13:57.144-0700][0.311s][info][gc,heap     ] GC(4) Eden regions: 10->0(8)
[2026-04-10T22:13:57.144-0700][0.311s][info][gc,heap     ] GC(4) Survivor regions: 2->2(2)
[2026-04-10T22:13:57.144-0700][0.311s][info][gc,heap     ] GC(4) Old regions: 43->53
[2026-04-10T22:13:57.144-0700][0.311s][info][gc,heap     ] GC(4) Humongous regions: 0->0
[2026-04-10T22:13:57.144-0700][0.311s][info][gc,metaspace] GC(4) Metaspace: 9811K(9984K)->9811K(9984K) NonClass: 8609K(8704K)->8609K(8704K) Class: 1202K(1280K)->1202K(1280K)
[2026-04-10T22:13:57.144-0700][0.311s][info][gc          ] GC(4) Pause Young (Normal) (G1 Evacuation Pause) 54M->54M(67M) 1.156ms
[2026-04-10T22:13:57.144-0700][0.311s][info][gc,cpu      ] GC(4) User=0.00s Sys=0.00s Real=0.00s
[2026-04-10T22:13:57.144-0700][0.311s][info][safepoint   ] Safepoint "G1CollectForAllocation", Time since last: 485791 ns, Reaching safepoint: 1750 ns, At safepoint: 1175709 ns, Leaving safepoint: 4750 ns, Total: 1182209 ns, Threads: 0 runnable, 10 total
[2026-04-10T22:13:57.144-0700][0.312s][info][gc,start    ] GC(5) Pause Young (Normal) (G1 Evacuation Pause)
[2026-04-10T22:13:57.144-0700][0.312s][info][gc,task     ] GC(5) Using 2 workers of 9 for evacuation
[2026-04-10T22:13:57.145-0700][0.312s][info][gc,phases   ] GC(5)   Pre Evacuate Collection Set: 0.02ms
[2026-04-10T22:13:57.145-0700][0.312s][info][gc,phases   ] GC(5)   Merge Heap Roots: 0.01ms
[2026-04-10T22:13:57.145-0700][0.312s][info][gc,phases   ] GC(5)   Evacuate Collection Set: 0.64ms
[2026-04-10T22:13:57.145-0700][0.312s][info][gc,phases   ] GC(5)   Post Evacuate Collection Set: 0.06ms
[2026-04-10T22:13:57.145-0700][0.312s][info][gc,phases   ] GC(5)   Other: 0.03ms
[2026-04-10T22:13:57.145-0700][0.312s][info][gc,heap     ] GC(5) Eden regions: 8->0(5)
[2026-04-10T22:13:57.145-0700][0.312s][info][gc,heap     ] GC(5) Survivor regions: 2->2(2)
[2026-04-10T22:13:57.145-0700][0.312s][info][gc,heap     ] GC(5) Old regions: 53->61
[2026-04-10T22:13:57.145-0700][0.312s][info][gc,heap     ] GC(5) Humongous regions: 0->0
[2026-04-10T22:13:57.145-0700][0.312s][info][gc,metaspace] GC(5) Metaspace: 9811K(9984K)->9811K(9984K) NonClass: 8609K(8704K)->8609K(8704K) Class: 1202K(1280K)->1202K(1280K)
[2026-04-10T22:13:57.145-0700][0.312s][info][gc          ] GC(5) Pause Young (Normal) (G1 Evacuation Pause) 62M->62M(73M) 0.864ms
[2026-04-10T22:13:57.145-0700][0.312s][info][gc,cpu      ] GC(5) User=0.00s Sys=0.00s Real=0.00s
[2026-04-10T22:13:57.145-0700][0.312s][info][safepoint   ] Safepoint "G1CollectForAllocation", Time since last: 373375 ns, Reaching safepoint: 8666 ns, At safepoint: 886500 ns, Leaving safepoint: 7875 ns, Total: 903041 ns, Threads: 0 runnable, 10 total
[2026-04-10T22:13:57.145-0700][0.313s][info][gc,start    ] GC(6) Pause Young (Normal) (G1 Evacuation Pause)
[2026-04-10T22:13:57.145-0700][0.313s][info][gc,task     ] GC(6) Using 2 workers of 9 for evacuation
[2026-04-10T22:13:57.146-0700][0.313s][info][gc,phases   ] GC(6)   Pre Evacuate Collection Set: 0.01ms
[2026-04-10T22:13:57.146-0700][0.313s][info][gc,phases   ] GC(6)   Merge Heap Roots: 0.01ms
[2026-04-10T22:13:57.146-0700][0.313s][info][gc,phases   ] GC(6)   Evacuate Collection Set: 0.39ms
[2026-04-10T22:13:57.146-0700][0.313s][info][gc,phases   ] GC(6)   Post Evacuate Collection Set: 0.11ms
[2026-04-10T22:13:57.146-0700][0.313s][info][gc,phases   ] GC(6)   Other: 0.04ms
[2026-04-10T22:13:57.146-0700][0.313s][info][gc,heap     ] GC(6) Eden regions: 5->0(27)
[2026-04-10T22:13:57.146-0700][0.313s][info][gc,heap     ] GC(6) Survivor regions: 2->1(1)
[2026-04-10T22:13:57.146-0700][0.313s][info][gc,heap     ] GC(6) Old regions: 61->67
[2026-04-10T22:13:57.146-0700][0.313s][info][gc,heap     ] GC(6) Humongous regions: 0->0
[2026-04-10T22:13:57.146-0700][0.313s][info][gc,metaspace] GC(6) Metaspace: 9811K(9984K)->9811K(9984K) NonClass: 8609K(8704K)->8609K(8704K) Class: 1202K(1280K)->1202K(1280K)
[2026-04-10T22:13:57.146-0700][0.313s][info][gc          ] GC(6) Pause Young (Normal) (G1 Evacuation Pause) 67M->67M(148M) 0.652ms
[2026-04-10T22:13:57.146-0700][0.313s][info][gc,cpu      ] GC(6) User=0.00s Sys=0.00s Real=0.00s
[2026-04-10T22:13:57.146-0700][0.313s][info][safepoint   ] Safepoint "G1CollectForAllocation", Time since last: 247250 ns, Reaching safepoint: 12167 ns, At safepoint: 668958 ns, Leaving safepoint: 4042 ns, Total: 685167 ns, Threads: 0 runnable, 10 total
[2026-04-10T22:13:57.148-0700][0.315s][info][gc,marking  ] GC(3) Concurrent Mark From Roots 4.677ms
[2026-04-10T22:13:57.148-0700][0.315s][info][gc,marking  ] GC(3) Concurrent Preclean
[2026-04-10T22:13:57.148-0700][0.315s][info][gc,marking  ] GC(3) Concurrent Preclean 0.010ms
[2026-04-10T22:13:57.148-0700][0.315s][info][gc,start    ] GC(3) Pause Remark
[2026-04-10T22:13:57.149-0700][0.316s][info][gc          ] GC(3) Pause Remark 80M->80M(148M) 0.758ms
[2026-04-10T22:13:57.149-0700][0.316s][info][gc,cpu      ] GC(3) User=0.01s Sys=0.00s Real=0.00s
[2026-04-10T22:13:57.149-0700][0.316s][info][safepoint   ] Safepoint "G1PauseRemark", Time since last: 1761875 ns, Reaching safepoint: 19500 ns, At safepoint: 777792 ns, Leaving safepoint: 1083 ns, Total: 798375 ns, Threads: 1 runnable, 10 total
[2026-04-10T22:13:57.149-0700][0.316s][info][gc,marking  ] GC(3) Concurrent Mark 5.581ms
[2026-04-10T22:13:57.149-0700][0.316s][info][gc,marking  ] GC(3) Concurrent Rebuild Remembered Sets and Scrub Regions
[2026-04-10T22:13:57.150-0700][0.317s][info][gc,marking  ] GC(3) Concurrent Rebuild Remembered Sets and Scrub Regions 1.377ms
[2026-04-10T22:13:57.150-0700][0.317s][info][gc,start    ] GC(3) Pause Cleanup
[2026-04-10T22:13:57.150-0700][0.317s][info][gc          ] GC(3) Pause Cleanup 91M->91M(148M) 0.018ms
[2026-04-10T22:13:57.150-0700][0.317s][info][gc,cpu      ] GC(3) User=0.00s Sys=0.00s Real=0.00s
[2026-04-10T22:13:57.150-0700][0.317s][info][safepoint   ] Safepoint "G1PauseCleanup", Time since last: 1425500 ns, Reaching safepoint: 17500 ns, At safepoint: 34500 ns, Leaving safepoint: 1083 ns, Total: 53083 ns, Threads: 1 runnable, 10 total
[2026-04-10T22:13:57.150-0700][0.317s][info][gc,marking  ] GC(3) Concurrent Clear Claimed Marks
[2026-04-10T22:13:57.150-0700][0.317s][info][gc,marking  ] GC(3) Concurrent Clear Claimed Marks 0.010ms
[2026-04-10T22:13:57.150-0700][0.317s][info][gc,marking  ] GC(3) Concurrent Cleanup for Next Mark
[2026-04-10T22:13:57.150-0700][0.318s][info][gc,marking  ] GC(3) Concurrent Cleanup for Next Mark 0.162ms
[2026-04-10T22:13:57.150-0700][0.318s][info][gc          ] GC(3) Concurrent Mark Cycle 8.144ms
[2026-04-10T22:13:57.150-0700][0.318s][info][gc,start    ] GC(7) Pause Young (Prepare Mixed) (G1 Evacuation Pause)
[2026-04-10T22:13:57.151-0700][0.318s][info][gc,task     ] GC(7) Using 3 workers of 9 for evacuation
[2026-04-10T22:13:57.153-0700][0.320s][info][gc,phases   ] GC(7)   Pre Evacuate Collection Set: 0.02ms
[2026-04-10T22:13:57.153-0700][0.321s][info][gc,phases   ] GC(7)   Merge Heap Roots: 0.03ms
[2026-04-10T22:13:57.153-0700][0.321s][info][gc,phases   ] GC(7)   Evacuate Collection Set: 2.47ms
[2026-04-10T22:13:57.153-0700][0.321s][info][gc,phases   ] GC(7)   Post Evacuate Collection Set: 0.10ms
[2026-04-10T22:13:57.153-0700][0.321s][info][gc,phases   ] GC(7)   Other: 0.04ms
[2026-04-10T22:13:57.153-0700][0.321s][info][gc,heap     ] GC(7) Eden regions: 27->0(16)
[2026-04-10T22:13:57.153-0700][0.321s][info][gc,heap     ] GC(7) Survivor regions: 1->4(4)
[2026-04-10T22:13:57.153-0700][0.321s][info][gc,heap     ] GC(7) Old regions: 67->92
[2026-04-10T22:13:57.153-0700][0.321s][info][gc,heap     ] GC(7) Humongous regions: 0->0
[2026-04-10T22:13:57.153-0700][0.321s][info][gc,metaspace] GC(7) Metaspace: 9811K(9984K)->9811K(9984K) NonClass: 8609K(8704K)->8609K(8704K) Class: 1202K(1280K)->1202K(1280K)
[2026-04-10T22:13:57.153-0700][0.321s][info][gc          ] GC(7) Pause Young (Prepare Mixed) (G1 Evacuation Pause) 94M->95M(148M) 2.786ms
[2026-04-10T22:13:57.153-0700][0.321s][info][gc,cpu      ] GC(7) User=0.00s Sys=0.01s Real=0.00s
[2026-04-10T22:13:57.153-0700][0.321s][info][safepoint   ] Safepoint "G1CollectForAllocation", Time since last: 427875 ns, Reaching safepoint: 459 ns, At safepoint: 2809500 ns, Leaving safepoint: 2291 ns, Total: 2812250 ns, Threads: 0 runnable, 10 total
[2026-04-10T22:13:57.154-0700][0.322s][info][gc,start    ] GC(8) Pause Young (Mixed) (G1 Evacuation Pause)
[2026-04-10T22:13:57.154-0700][0.322s][info][gc,task     ] GC(8) Using 3 workers of 9 for evacuation
[2026-04-10T22:13:57.157-0700][0.324s][info][gc,phases   ] GC(8)   Pre Evacuate Collection Set: 0.03ms
[2026-04-10T22:13:57.157-0700][0.324s][info][gc,phases   ] GC(8)   Merge Heap Roots: 0.02ms
[2026-04-10T22:13:57.157-0700][0.324s][info][gc,phases   ] GC(8)   Evacuate Collection Set: 2.22ms
[2026-04-10T22:13:57.157-0700][0.324s][info][gc,phases   ] GC(8)   Post Evacuate Collection Set: 0.08ms
[2026-04-10T22:13:57.157-0700][0.324s][info][gc,phases   ] GC(8)   Other: 0.03ms
[2026-04-10T22:13:57.157-0700][0.324s][info][gc,heap     ] GC(8) Eden regions: 16->0(13)
[2026-04-10T22:13:57.157-0700][0.324s][info][gc,heap     ] GC(8) Survivor regions: 4->3(3)
[2026-04-10T22:13:57.157-0700][0.324s][info][gc,heap     ] GC(8) Old regions: 92->109
[2026-04-10T22:13:57.157-0700][0.324s][info][gc,heap     ] GC(8) Humongous regions: 0->0
[2026-04-10T22:13:57.157-0700][0.324s][info][gc,metaspace] GC(8) Metaspace: 9811K(9984K)->9811K(9984K) NonClass: 8609K(8704K)->8609K(8704K) Class: 1202K(1280K)->1202K(1280K)
[2026-04-10T22:13:57.157-0700][0.324s][info][gc          ] GC(8) Pause Young (Mixed) (G1 Evacuation Pause) 111M->111M(148M) 2.500ms
[2026-04-10T22:13:57.157-0700][0.324s][info][gc,cpu      ] GC(8) User=0.00s Sys=0.00s Real=0.00s
[2026-04-10T22:13:57.157-0700][0.324s][info][safepoint   ] Safepoint "G1CollectForAllocation", Time since last: 1077542 ns, Reaching safepoint: 1792 ns, At safepoint: 2522958 ns, Leaving safepoint: 5500 ns, Total: 2530250 ns, Threads: 0 runnable, 10 total
[2026-04-10T22:13:57.171-0700][0.339s][info][gc,start    ] GC(9) Pause Young (Concurrent Start) (G1 Evacuation Pause)
[2026-04-10T22:13:57.171-0700][0.339s][info][gc,task     ] GC(9) Using 3 workers of 9 for evacuation
[2026-04-10T22:13:57.173-0700][0.340s][info][gc,phases   ] GC(9)   Pre Evacuate Collection Set: 0.10ms
[2026-04-10T22:13:57.173-0700][0.340s][info][gc,phases   ] GC(9)   Merge Heap Roots: 0.03ms
[2026-04-10T22:13:57.173-0700][0.340s][info][gc,phases   ] GC(9)   Evacuate Collection Set: 1.27ms
[2026-04-10T22:13:57.173-0700][0.340s][info][gc,phases   ] GC(9)   Post Evacuate Collection Set: 0.11ms
[2026-04-10T22:13:57.173-0700][0.340s][info][gc,phases   ] GC(9)   Other: 0.04ms
[2026-04-10T22:13:57.173-0700][0.340s][info][gc,heap     ] GC(9) Eden regions: 13->0(11)
[2026-04-10T22:13:57.173-0700][0.340s][info][gc,heap     ] GC(9) Survivor regions: 3->2(2)
[2026-04-10T22:13:57.173-0700][0.340s][info][gc,heap     ] GC(9) Old regions: 109->123
[2026-04-10T22:13:57.173-0700][0.340s][info][gc,heap     ] GC(9) Humongous regions: 0->0
[2026-04-10T22:13:57.173-0700][0.340s][info][gc,metaspace] GC(9) Metaspace: 9811K(9984K)->9811K(9984K) NonClass: 8609K(8704K)->8609K(8704K) Class: 1202K(1280K)->1202K(1280K)
[2026-04-10T22:13:57.173-0700][0.340s][info][gc          ] GC(9) Pause Young (Concurrent Start) (G1 Evacuation Pause) 124M->125M(148M) 1.669ms
[2026-04-10T22:13:57.173-0700][0.340s][info][gc,cpu      ] GC(9) User=0.00s Sys=0.01s Real=0.00s
[2026-04-10T22:13:57.173-0700][0.340s][info][safepoint   ] Safepoint "G1CollectForAllocation", Time since last: 14320375 ns, Reaching safepoint: 1792 ns, At safepoint: 1703416 ns, Leaving safepoint: 1667 ns, Total: 1706875 ns, Threads: 0 runnable, 10 total
[2026-04-10T22:13:57.173-0700][0.340s][info][gc          ] GC(10) Concurrent Mark Cycle
[2026-04-10T22:13:57.173-0700][0.340s][info][gc,marking  ] GC(10) Concurrent Scan Root Regions
[2026-04-10T22:13:57.174-0700][0.341s][info][gc,start    ] GC(11) Pause Young (Normal) (G1 Evacuation Pause)
[2026-04-10T22:13:57.174-0700][0.341s][info][gc,task     ] GC(11) Using 3 workers of 9 for evacuation
[2026-04-10T22:13:57.176-0700][0.344s][info][gc,marking  ] GC(10) Concurrent Scan Root Regions 3.310ms
[2026-04-10T22:13:57.176-0700][0.344s][info][gc,marking  ] GC(10) Concurrent Mark
[2026-04-10T22:13:57.176-0700][0.344s][info][gc,marking  ] GC(10) Concurrent Mark From Roots
[2026-04-10T22:13:57.176-0700][0.344s][info][gc,task     ] GC(10) Using 2 workers of 2 for marking
[2026-04-10T22:13:57.177-0700][0.344s][info][gc,phases   ] GC(11)   Pre Evacuate Collection Set: 0.03ms
[2026-04-10T22:13:57.177-0700][0.344s][info][gc,phases   ] GC(11)   Merge Heap Roots: 0.01ms
[2026-04-10T22:13:57.177-0700][0.344s][info][gc,phases   ] GC(11)   Evacuate Collection Set: 0.60ms
[2026-04-10T22:13:57.177-0700][0.344s][info][gc,phases   ] GC(11)   Post Evacuate Collection Set: 0.10ms
[2026-04-10T22:13:57.177-0700][0.344s][info][gc,phases   ] GC(11)   Other: 2.71ms
[2026-04-10T22:13:57.177-0700][0.344s][info][gc,heap     ] GC(11) Eden regions: 11->0(7)
[2026-04-10T22:13:57.177-0700][0.344s][info][gc,heap     ] GC(11) Survivor regions: 2->2(2)
[2026-04-10T22:13:57.177-0700][0.344s][info][gc,heap     ] GC(11) Old regions: 123->135
[2026-04-10T22:13:57.177-0700][0.344s][info][gc,heap     ] GC(11) Humongous regions: 0->0
[2026-04-10T22:13:57.177-0700][0.344s][info][gc,metaspace] GC(11) Metaspace: 9811K(9984K)->9811K(9984K) NonClass: 8609K(8704K)->8609K(8704K) Class: 1202K(1280K)->1202K(1280K)
[2026-04-10T22:13:57.177-0700][0.344s][info][gc          ] GC(11) Pause Young (Normal) (G1 Evacuation Pause) 136M->136M(150M) 3.577ms
[2026-04-10T22:13:57.177-0700][0.344s][info][gc,cpu      ] GC(11) User=0.01s Sys=0.00s Real=0.00s
[2026-04-10T22:13:57.177-0700][0.345s][info][safepoint   ] Safepoint "G1CollectForAllocation", Time since last: 635417 ns, Reaching safepoint: 1833 ns, At safepoint: 3600417 ns, Leaving safepoint: 2625 ns, Total: 3604875 ns, Threads: 0 runnable, 10 total
[2026-04-10T22:13:57.178-0700][0.345s][info][gc,start    ] GC(12) Pause Young (Normal) (G1 Evacuation Pause)
[2026-04-10T22:13:57.178-0700][0.345s][info][gc,task     ] GC(12) Using 3 workers of 9 for evacuation
[2026-04-10T22:13:57.178-0700][0.346s][info][gc,phases   ] GC(12)   Pre Evacuate Collection Set: 0.02ms
[2026-04-10T22:13:57.178-0700][0.346s][info][gc,phases   ] GC(12)   Merge Heap Roots: 0.01ms
[2026-04-10T22:13:57.178-0700][0.346s][info][gc,phases   ] GC(12)   Evacuate Collection Set: 0.52ms
[2026-04-10T22:13:57.178-0700][0.346s][info][gc,phases   ] GC(12)   Post Evacuate Collection Set: 0.16ms
[2026-04-10T22:13:57.178-0700][0.346s][info][gc,phases   ] GC(12)   Other: 0.03ms
[2026-04-10T22:13:57.178-0700][0.346s][info][gc,heap     ] GC(12) Eden regions: 7->0(15)
[2026-04-10T22:13:57.178-0700][0.346s][info][gc,heap     ] GC(12) Survivor regions: 2->2(2)
[2026-04-10T22:13:57.178-0700][0.346s][info][gc,heap     ] GC(12) Old regions: 135->143
[2026-04-10T22:13:57.178-0700][0.346s][info][gc,heap     ] GC(12) Humongous regions: 0->0
[2026-04-10T22:13:57.178-0700][0.346s][info][gc,metaspace] GC(12) Metaspace: 9811K(9984K)->9811K(9984K) NonClass: 8609K(8704K)->8609K(8704K) Class: 1202K(1280K)->1202K(1280K)
[2026-04-10T22:13:57.178-0700][0.346s][info][gc          ] GC(12) Pause Young (Normal) (G1 Evacuation Pause) 143M->144M(195M) 0.838ms
[2026-04-10T22:13:57.178-0700][0.346s][info][gc,cpu      ] GC(12) User=0.00s Sys=0.00s Real=0.00s
[2026-04-10T22:13:57.178-0700][0.346s][info][safepoint   ] Safepoint "G1CollectForAllocation", Time since last: 328166 ns, Reaching safepoint: 20334 ns, At safepoint: 857458 ns, Leaving safepoint: 5625 ns, Total: 883417 ns, Threads: 0 runnable, 10 total
[2026-04-10T22:13:57.180-0700][0.348s][info][gc,start    ] GC(13) Pause Young (Normal) (G1 Evacuation Pause)
[2026-04-10T22:13:57.180-0700][0.348s][info][gc,task     ] GC(13) Using 4 workers of 9 for evacuation
[2026-04-10T22:13:57.182-0700][0.350s][info][gc,phases   ] GC(13)   Pre Evacuate Collection Set: 0.05ms
[2026-04-10T22:13:57.182-0700][0.350s][info][gc,phases   ] GC(13)   Merge Heap Roots: 0.02ms
[2026-04-10T22:13:57.182-0700][0.350s][info][gc,phases   ] GC(13)   Evacuate Collection Set: 1.59ms
[2026-04-10T22:13:57.182-0700][0.350s][info][gc,phases   ] GC(13)   Post Evacuate Collection Set: 0.11ms
[2026-04-10T22:13:57.182-0700][0.350s][info][gc,phases   ] GC(13)   Other: 0.03ms
[2026-04-10T22:13:57.182-0700][0.350s][info][gc,heap     ] GC(13) Eden regions: 15->0(11)
[2026-04-10T22:13:57.182-0700][0.350s][info][gc,heap     ] GC(13) Survivor regions: 2->3(3)
[2026-04-10T22:13:57.182-0700][0.350s][info][gc,heap     ] GC(13) Old regions: 143->158
[2026-04-10T22:13:57.182-0700][0.350s][info][gc,heap     ] GC(13) Humongous regions: 0->0
[2026-04-10T22:13:57.182-0700][0.350s][info][gc,metaspace] GC(13) Metaspace: 9811K(9984K)->9811K(9984K) NonClass: 8609K(8704K)->8609K(8704K) Class: 1202K(1280K)->1202K(1280K)
[2026-04-10T22:13:57.182-0700][0.350s][info][gc          ] GC(13) Pause Young (Normal) (G1 Evacuation Pause) 159M->160M(195M) 1.932ms
[2026-04-10T22:13:57.182-0700][0.350s][info][gc,cpu      ] GC(13) User=0.00s Sys=0.00s Real=0.00s
[2026-04-10T22:13:57.182-0700][0.350s][info][safepoint   ] Safepoint "G1CollectForAllocation", Time since last: 1973167 ns, Reaching safepoint: 28791 ns, At safepoint: 1955625 ns, Leaving safepoint: 5709 ns, Total: 1990125 ns, Threads: 0 runnable, 10 total
[2026-04-10T22:13:57.183-0700][0.350s][info][gc,marking  ] GC(10) Concurrent Mark From Roots 6.685ms
[2026-04-10T22:13:57.183-0700][0.350s][info][gc,marking  ] GC(10) Concurrent Preclean
[2026-04-10T22:13:57.183-0700][0.350s][info][gc,marking  ] GC(10) Concurrent Preclean 0.008ms
[2026-04-10T22:13:57.183-0700][0.350s][info][gc,start    ] GC(10) Pause Remark
[2026-04-10T22:13:57.184-0700][0.351s][info][gc          ] GC(10) Pause Remark 168M->122M(195M) 0.697ms
[2026-04-10T22:13:57.184-0700][0.351s][info][gc,cpu      ] GC(10) User=0.00s Sys=0.00s Real=0.00s
[2026-04-10T22:13:57.184-0700][0.351s][info][safepoint   ] Safepoint "G1PauseRemark", Time since last: 675916 ns, Reaching safepoint: 108167 ns, At safepoint: 721292 ns, Leaving safepoint: 1750 ns, Total: 831209 ns, Threads: 1 runnable, 10 total
[2026-04-10T22:13:57.184-0700][0.351s][info][gc,marking  ] GC(10) Concurrent Mark 7.618ms
[2026-04-10T22:13:57.184-0700][0.351s][info][gc,marking  ] GC(10) Concurrent Rebuild Remembered Sets and Scrub Regions
[2026-04-10T22:13:57.186-0700][0.353s][info][gc,marking  ] GC(10) Concurrent Rebuild Remembered Sets and Scrub Regions 2.098ms
[2026-04-10T22:13:57.186-0700][0.353s][info][gc,start    ] GC(10) Pause Cleanup
[2026-04-10T22:13:57.186-0700][0.353s][info][gc          ] GC(10) Pause Cleanup 122M->122M(195M) 0.014ms
[2026-04-10T22:13:57.186-0700][0.353s][info][gc,cpu      ] GC(10) User=0.00s Sys=0.00s Real=0.00s
[2026-04-10T22:13:57.186-0700][0.353s][info][safepoint   ] Safepoint "G1PauseCleanup", Time since last: 2170875 ns, Reaching safepoint: 17041 ns, At safepoint: 30000 ns, Leaving safepoint: 875 ns, Total: 47916 ns, Threads: 1 runnable, 10 total
[2026-04-10T22:13:57.186-0700][0.353s][info][gc,marking  ] GC(10) Concurrent Clear Claimed Marks
[2026-04-10T22:13:57.186-0700][0.353s][info][gc,marking  ] GC(10) Concurrent Clear Claimed Marks 0.011ms
[2026-04-10T22:13:57.186-0700][0.353s][info][gc,marking  ] GC(10) Concurrent Cleanup for Next Mark
[2026-04-10T22:13:57.186-0700][0.354s][info][gc,marking  ] GC(10) Concurrent Cleanup for Next Mark 0.204ms
[2026-04-10T22:13:57.186-0700][0.354s][info][gc          ] GC(10) Concurrent Mark Cycle 13.412ms
[2026-04-10T22:13:57.198-0700][0.366s][info][gc,start    ] GC(14) Pause Young (Prepare Mixed) (G1 Evacuation Pause)
[2026-04-10T22:13:57.198-0700][0.366s][info][gc,task     ] GC(14) Using 4 workers of 9 for evacuation
[2026-04-10T22:13:57.199-0700][0.367s][info][gc,phases   ] GC(14)   Pre Evacuate Collection Set: 0.04ms
[2026-04-10T22:13:57.199-0700][0.367s][info][gc,phases   ] GC(14)   Merge Heap Roots: 0.02ms
[2026-04-10T22:13:57.199-0700][0.367s][info][gc,phases   ] GC(14)   Evacuate Collection Set: 0.57ms
[2026-04-10T22:13:57.199-0700][0.367s][info][gc,phases   ] GC(14)   Post Evacuate Collection Set: 0.11ms
[2026-04-10T22:13:57.199-0700][0.367s][info][gc,phases   ] GC(14)   Other: 0.05ms
[2026-04-10T22:13:57.199-0700][0.367s][info][gc,heap     ] GC(14) Eden regions: 11->0(21)
[2026-04-10T22:13:57.199-0700][0.367s][info][gc,heap     ] GC(14) Survivor regions: 3->2(2)
[2026-04-10T22:13:57.199-0700][0.367s][info][gc,heap     ] GC(14) Old regions: 112->125
[2026-04-10T22:13:57.199-0700][0.367s][info][gc,heap     ] GC(14) Humongous regions: 0->0
[2026-04-10T22:13:57.199-0700][0.367s][info][gc,metaspace] GC(14) Metaspace: 9811K(9984K)->9811K(9984K) NonClass: 8609K(8704K)->8609K(8704K) Class: 1202K(1280K)->1202K(1280K)
[2026-04-10T22:13:57.199-0700][0.367s][info][gc          ] GC(14) Pause Young (Prepare Mixed) (G1 Evacuation Pause) 125M->126M(195M) 0.894ms
[2026-04-10T22:13:57.199-0700][0.367s][info][gc,cpu      ] GC(14) User=0.00s Sys=0.00s Real=0.00s
[2026-04-10T22:13:57.199-0700][0.367s][info][safepoint   ] Safepoint "G1CollectForAllocation", Time since last: 12331917 ns, Reaching safepoint: 1542 ns, At safepoint: 915750 ns, Leaving safepoint: 2000 ns, Total: 919292 ns, Threads: 0 runnable, 10 total
[2026-04-10T22:13:57.201-0700][0.368s][info][gc,start    ] GC(15) Pause Young (Mixed) (G1 Evacuation Pause)
[2026-04-10T22:13:57.201-0700][0.368s][info][gc,task     ] GC(15) Using 4 workers of 9 for evacuation
[2026-04-10T22:13:57.203-0700][0.370s][info][gc,phases   ] GC(15)   Pre Evacuate Collection Set: 0.04ms
[2026-04-10T22:13:57.203-0700][0.370s][info][gc,phases   ] GC(15)   Merge Heap Roots: 0.02ms
[2026-04-10T22:13:57.203-0700][0.370s][info][gc,phases   ] GC(15)   Evacuate Collection Set: 1.24ms
[2026-04-10T22:13:57.203-0700][0.370s][info][gc,phases   ] GC(15)   Post Evacuate Collection Set: 0.14ms
[2026-04-10T22:13:57.203-0700][0.370s][info][gc,phases   ] GC(15)   Other: 0.04ms
[2026-04-10T22:13:57.203-0700][0.370s][info][gc,heap     ] GC(15) Eden regions: 21->0(15)
[2026-04-10T22:13:57.203-0700][0.370s][info][gc,heap     ] GC(15) Survivor regions: 2->3(3)
[2026-04-10T22:13:57.203-0700][0.370s][info][gc,heap     ] GC(15) Old regions: 125->144
[2026-04-10T22:13:57.203-0700][0.370s][info][gc,heap     ] GC(15) Humongous regions: 0->0
[2026-04-10T22:13:57.203-0700][0.370s][info][gc,metaspace] GC(15) Metaspace: 9811K(9984K)->9811K(9984K) NonClass: 8609K(8704K)->8609K(8704K) Class: 1202K(1280K)->1202K(1280K)
[2026-04-10T22:13:57.203-0700][0.370s][info][gc          ] GC(15) Pause Young (Mixed) (G1 Evacuation Pause) 147M->146M(195M) 1.629ms
[2026-04-10T22:13:57.203-0700][0.370s][info][gc,cpu      ] GC(15) User=0.00s Sys=0.00s Real=0.00s
[2026-04-10T22:13:57.203-0700][0.370s][info][safepoint   ] Safepoint "G1CollectForAllocation", Time since last: 1688125 ns, Reaching safepoint: 2625 ns, At safepoint: 1659916 ns, Leaving safepoint: 4125 ns, Total: 1666666 ns, Threads: 0 runnable, 10 total
[2026-04-10T22:13:57.204-0700][0.371s][info][gc,start    ] GC(16) Pause Young (Concurrent Start) (G1 Evacuation Pause)
[2026-04-10T22:13:57.204-0700][0.371s][info][gc,task     ] GC(16) Using 4 workers of 9 for evacuation
[2026-04-10T22:13:57.205-0700][0.372s][info][gc,phases   ] GC(16)   Pre Evacuate Collection Set: 0.05ms
[2026-04-10T22:13:57.205-0700][0.372s][info][gc,phases   ] GC(16)   Merge Heap Roots: 0.01ms
[2026-04-10T22:13:57.205-0700][0.372s][info][gc,phases   ] GC(16)   Evacuate Collection Set: 0.75ms
[2026-04-10T22:13:57.205-0700][0.372s][info][gc,phases   ] GC(16)   Post Evacuate Collection Set: 0.11ms
[2026-04-10T22:13:57.205-0700][0.372s][info][gc,phases   ] GC(16)   Other: 0.04ms
[2026-04-10T22:13:57.205-0700][0.372s][info][gc,heap     ] GC(16) Eden regions: 15->0(13)
[2026-04-10T22:13:57.205-0700][0.372s][info][gc,heap     ] GC(16) Survivor regions: 3->3(3)
[2026-04-10T22:13:57.205-0700][0.372s][info][gc,heap     ] GC(16) Old regions: 144->160
[2026-04-10T22:13:57.205-0700][0.372s][info][gc,heap     ] GC(16) Humongous regions: 0->0
[2026-04-10T22:13:57.205-0700][0.372s][info][gc,metaspace] GC(16) Metaspace: 9811K(9984K)->9811K(9984K) NonClass: 8609K(8704K)->8609K(8704K) Class: 1202K(1280K)->1202K(1280K)
[2026-04-10T22:13:57.205-0700][0.372s][info][gc          ] GC(16) Pause Young (Concurrent Start) (G1 Evacuation Pause) 161M->162M(195M) 1.088ms
[2026-04-10T22:13:57.205-0700][0.372s][info][gc,cpu      ] GC(16) User=0.01s Sys=0.00s Real=0.00s
[2026-04-10T22:13:57.205-0700][0.372s][info][safepoint   ] Safepoint "G1CollectForAllocation", Time since last: 844292 ns, Reaching safepoint: 1500 ns, At safepoint: 1124333 ns, Leaving safepoint: 3209 ns, Total: 1129042 ns, Threads: 0 runnable, 10 total
[2026-04-10T22:13:57.205-0700][0.372s][info][gc          ] GC(17) Concurrent Mark Cycle
[2026-04-10T22:13:57.205-0700][0.372s][info][gc,marking  ] GC(17) Concurrent Scan Root Regions
[2026-04-10T22:13:57.205-0700][0.372s][info][gc,marking  ] GC(17) Concurrent Scan Root Regions 0.134ms
[2026-04-10T22:13:57.205-0700][0.372s][info][gc,marking  ] GC(17) Concurrent Mark
[2026-04-10T22:13:57.205-0700][0.372s][info][gc,marking  ] GC(17) Concurrent Mark From Roots
[2026-04-10T22:13:57.205-0700][0.372s][info][gc,task     ] GC(17) Using 2 workers of 2 for marking
[2026-04-10T22:13:57.208-0700][0.375s][info][gc,marking  ] GC(17) Concurrent Mark From Roots 2.763ms
[2026-04-10T22:13:57.208-0700][0.375s][info][gc,marking  ] GC(17) Concurrent Preclean
[2026-04-10T22:13:57.208-0700][0.375s][info][gc,marking  ] GC(17) Concurrent Preclean 0.007ms
[2026-04-10T22:13:57.208-0700][0.375s][info][gc,start    ] GC(17) Pause Remark
[2026-04-10T22:13:57.208-0700][0.376s][info][gc          ] GC(17) Pause Remark 172M->125M(195M) 0.565ms
[2026-04-10T22:13:57.208-0700][0.376s][info][gc,cpu      ] GC(17) User=0.00s Sys=0.00s Real=0.00s
[2026-04-10T22:13:57.208-0700][0.376s][info][safepoint   ] Safepoint "G1PauseRemark", Time since last: 3008458 ns, Reaching safepoint: 40708 ns, At safepoint: 596375 ns, Leaving safepoint: 2792 ns, Total: 639875 ns, Threads: 1 runnable, 10 total
[2026-04-10T22:13:57.208-0700][0.376s][info][gc,marking  ] GC(17) Concurrent Mark 3.487ms
[2026-04-10T22:13:57.208-0700][0.376s][info][gc,marking  ] GC(17) Concurrent Rebuild Remembered Sets and Scrub Regions
[2026-04-10T22:13:57.210-0700][0.377s][info][gc,marking  ] GC(17) Concurrent Rebuild Remembered Sets and Scrub Regions 1.163ms
[2026-04-10T22:13:57.210-0700][0.377s][info][gc,start    ] GC(17) Pause Cleanup
[2026-04-10T22:13:57.210-0700][0.377s][info][gc          ] GC(17) Pause Cleanup 125M->125M(195M) 0.016ms
[2026-04-10T22:13:57.210-0700][0.377s][info][gc,cpu      ] GC(17) User=0.00s Sys=0.00s Real=0.00s
[2026-04-10T22:13:57.210-0700][0.377s][info][safepoint   ] Safepoint "G1PauseCleanup", Time since last: 1225667 ns, Reaching safepoint: 16083 ns, At safepoint: 32875 ns, Leaving safepoint: 917 ns, Total: 49875 ns, Threads: 1 runnable, 10 total
[2026-04-10T22:13:57.210-0700][0.377s][info][gc,marking  ] GC(17) Concurrent Clear Claimed Marks
[2026-04-10T22:13:57.210-0700][0.377s][info][gc,marking  ] GC(17) Concurrent Clear Claimed Marks 0.015ms
[2026-04-10T22:13:57.210-0700][0.377s][info][gc,marking  ] GC(17) Concurrent Cleanup for Next Mark
[2026-04-10T22:13:57.210-0700][0.377s][info][gc,marking  ] GC(17) Concurrent Cleanup for Next Mark 0.110ms
[2026-04-10T22:13:57.210-0700][0.377s][info][gc          ] GC(17) Concurrent Mark Cycle 5.061ms
[2026-04-10T22:13:57.223-0700][0.390s][info][gc,start    ] GC(18) Pause Young (Prepare Mixed) (G1 Evacuation Pause)
[2026-04-10T22:13:57.223-0700][0.390s][info][gc,task     ] GC(18) Using 4 workers of 9 for evacuation
[2026-04-10T22:13:57.224-0700][0.391s][info][gc,phases   ] GC(18)   Pre Evacuate Collection Set: 0.05ms
[2026-04-10T22:13:57.224-0700][0.391s][info][gc,phases   ] GC(18)   Merge Heap Roots: 0.03ms
[2026-04-10T22:13:57.224-0700][0.391s][info][gc,phases   ] GC(18)   Evacuate Collection Set: 0.65ms
[2026-04-10T22:13:57.224-0700][0.391s][info][gc,phases   ] GC(18)   Post Evacuate Collection Set: 0.11ms
[2026-04-10T22:13:57.224-0700][0.391s][info][gc,phases   ] GC(18)   Other: 0.04ms
[2026-04-10T22:13:57.224-0700][0.391s][info][gc,heap     ] GC(18) Eden regions: 13->0(20)
[2026-04-10T22:13:57.224-0700][0.391s][info][gc,heap     ] GC(18) Survivor regions: 3->2(2)
[2026-04-10T22:13:57.224-0700][0.391s][info][gc,heap     ] GC(18) Old regions: 113->127
[2026-04-10T22:13:57.224-0700][0.391s][info][gc,heap     ] GC(18) Humongous regions: 0->0
[2026-04-10T22:13:57.224-0700][0.391s][info][gc,metaspace] GC(18) Metaspace: 9812K(9984K)->9812K(9984K) NonClass: 8610K(8704K)->8610K(8704K) Class: 1202K(1280K)->1202K(1280K)
[2026-04-10T22:13:57.224-0700][0.391s][info][gc          ] GC(18) Pause Young (Prepare Mixed) (G1 Evacuation Pause) 128M->129M(195M) 1.019ms
[2026-04-10T22:13:57.224-0700][0.391s][info][gc,cpu      ] GC(18) User=0.01s Sys=0.00s Real=0.00s
[2026-04-10T22:13:57.224-0700][0.391s][info][safepoint   ] Safepoint "G1CollectForAllocation", Time since last: 13050416 ns, Reaching safepoint: 709 ns, At safepoint: 1037375 ns, Leaving safepoint: 5958 ns, Total: 1044042 ns, Threads: 0 runnable, 10 total
[2026-04-10T22:13:57.224-0700][0.392s][info][gc,start    ] GC(19) Pause Young (Mixed) (G1 Evacuation Pause)
[2026-04-10T22:13:57.224-0700][0.392s][info][gc,task     ] GC(19) Using 4 workers of 9 for evacuation
[2026-04-10T22:13:57.226-0700][0.393s][info][gc,phases   ] GC(19)   Pre Evacuate Collection Set: 0.04ms
[2026-04-10T22:13:57.226-0700][0.393s][info][gc,phases   ] GC(19)   Merge Heap Roots: 0.02ms
[2026-04-10T22:13:57.226-0700][0.393s][info][gc,phases   ] GC(19)   Evacuate Collection Set: 0.93ms
[2026-04-10T22:13:57.226-0700][0.393s][info][gc,phases   ] GC(19)   Post Evacuate Collection Set: 0.10ms
[2026-04-10T22:13:57.226-0700][0.393s][info][gc,phases   ] GC(19)   Other: 0.03ms
[2026-04-10T22:13:57.226-0700][0.393s][info][gc,heap     ] GC(19) Eden regions: 20->0(17)
[2026-04-10T22:13:57.226-0700][0.393s][info][gc,heap     ] GC(19) Survivor regions: 2->3(3)
[2026-04-10T22:13:57.226-0700][0.393s][info][gc,heap     ] GC(19) Old regions: 127->144
[2026-04-10T22:13:57.226-0700][0.393s][info][gc,heap     ] GC(19) Humongous regions: 0->0
[2026-04-10T22:13:57.226-0700][0.393s][info][gc,metaspace] GC(19) Metaspace: 9812K(9984K)->9812K(9984K) NonClass: 8610K(8704K)->8610K(8704K) Class: 1202K(1280K)->1202K(1280K)
[2026-04-10T22:13:57.226-0700][0.393s][info][gc          ] GC(19) Pause Young (Mixed) (G1 Evacuation Pause) 149M->147M(195M) 1.224ms
[2026-04-10T22:13:57.226-0700][0.393s][info][gc,cpu      ] GC(19) User=0.00s Sys=0.00s Real=0.00s
[2026-04-10T22:13:57.226-0700][0.393s][info][safepoint   ] Safepoint "G1CollectForAllocation", Time since last: 694375 ns, Reaching safepoint: 1292 ns, At safepoint: 1243166 ns, Leaving safepoint: 1750 ns, Total: 1246208 ns, Threads: 0 runnable, 10 total
[2026-04-10T22:13:57.226-0700][0.394s][info][gc,start    ] GC(20) Pause Young (Concurrent Start) (G1 Evacuation Pause)
[2026-04-10T22:13:57.226-0700][0.394s][info][gc,task     ] GC(20) Using 4 workers of 9 for evacuation
[2026-04-10T22:13:57.228-0700][0.395s][info][gc,phases   ] GC(20)   Pre Evacuate Collection Set: 0.04ms
[2026-04-10T22:13:57.228-0700][0.395s][info][gc,phases   ] GC(20)   Merge Heap Roots: 0.02ms
[2026-04-10T22:13:57.228-0700][0.395s][info][gc,phases   ] GC(20)   Evacuate Collection Set: 1.14ms
[2026-04-10T22:13:57.228-0700][0.395s][info][gc,phases   ] GC(20)   Post Evacuate Collection Set: 0.09ms
[2026-04-10T22:13:57.228-0700][0.395s][info][gc,phases   ] GC(20)   Other: 0.04ms
[2026-04-10T22:13:57.228-0700][0.395s][info][gc,heap     ] GC(20) Eden regions: 17->0(19)
[2026-04-10T22:13:57.228-0700][0.395s][info][gc,heap     ] GC(20) Survivor regions: 3->3(3)
[2026-04-10T22:13:57.228-0700][0.395s][info][gc,heap     ] GC(20) Old regions: 144->162
[2026-04-10T22:13:57.228-0700][0.395s][info][gc,heap     ] GC(20) Humongous regions: 0->0
[2026-04-10T22:13:57.228-0700][0.395s][info][gc,metaspace] GC(20) Metaspace: 9812K(9984K)->9812K(9984K) NonClass: 8610K(8704K)->8610K(8704K) Class: 1202K(1280K)->1202K(1280K)
[2026-04-10T22:13:57.228-0700][0.395s][info][gc          ] GC(20) Pause Young (Concurrent Start) (G1 Evacuation Pause) 164M->165M(195M) 1.438ms
[2026-04-10T22:13:57.228-0700][0.395s][info][gc,cpu      ] GC(20) User=0.00s Sys=0.00s Real=0.00s
[2026-04-10T22:13:57.228-0700][0.395s][info][gc          ] GC(21) Concurrent Mark Cycle
[2026-04-10T22:13:57.228-0700][0.395s][info][safepoint   ] Safepoint "G1CollectForAllocation", Time since last: 571667 ns, Reaching safepoint: 1292 ns, At safepoint: 1459625 ns, Leaving safepoint: 3291 ns, Total: 1464208 ns, Threads: 0 runnable, 10 total
[2026-04-10T22:13:57.228-0700][0.395s][info][gc,marking  ] GC(21) Concurrent Scan Root Regions
[2026-04-10T22:13:57.228-0700][0.395s][info][gc,marking  ] GC(21) Concurrent Scan Root Regions 0.388ms
[2026-04-10T22:13:57.228-0700][0.395s][info][gc,marking  ] GC(21) Concurrent Mark
[2026-04-10T22:13:57.228-0700][0.395s][info][gc,marking  ] GC(21) Concurrent Mark From Roots
[2026-04-10T22:13:57.228-0700][0.395s][info][gc,task     ] GC(21) Using 2 workers of 2 for marking
[2026-04-10T22:13:57.231-0700][0.398s][info][gc,marking  ] GC(21) Concurrent Mark From Roots 2.701ms
[2026-04-10T22:13:57.231-0700][0.398s][info][gc,marking  ] GC(21) Concurrent Preclean
[2026-04-10T22:13:57.231-0700][0.398s][info][gc,marking  ] GC(21) Concurrent Preclean 0.007ms
[2026-04-10T22:13:57.231-0700][0.398s][info][gc,start    ] GC(21) Pause Remark
[2026-04-10T22:13:57.231-0700][0.399s][info][gc          ] GC(21) Pause Remark 175M->125M(195M) 0.487ms
[2026-04-10T22:13:57.231-0700][0.399s][info][gc,cpu      ] GC(21) User=0.00s Sys=0.00s Real=0.00s
[2026-04-10T22:13:57.231-0700][0.399s][info][safepoint   ] Safepoint "G1PauseRemark", Time since last: 3166875 ns, Reaching safepoint: 64792 ns, At safepoint: 511708 ns, Leaving safepoint: 1584 ns, Total: 578084 ns, Threads: 1 runnable, 10 total
[2026-04-10T22:13:57.231-0700][0.399s][info][gc,marking  ] GC(21) Concurrent Mark 3.362ms
[2026-04-10T22:13:57.231-0700][0.399s][info][gc,marking  ] GC(21) Concurrent Rebuild Remembered Sets and Scrub Regions
[2026-04-10T22:13:57.233-0700][0.400s][info][gc,marking  ] GC(21) Concurrent Rebuild Remembered Sets and Scrub Regions 1.176ms
[2026-04-10T22:13:57.233-0700][0.400s][info][gc,start    ] GC(21) Pause Cleanup
[2026-04-10T22:13:57.233-0700][0.400s][info][gc          ] GC(21) Pause Cleanup 125M->125M(195M) 0.027ms
[2026-04-10T22:13:57.233-0700][0.400s][info][gc,cpu      ] GC(21) User=0.00s Sys=0.00s Real=0.00s
[2026-04-10T22:13:57.233-0700][0.400s][info][safepoint   ] Safepoint "G1PauseCleanup", Time since last: 1244833 ns, Reaching safepoint: 34583 ns, At safepoint: 46209 ns, Leaving safepoint: 1750 ns, Total: 82542 ns, Threads: 1 runnable, 10 total
[2026-04-10T22:13:57.233-0700][0.400s][info][gc,marking  ] GC(21) Concurrent Clear Claimed Marks
[2026-04-10T22:13:57.233-0700][0.400s][info][gc,marking  ] GC(21) Concurrent Clear Claimed Marks 0.009ms
[2026-04-10T22:13:57.233-0700][0.400s][info][gc,marking  ] GC(21) Concurrent Cleanup for Next Mark
[2026-04-10T22:13:57.233-0700][0.400s][info][gc,marking  ] GC(21) Concurrent Cleanup for Next Mark 0.085ms
[2026-04-10T22:13:57.233-0700][0.400s][info][gc          ] GC(21) Concurrent Mark Cycle 5.212ms
[2026-04-10T22:13:57.246-0700][0.413s][info][gc,start    ] GC(22) Pause Young (Prepare Mixed) (G1 Evacuation Pause)
[2026-04-10T22:13:57.246-0700][0.413s][info][gc,task     ] GC(22) Using 4 workers of 9 for evacuation
[2026-04-10T22:13:57.247-0700][0.414s][info][gc,phases   ] GC(22)   Pre Evacuate Collection Set: 0.05ms
[2026-04-10T22:13:57.247-0700][0.414s][info][gc,phases   ] GC(22)   Merge Heap Roots: 0.04ms
[2026-04-10T22:13:57.247-0700][0.414s][info][gc,phases   ] GC(22)   Evacuate Collection Set: 0.70ms
[2026-04-10T22:13:57.247-0700][0.414s][info][gc,phases   ] GC(22)   Post Evacuate Collection Set: 0.11ms
[2026-04-10T22:13:57.247-0700][0.414s][info][gc,phases   ] GC(22)   Other: 0.04ms
[2026-04-10T22:13:57.247-0700][0.414s][info][gc,heap     ] GC(22) Eden regions: 19->0(18)
[2026-04-10T22:13:57.247-0700][0.414s][info][gc,heap     ] GC(22) Survivor regions: 3->3(3)
[2026-04-10T22:13:57.247-0700][0.414s][info][gc,heap     ] GC(22) Old regions: 112->132
[2026-04-10T22:13:57.247-0700][0.414s][info][gc,heap     ] GC(22) Humongous regions: 0->0
[2026-04-10T22:13:57.247-0700][0.414s][info][gc,metaspace] GC(22) Metaspace: 9812K(9984K)->9812K(9984K) NonClass: 8610K(8704K)->8610K(8704K) Class: 1202K(1280K)->1202K(1280K)
[2026-04-10T22:13:57.247-0700][0.414s][info][gc          ] GC(22) Pause Young (Prepare Mixed) (G1 Evacuation Pause) 134M->134M(195M) 1.053ms
[2026-04-10T22:13:57.247-0700][0.414s][info][gc,cpu      ] GC(22) User=0.00s Sys=0.00s Real=0.00s
[2026-04-10T22:13:57.247-0700][0.414s][info][safepoint   ] Safepoint "G1CollectForAllocation", Time since last: 13309875 ns, Reaching safepoint: 958 ns, At safepoint: 1075917 ns, Leaving safepoint: 3916 ns, Total: 1080791 ns, Threads: 0 runnable, 10 total
[2026-04-10T22:13:57.248-0700][0.415s][info][gc,start    ] GC(23) Pause Young (Mixed) (G1 Evacuation Pause)
[2026-04-10T22:13:57.248-0700][0.415s][info][gc,task     ] GC(23) Using 4 workers of 9 for evacuation
[2026-04-10T22:13:57.249-0700][0.416s][info][gc,phases   ] GC(23)   Pre Evacuate Collection Set: 0.03ms
[2026-04-10T22:13:57.249-0700][0.416s][info][gc,phases   ] GC(23)   Merge Heap Roots: 0.02ms
[2026-04-10T22:13:57.249-0700][0.416s][info][gc,phases   ] GC(23)   Evacuate Collection Set: 0.76ms
[2026-04-10T22:13:57.249-0700][0.416s][info][gc,phases   ] GC(23)   Post Evacuate Collection Set: 0.08ms
[2026-04-10T22:13:57.249-0700][0.416s][info][gc,phases   ] GC(23)   Other: 0.02ms
[2026-04-10T22:13:57.249-0700][0.416s][info][gc,heap     ] GC(23) Eden regions: 18->0(20)
[2026-04-10T22:13:57.249-0700][0.416s][info][gc,heap     ] GC(23) Survivor regions: 3->3(3)
[2026-04-10T22:13:57.249-0700][0.416s][info][gc,heap     ] GC(23) Old regions: 132->147
[2026-04-10T22:13:57.249-0700][0.416s][info][gc,heap     ] GC(23) Humongous regions: 0->0
[2026-04-10T22:13:57.249-0700][0.416s][info][gc,metaspace] GC(23) Metaspace: 9812K(9984K)->9812K(9984K) NonClass: 8610K(8704K)->8610K(8704K) Class: 1202K(1280K)->1202K(1280K)
[2026-04-10T22:13:57.249-0700][0.416s][info][gc          ] GC(23) Pause Young (Mixed) (G1 Evacuation Pause) 152M->150M(195M) 0.999ms
[2026-04-10T22:13:57.249-0700][0.416s][info][gc,cpu      ] GC(23) User=0.01s Sys=0.00s Real=0.00s
[2026-04-10T22:13:57.249-0700][0.416s][info][safepoint   ] Safepoint "G1CollectForAllocation", Time since last: 628375 ns, Reaching safepoint: 1792 ns, At safepoint: 1013917 ns, Leaving safepoint: 8541 ns, Total: 1024250 ns, Threads: 0 runnable, 10 total
[2026-04-10T22:13:57.249-0700][0.417s][info][gc,start    ] GC(24) Pause Young (Concurrent Start) (G1 Evacuation Pause)
[2026-04-10T22:13:57.249-0700][0.417s][info][gc,task     ] GC(24) Using 4 workers of 9 for evacuation
[2026-04-10T22:13:57.251-0700][0.418s][info][gc,phases   ] GC(24)   Pre Evacuate Collection Set: 0.05ms
[2026-04-10T22:13:57.251-0700][0.418s][info][gc,phases   ] GC(24)   Merge Heap Roots: 0.01ms
[2026-04-10T22:13:57.251-0700][0.418s][info][gc,phases   ] GC(24)   Evacuate Collection Set: 0.89ms
[2026-04-10T22:13:57.251-0700][0.418s][info][gc,phases   ] GC(24)   Post Evacuate Collection Set: 0.16ms
[2026-04-10T22:13:57.251-0700][0.418s][info][gc,phases   ] GC(24)   Other: 0.03ms
[2026-04-10T22:13:57.251-0700][0.418s][info][gc,heap     ] GC(24) Eden regions: 20->0(24)
[2026-04-10T22:13:57.251-0700][0.418s][info][gc,heap     ] GC(24) Survivor regions: 3->3(3)
[2026-04-10T22:13:57.251-0700][0.418s][info][gc,heap     ] GC(24) Old regions: 147->168
[2026-04-10T22:13:57.251-0700][0.418s][info][gc,heap     ] GC(24) Humongous regions: 0->0
[2026-04-10T22:13:57.251-0700][0.418s][info][gc,metaspace] GC(24) Metaspace: 9812K(9984K)->9812K(9984K) NonClass: 8610K(8704K)->8610K(8704K) Class: 1202K(1280K)->1202K(1280K)
[2026-04-10T22:13:57.251-0700][0.418s][info][gc          ] GC(24) Pause Young (Concurrent Start) (G1 Evacuation Pause) 170M->171M(220M) 1.222ms
[2026-04-10T22:13:57.251-0700][0.418s][info][gc,cpu      ] GC(24) User=0.00s Sys=0.00s Real=0.01s
[2026-04-10T22:13:57.251-0700][0.418s][info][safepoint   ] Safepoint "G1CollectForAllocation", Time since last: 585042 ns, Reaching safepoint: 1875 ns, At safepoint: 1255708 ns, Leaving safepoint: 3542 ns, Total: 1261125 ns, Threads: 0 runnable, 10 total
[2026-04-10T22:13:57.251-0700][0.418s][info][gc          ] GC(25) Concurrent Mark Cycle
[2026-04-10T22:13:57.251-0700][0.418s][info][gc,marking  ] GC(25) Concurrent Scan Root Regions
[2026-04-10T22:13:57.251-0700][0.418s][info][gc,marking  ] GC(25) Concurrent Scan Root Regions 0.169ms
[2026-04-10T22:13:57.251-0700][0.418s][info][gc,marking  ] GC(25) Concurrent Mark
[2026-04-10T22:13:57.251-0700][0.418s][info][gc,marking  ] GC(25) Concurrent Mark From Roots
[2026-04-10T22:13:57.251-0700][0.418s][info][gc,task     ] GC(25) Using 2 workers of 2 for marking
[2026-04-10T22:13:57.254-0700][0.421s][info][gc,marking  ] GC(25) Concurrent Mark From Roots 2.838ms
[2026-04-10T22:13:57.254-0700][0.421s][info][gc,marking  ] GC(25) Concurrent Preclean
[2026-04-10T22:13:57.254-0700][0.421s][info][gc,marking  ] GC(25) Concurrent Preclean 0.010ms
[2026-04-10T22:13:57.254-0700][0.421s][info][gc,start    ] GC(25) Pause Remark
[2026-04-10T22:13:57.254-0700][0.422s][info][gc          ] GC(25) Pause Remark 173M->120M(220M) 0.518ms
[2026-04-10T22:13:57.254-0700][0.422s][info][gc,cpu      ] GC(25) User=0.00s Sys=0.00s Real=0.00s
[2026-04-10T22:13:57.254-0700][0.422s][info][safepoint   ] Safepoint "G1PauseRemark", Time since last: 3108708 ns, Reaching safepoint: 46875 ns, At safepoint: 543459 ns, Leaving safepoint: 3083 ns, Total: 593417 ns, Threads: 1 runnable, 10 total
[2026-04-10T22:13:57.254-0700][0.422s][info][gc,marking  ] GC(25) Concurrent Mark 3.506ms
[2026-04-10T22:13:57.254-0700][0.422s][info][gc,marking  ] GC(25) Concurrent Rebuild Remembered Sets and Scrub Regions
[2026-04-10T22:13:57.256-0700][0.423s][info][gc,marking  ] GC(25) Concurrent Rebuild Remembered Sets and Scrub Regions 1.219ms
[2026-04-10T22:13:57.256-0700][0.423s][info][gc,start    ] GC(25) Pause Cleanup
[2026-04-10T22:13:57.256-0700][0.423s][info][gc          ] GC(25) Pause Cleanup 120M->120M(220M) 0.037ms
[2026-04-10T22:13:57.256-0700][0.423s][info][gc,cpu      ] GC(25) User=0.00s Sys=0.00s Real=0.00s
[2026-04-10T22:13:57.256-0700][0.423s][info][safepoint   ] Safepoint "G1PauseCleanup", Time since last: 1269250 ns, Reaching safepoint: 20583 ns, At safepoint: 58417 ns, Leaving safepoint: 2042 ns, Total: 81042 ns, Threads: 1 runnable, 10 total
[2026-04-10T22:13:57.256-0700][0.423s][info][gc,marking  ] GC(25) Concurrent Clear Claimed Marks
[2026-04-10T22:13:57.256-0700][0.423s][info][gc,marking  ] GC(25) Concurrent Clear Claimed Marks 0.011ms
[2026-04-10T22:13:57.256-0700][0.423s][info][gc,marking  ] GC(25) Concurrent Cleanup for Next Mark
[2026-04-10T22:13:57.256-0700][0.423s][info][gc,marking  ] GC(25) Concurrent Cleanup for Next Mark 0.141ms
[2026-04-10T22:13:57.256-0700][0.423s][info][gc          ] GC(25) Concurrent Mark Cycle 5.247ms
[2026-04-10T22:13:57.270-0700][0.437s][info][gc,start    ] GC(26) Pause Young (Prepare Mixed) (G1 Evacuation Pause)
[2026-04-10T22:13:57.270-0700][0.437s][info][gc,task     ] GC(26) Using 5 workers of 9 for evacuation
[2026-04-10T22:13:57.272-0700][0.439s][info][gc,phases   ] GC(26)   Pre Evacuate Collection Set: 0.03ms
[2026-04-10T22:13:57.272-0700][0.439s][info][gc,phases   ] GC(26)   Merge Heap Roots: 0.02ms
[2026-04-10T22:13:57.272-0700][0.439s][info][gc,phases   ] GC(26)   Evacuate Collection Set: 1.45ms
[2026-04-10T22:13:57.272-0700][0.439s][info][gc,phases   ] GC(26)   Post Evacuate Collection Set: 0.11ms
[2026-04-10T22:13:57.272-0700][0.439s][info][gc,phases   ] GC(26)   Other: 0.08ms
[2026-04-10T22:13:57.272-0700][0.439s][info][gc,heap     ] GC(26) Eden regions: 24->0(24)
[2026-04-10T22:13:57.272-0700][0.439s][info][gc,heap     ] GC(26) Survivor regions: 3->4(4)
[2026-04-10T22:13:57.272-0700][0.439s][info][gc,heap     ] GC(26) Old regions: 115->139
[2026-04-10T22:13:57.272-0700][0.439s][info][gc,heap     ] GC(26) Humongous regions: 0->0
[2026-04-10T22:13:57.272-0700][0.439s][info][gc,metaspace] GC(26) Metaspace: 9812K(9984K)->9812K(9984K) NonClass: 8610K(8704K)->8610K(8704K) Class: 1202K(1280K)->1202K(1280K)
[2026-04-10T22:13:57.272-0700][0.439s][info][gc          ] GC(26) Pause Young (Prepare Mixed) (G1 Evacuation Pause) 142M->143M(220M) 1.816ms
[2026-04-10T22:13:57.272-0700][0.439s][info][gc,cpu      ] GC(26) User=0.00s Sys=0.00s Real=0.00s
[2026-04-10T22:13:57.272-0700][0.439s][info][safepoint   ] Safepoint "G1CollectForAllocation", Time since last: 14252333 ns, Reaching safepoint: 1125 ns, At safepoint: 1838542 ns, Leaving safepoint: 3916 ns, Total: 1843583 ns, Threads: 0 runnable, 10 total
[2026-04-10T22:13:57.273-0700][0.440s][info][gc,start    ] GC(27) Pause Young (Mixed) (G1 Evacuation Pause)
[2026-04-10T22:13:57.273-0700][0.440s][info][gc,task     ] GC(27) Using 5 workers of 9 for evacuation
[2026-04-10T22:13:57.274-0700][0.442s][info][gc,phases   ] GC(27)   Pre Evacuate Collection Set: 0.06ms
[2026-04-10T22:13:57.274-0700][0.442s][info][gc,phases   ] GC(27)   Merge Heap Roots: 0.03ms
[2026-04-10T22:13:57.274-0700][0.442s][info][gc,phases   ] GC(27)   Evacuate Collection Set: 1.14ms
[2026-04-10T22:13:57.274-0700][0.442s][info][gc,phases   ] GC(27)   Post Evacuate Collection Set: 0.11ms
[2026-04-10T22:13:57.274-0700][0.442s][info][gc,phases   ] GC(27)   Other: 0.04ms
[2026-04-10T22:13:57.274-0700][0.442s][info][gc,heap     ] GC(27) Eden regions: 24->0(21)
[2026-04-10T22:13:57.274-0700][0.442s][info][gc,heap     ] GC(27) Survivor regions: 4->4(4)
[2026-04-10T22:13:57.274-0700][0.442s][info][gc,heap     ] GC(27) Old regions: 139->163
[2026-04-10T22:13:57.274-0700][0.442s][info][gc,heap     ] GC(27) Humongous regions: 0->0
[2026-04-10T22:13:57.274-0700][0.442s][info][gc,metaspace] GC(27) Metaspace: 9812K(9984K)->9812K(9984K) NonClass: 8610K(8704K)->8610K(8704K) Class: 1202K(1280K)->1202K(1280K)
[2026-04-10T22:13:57.274-0700][0.442s][info][gc          ] GC(27) Pause Young (Mixed) (G1 Evacuation Pause) 167M->167M(220M) 1.495ms
[2026-04-10T22:13:57.274-0700][0.442s][info][gc,cpu      ] GC(27) User=0.01s Sys=0.00s Real=0.00s
[2026-04-10T22:13:57.274-0700][0.442s][info][safepoint   ] Safepoint "G1CollectForAllocation", Time since last: 1018209 ns, Reaching safepoint: 1500 ns, At safepoint: 1515000 ns, Leaving safepoint: 3541 ns, Total: 1520041 ns, Threads: 0 runnable, 10 total
[2026-04-10T22:13:57.289-0700][0.456s][info][gc,start    ] GC(28) Pause Young (Concurrent Start) (G1 Evacuation Pause)
[2026-04-10T22:13:57.289-0700][0.456s][info][gc,task     ] GC(28) Using 5 workers of 9 for evacuation
[2026-04-10T22:13:57.290-0700][0.457s][info][gc,phases   ] GC(28)   Pre Evacuate Collection Set: 0.06ms
[2026-04-10T22:13:57.290-0700][0.458s][info][gc,phases   ] GC(28)   Merge Heap Roots: 0.02ms
[2026-04-10T22:13:57.290-0700][0.458s][info][gc,phases   ] GC(28)   Evacuate Collection Set: 1.00ms
[2026-04-10T22:13:57.290-0700][0.458s][info][gc,phases   ] GC(28)   Post Evacuate Collection Set: 0.10ms
[2026-04-10T22:13:57.290-0700][0.458s][info][gc,phases   ] GC(28)   Other: 0.04ms
[2026-04-10T22:13:57.290-0700][0.458s][info][gc,heap     ] GC(28) Eden regions: 21->0(17)
[2026-04-10T22:13:57.290-0700][0.458s][info][gc,heap     ] GC(28) Survivor regions: 4->4(4)
[2026-04-10T22:13:57.290-0700][0.458s][info][gc,heap     ] GC(28) Old regions: 163->185
[2026-04-10T22:13:57.290-0700][0.458s][info][gc,heap     ] GC(28) Humongous regions: 0->0
[2026-04-10T22:13:57.290-0700][0.458s][info][gc,metaspace] GC(28) Metaspace: 9812K(9984K)->9812K(9984K) NonClass: 8610K(8704K)->8610K(8704K) Class: 1202K(1280K)->1202K(1280K)
[2026-04-10T22:13:57.290-0700][0.458s][info][gc          ] GC(28) Pause Young (Concurrent Start) (G1 Evacuation Pause) 188M->189M(220M) 1.317ms
[2026-04-10T22:13:57.290-0700][0.458s][info][gc,cpu      ] GC(28) User=0.01s Sys=0.00s Real=0.01s
[2026-04-10T22:13:57.290-0700][0.458s][info][gc          ] GC(29) Concurrent Mark Cycle
[2026-04-10T22:13:57.290-0700][0.458s][info][safepoint   ] Safepoint "G1CollectForAllocation", Time since last: 14611750 ns, Reaching safepoint: 1417 ns, At safepoint: 1339667 ns, Leaving safepoint: 3958 ns, Total: 1345042 ns, Threads: 0 runnable, 10 total
[2026-04-10T22:13:57.290-0700][0.458s][info][gc,marking  ] GC(29) Concurrent Scan Root Regions
[2026-04-10T22:13:57.291-0700][0.458s][info][gc,marking  ] GC(29) Concurrent Scan Root Regions 0.218ms
[2026-04-10T22:13:57.291-0700][0.458s][info][gc,marking  ] GC(29) Concurrent Mark
[2026-04-10T22:13:57.291-0700][0.458s][info][gc,marking  ] GC(29) Concurrent Mark From Roots
[2026-04-10T22:13:57.291-0700][0.458s][info][gc,task     ] GC(29) Using 2 workers of 2 for marking
[2026-04-10T22:13:57.291-0700][0.458s][info][gc,start    ] GC(30) Pause Young (Normal) (G1 Evacuation Pause)
[2026-04-10T22:13:57.291-0700][0.458s][info][gc,task     ] GC(30) Using 5 workers of 9 for evacuation
[2026-04-10T22:13:57.293-0700][0.460s][info][gc,phases   ] GC(30)   Pre Evacuate Collection Set: 0.04ms
[2026-04-10T22:13:57.293-0700][0.460s][info][gc,phases   ] GC(30)   Merge Heap Roots: 0.02ms
[2026-04-10T22:13:57.293-0700][0.460s][info][gc,phases   ] GC(30)   Evacuate Collection Set: 1.27ms
[2026-04-10T22:13:57.293-0700][0.460s][info][gc,phases   ] GC(30)   Post Evacuate Collection Set: 0.10ms
[2026-04-10T22:13:57.293-0700][0.460s][info][gc,phases   ] GC(30)   Other: 0.04ms
[2026-04-10T22:13:57.293-0700][0.460s][info][gc,heap     ] GC(30) Eden regions: 17->0(11)
[2026-04-10T22:13:57.293-0700][0.460s][info][gc,heap     ] GC(30) Survivor regions: 4->3(3)
[2026-04-10T22:13:57.293-0700][0.460s][info][gc,heap     ] GC(30) Old regions: 185->205
[2026-04-10T22:13:57.293-0700][0.460s][info][gc,heap     ] GC(30) Humongous regions: 0->0
[2026-04-10T22:13:57.293-0700][0.460s][info][gc,metaspace] GC(30) Metaspace: 9812K(9984K)->9812K(9984K) NonClass: 8610K(8704K)->8610K(8704K) Class: 1202K(1280K)->1202K(1280K)
[2026-04-10T22:13:57.293-0700][0.460s][info][gc          ] GC(30) Pause Young (Normal) (G1 Evacuation Pause) 206M->207M(229M) 1.585ms
[2026-04-10T22:13:57.293-0700][0.460s][info][gc,cpu      ] GC(30) User=0.00s Sys=0.01s Real=0.00s
[2026-04-10T22:13:57.293-0700][0.460s][info][safepoint   ] Safepoint "G1CollectForAllocation", Time since last: 782417 ns, Reaching safepoint: 50041 ns, At safepoint: 1607084 ns, Leaving safepoint: 5000 ns, Total: 1662125 ns, Threads: 0 runnable, 10 total
[2026-04-10T22:13:57.294-0700][0.461s][info][gc,start    ] GC(31) Pause Young (Normal) (G1 Evacuation Pause)
[2026-04-10T22:13:57.294-0700][0.461s][info][gc,task     ] GC(31) Using 5 workers of 9 for evacuation
[2026-04-10T22:13:57.294-0700][0.462s][info][gc,phases   ] GC(31)   Pre Evacuate Collection Set: 0.04ms
[2026-04-10T22:13:57.294-0700][0.462s][info][gc,phases   ] GC(31)   Merge Heap Roots: 0.02ms
[2026-04-10T22:13:57.294-0700][0.462s][info][gc,phases   ] GC(31)   Evacuate Collection Set: 0.68ms
[2026-04-10T22:13:57.294-0700][0.462s][info][gc,phases   ] GC(31)   Post Evacuate Collection Set: 0.10ms
[2026-04-10T22:13:57.294-0700][0.462s][info][gc,phases   ] GC(31)   Other: 0.03ms
[2026-04-10T22:13:57.294-0700][0.462s][info][gc,heap     ] GC(31) Eden regions: 11->0(11)
[2026-04-10T22:13:57.294-0700][0.462s][info][gc,heap     ] GC(31) Survivor regions: 3->2(2)
[2026-04-10T22:13:57.294-0700][0.462s][info][gc,heap     ] GC(31) Old regions: 205->218
[2026-04-10T22:13:57.294-0700][0.462s][info][gc,heap     ] GC(31) Humongous regions: 0->0
[2026-04-10T22:13:57.294-0700][0.462s][info][gc,metaspace] GC(31) Metaspace: 9812K(9984K)->9812K(9984K) NonClass: 8610K(8704K)->8610K(8704K) Class: 1202K(1280K)->1202K(1280K)
[2026-04-10T22:13:57.294-0700][0.462s][info][gc          ] GC(31) Pause Young (Normal) (G1 Evacuation Pause) 218M->220M(234M) 0.967ms
[2026-04-10T22:13:57.294-0700][0.462s][info][gc,cpu      ] GC(31) User=0.00s Sys=0.00s Real=0.00s
[2026-04-10T22:13:57.295-0700][0.462s][info][safepoint   ] Safepoint "G1CollectForAllocation", Time since last: 538458 ns, Reaching safepoint: 272125 ns, At safepoint: 985583 ns, Leaving safepoint: 9584 ns, Total: 1267292 ns, Threads: 0 runnable, 10 total
[2026-04-10T22:13:57.296-0700][0.463s][info][gc,marking  ] GC(29) Concurrent Mark From Roots 5.438ms
[2026-04-10T22:13:57.296-0700][0.463s][info][gc,marking  ] GC(29) Concurrent Preclean
[2026-04-10T22:13:57.296-0700][0.463s][info][gc,marking  ] GC(29) Concurrent Preclean 0.007ms
[2026-04-10T22:13:57.381-0700][0.548s][info][gc,start    ] GC(29) Pause Remark
[2026-04-10T22:13:57.381-0700][0.549s][info][gc          ] GC(29) Pause Remark 224M->132M(234M) 0.587ms
[2026-04-10T22:13:57.381-0700][0.549s][info][gc,cpu      ] GC(29) User=0.00s Sys=0.00s Real=0.00s
[2026-04-10T22:13:57.381-0700][0.549s][info][safepoint   ] Safepoint "G1PauseRemark", Time since last: 1509500 ns, Reaching safepoint: 84804083 ns, At safepoint: 630583 ns, Leaving safepoint: 2167 ns, Total: 85436833 ns, Threads: 1 runnable, 10 total
[2026-04-10T22:13:57.381-0700][0.549s][info][gc,marking  ] GC(29) Concurrent Mark 90.947ms
[2026-04-10T22:13:57.381-0700][0.549s][info][gc,marking  ] GC(29) Concurrent Rebuild Remembered Sets and Scrub Regions
[2026-04-10T22:13:57.384-0700][0.551s][info][gc,marking  ] GC(29) Concurrent Rebuild Remembered Sets and Scrub Regions 2.499ms
[2026-04-10T22:13:57.385-0700][0.552s][info][gc,start    ] GC(29) Pause Cleanup
[2026-04-10T22:13:57.385-0700][0.552s][info][gc          ] GC(29) Pause Cleanup 132M->132M(234M) 0.017ms
[2026-04-10T22:13:57.385-0700][0.552s][info][gc,cpu      ] GC(29) User=0.00s Sys=0.00s Real=0.00s
[2026-04-10T22:13:57.385-0700][0.552s][info][safepoint   ] Safepoint "G1PauseCleanup", Time since last: 2543833 ns, Reaching safepoint: 969500 ns, At safepoint: 31667 ns, Leaving safepoint: 917 ns, Total: 1002084 ns, Threads: 1 runnable, 10 total
[2026-04-10T22:13:57.385-0700][0.552s][info][gc,marking  ] GC(29) Concurrent Clear Claimed Marks
[2026-04-10T22:13:57.385-0700][0.552s][info][gc,marking  ] GC(29) Concurrent Clear Claimed Marks 0.008ms
[2026-04-10T22:13:57.385-0700][0.552s][info][gc,marking  ] GC(29) Concurrent Cleanup for Next Mark
[2026-04-10T22:13:57.385-0700][0.552s][info][gc,marking  ] GC(29) Concurrent Cleanup for Next Mark 0.133ms
[2026-04-10T22:13:57.385-0700][0.552s][info][gc          ] GC(29) Concurrent Mark Cycle 94.914ms
[2026-04-10T22:13:57.394-0700][0.561s][info][gc,start    ] GC(32) Pause Young (Prepare Mixed) (G1 Evacuation Pause)
[2026-04-10T22:13:57.394-0700][0.561s][info][gc,task     ] GC(32) Using 5 workers of 9 for evacuation
[2026-04-10T22:13:57.395-0700][0.562s][info][gc,phases   ] GC(32)   Pre Evacuate Collection Set: 0.04ms
[2026-04-10T22:13:57.395-0700][0.562s][info][gc,phases   ] GC(32)   Merge Heap Roots: 0.02ms
[2026-04-10T22:13:57.395-0700][0.562s][info][gc,phases   ] GC(32)   Evacuate Collection Set: 0.49ms
[2026-04-10T22:13:57.395-0700][0.562s][info][gc,phases   ] GC(32)   Post Evacuate Collection Set: 0.11ms
[2026-04-10T22:13:57.395-0700][0.562s][info][gc,phases   ] GC(32)   Other: 0.04ms
[2026-04-10T22:13:57.395-0700][0.562s][info][gc,heap     ] GC(32) Eden regions: 11->0(29)
[2026-04-10T22:13:57.395-0700][0.562s][info][gc,heap     ] GC(32) Survivor regions: 2->2(2)
[2026-04-10T22:13:57.395-0700][0.562s][info][gc,heap     ] GC(32) Old regions: 126->139
[2026-04-10T22:13:57.395-0700][0.562s][info][gc,heap     ] GC(32) Humongous regions: 0->0
[2026-04-10T22:13:57.395-0700][0.562s][info][gc,metaspace] GC(32) Metaspace: 9812K(9984K)->9812K(9984K) NonClass: 8610K(8704K)->8610K(8704K) Class: 1202K(1280K)->1202K(1280K)
[2026-04-10T22:13:57.395-0700][0.562s][info][gc          ] GC(32) Pause Young (Prepare Mixed) (G1 Evacuation Pause) 139M->140M(234M) 0.804ms
[2026-04-10T22:13:57.395-0700][0.562s][info][gc,cpu      ] GC(32) User=0.00s Sys=0.00s Real=0.00s
[2026-04-10T22:13:57.395-0700][0.562s][info][safepoint   ] Safepoint "G1CollectForAllocation", Time since last: 9081375 ns, Reaching safepoint: 583 ns, At safepoint: 827000 ns, Leaving safepoint: 2500 ns, Total: 830083 ns, Threads: 0 runnable, 10 total
[2026-04-10T22:13:57.397-0700][0.564s][info][gc,start    ] GC(33) Pause Young (Mixed) (G1 Evacuation Pause)
[2026-04-10T22:13:57.397-0700][0.564s][info][gc,task     ] GC(33) Using 5 workers of 9 for evacuation
[2026-04-10T22:13:57.398-0700][0.565s][info][gc,phases   ] GC(33)   Pre Evacuate Collection Set: 0.05ms
[2026-04-10T22:13:57.398-0700][0.565s][info][gc,phases   ] GC(33)   Merge Heap Roots: 0.05ms
[2026-04-10T22:13:57.398-0700][0.565s][info][gc,phases   ] GC(33)   Evacuate Collection Set: 0.81ms
[2026-04-10T22:13:57.398-0700][0.565s][info][gc,phases   ] GC(33)   Post Evacuate Collection Set: 0.11ms
[2026-04-10T22:13:57.398-0700][0.565s][info][gc,phases   ] GC(33)   Other: 0.06ms
[2026-04-10T22:13:57.398-0700][0.565s][info][gc,heap     ] GC(33) Eden regions: 29->0(21)
[2026-04-10T22:13:57.398-0700][0.565s][info][gc,heap     ] GC(33) Survivor regions: 2->4(4)
[2026-04-10T22:13:57.398-0700][0.565s][info][gc,heap     ] GC(33) Old regions: 139->161
[2026-04-10T22:13:57.398-0700][0.565s][info][gc,heap     ] GC(33) Humongous regions: 0->0
[2026-04-10T22:13:57.398-0700][0.565s][info][gc,metaspace] GC(33) Metaspace: 9812K(9984K)->9812K(9984K) NonClass: 8610K(8704K)->8610K(8704K) Class: 1202K(1280K)->1202K(1280K)
[2026-04-10T22:13:57.398-0700][0.565s][info][gc          ] GC(33) Pause Young (Mixed) (G1 Evacuation Pause) 169M->165M(234M) 1.208ms
[2026-04-10T22:13:57.398-0700][0.565s][info][gc,cpu      ] GC(33) User=0.01s Sys=0.00s Real=0.00s
[2026-04-10T22:13:57.398-0700][0.565s][info][safepoint   ] Safepoint "G1CollectForAllocation", Time since last: 1615667 ns, Reaching safepoint: 2250 ns, At safepoint: 1230541 ns, Leaving safepoint: 4500 ns, Total: 1237291 ns, Threads: 0 runnable, 10 total
[2026-04-10T22:13:57.412-0700][0.580s][info][gc,start    ] GC(34) Pause Young (Concurrent Start) (G1 Evacuation Pause)
[2026-04-10T22:13:57.412-0700][0.580s][info][gc,task     ] GC(34) Using 5 workers of 9 for evacuation
[2026-04-10T22:13:57.413-0700][0.581s][info][gc,phases   ] GC(34)   Pre Evacuate Collection Set: 0.07ms
[2026-04-10T22:13:57.414-0700][0.581s][info][gc,phases   ] GC(34)   Merge Heap Roots: 0.03ms
[2026-04-10T22:13:57.414-0700][0.581s][info][gc,phases   ] GC(34)   Evacuate Collection Set: 0.82ms
[2026-04-10T22:13:57.414-0700][0.581s][info][gc,phases   ] GC(34)   Post Evacuate Collection Set: 0.15ms
[2026-04-10T22:13:57.414-0700][0.581s][info][gc,phases   ] GC(34)   Other: 0.04ms
[2026-04-10T22:13:57.414-0700][0.581s][info][gc,heap     ] GC(34) Eden regions: 21->0(17)
[2026-04-10T22:13:57.414-0700][0.581s][info][gc,heap     ] GC(34) Survivor regions: 4->4(4)
[2026-04-10T22:13:57.414-0700][0.581s][info][gc,heap     ] GC(34) Old regions: 161->184
[2026-04-10T22:13:57.414-0700][0.581s][info][gc,heap     ] GC(34) Humongous regions: 0->0
[2026-04-10T22:13:57.414-0700][0.581s][info][gc,metaspace] GC(34) Metaspace: 9812K(9984K)->9812K(9984K) NonClass: 8610K(8704K)->8610K(8704K) Class: 1202K(1280K)->1202K(1280K)
[2026-04-10T22:13:57.414-0700][0.581s][info][gc          ] GC(34) Pause Young (Concurrent Start) (G1 Evacuation Pause) 186M->187M(243M) 1.210ms
[2026-04-10T22:13:57.414-0700][0.581s][info][gc,cpu      ] GC(34) User=0.01s Sys=0.00s Real=0.00s
[2026-04-10T22:13:57.414-0700][0.581s][info][gc          ] GC(35) Concurrent Mark Cycle
[2026-04-10T22:13:57.414-0700][0.581s][info][safepoint   ] Safepoint "G1CollectForAllocation", Time since last: 14594750 ns, Reaching safepoint: 1209 ns, At safepoint: 1231541 ns, Leaving safepoint: 3042 ns, Total: 1235792 ns, Threads: 0 runnable, 10 total
[2026-04-10T22:13:57.414-0700][0.581s][info][gc,marking  ] GC(35) Concurrent Scan Root Regions
[2026-04-10T22:13:57.414-0700][0.581s][info][gc,marking  ] GC(35) Concurrent Scan Root Regions 0.207ms
[2026-04-10T22:13:57.414-0700][0.581s][info][gc,marking  ] GC(35) Concurrent Mark
[2026-04-10T22:13:57.414-0700][0.581s][info][gc,marking  ] GC(35) Concurrent Mark From Roots
[2026-04-10T22:13:57.414-0700][0.581s][info][gc,task     ] GC(35) Using 2 workers of 2 for marking
[2026-04-10T22:13:57.415-0700][0.582s][info][gc,start    ] GC(36) Pause Young (Normal) (G1 Evacuation Pause)
[2026-04-10T22:13:57.415-0700][0.582s][info][gc,task     ] GC(36) Using 5 workers of 9 for evacuation
[2026-04-10T22:13:57.416-0700][0.583s][info][gc,phases   ] GC(36)   Pre Evacuate Collection Set: 0.05ms
[2026-04-10T22:13:57.416-0700][0.583s][info][gc,phases   ] GC(36)   Merge Heap Roots: 0.02ms
[2026-04-10T22:13:57.416-0700][0.583s][info][gc,phases   ] GC(36)   Evacuate Collection Set: 0.79ms
[2026-04-10T22:13:57.416-0700][0.583s][info][gc,phases   ] GC(36)   Post Evacuate Collection Set: 0.09ms
[2026-04-10T22:13:57.416-0700][0.583s][info][gc,phases   ] GC(36)   Other: 0.03ms
[2026-04-10T22:13:57.416-0700][0.583s][info][gc,heap     ] GC(36) Eden regions: 17->0(14)
[2026-04-10T22:13:57.416-0700][0.583s][info][gc,heap     ] GC(36) Survivor regions: 4->3(3)
[2026-04-10T22:13:57.416-0700][0.583s][info][gc,heap     ] GC(36) Old regions: 184->203
[2026-04-10T22:13:57.416-0700][0.583s][info][gc,heap     ] GC(36) Humongous regions: 0->0
[2026-04-10T22:13:57.416-0700][0.583s][info][gc,metaspace] GC(36) Metaspace: 9812K(9984K)->9812K(9984K) NonClass: 8610K(8704K)->8610K(8704K) Class: 1202K(1280K)->1202K(1280K)
[2026-04-10T22:13:57.416-0700][0.583s][info][gc          ] GC(36) Pause Young (Normal) (G1 Evacuation Pause) 204M->205M(243M) 1.086ms
[2026-04-10T22:13:57.416-0700][0.583s][info][gc,cpu      ] GC(36) User=0.00s Sys=0.00s Real=0.00s
[2026-04-10T22:13:57.416-0700][0.583s][info][safepoint   ] Safepoint "G1CollectForAllocation", Time since last: 1087125 ns, Reaching safepoint: 12500 ns, At safepoint: 1104292 ns, Leaving safepoint: 4875 ns, Total: 1121667 ns, Threads: 0 runnable, 10 total
[2026-04-10T22:13:57.416-0700][0.584s][info][gc,start    ] GC(37) Pause Young (Normal) (G1 Evacuation Pause)
[2026-04-10T22:13:57.416-0700][0.584s][info][gc,task     ] GC(37) Using 5 workers of 9 for evacuation
[2026-04-10T22:13:57.417-0700][0.585s][info][gc,phases   ] GC(37)   Pre Evacuate Collection Set: 0.04ms
[2026-04-10T22:13:57.417-0700][0.585s][info][gc,phases   ] GC(37)   Merge Heap Roots: 0.02ms
[2026-04-10T22:13:57.417-0700][0.585s][info][gc,phases   ] GC(37)   Evacuate Collection Set: 0.63ms
[2026-04-10T22:13:57.417-0700][0.585s][info][gc,phases   ] GC(37)   Post Evacuate Collection Set: 0.11ms
[2026-04-10T22:13:57.417-0700][0.585s][info][gc,phases   ] GC(37)   Other: 0.03ms
[2026-04-10T22:13:57.417-0700][0.585s][info][gc,heap     ] GC(37) Eden regions: 14->0(12)
[2026-04-10T22:13:57.417-0700][0.585s][info][gc,heap     ] GC(37) Survivor regions: 3->3(3)
[2026-04-10T22:13:57.417-0700][0.585s][info][gc,heap     ] GC(37) Old regions: 203->218
[2026-04-10T22:13:57.417-0700][0.585s][info][gc,heap     ] GC(37) Humongous regions: 0->0
[2026-04-10T22:13:57.417-0700][0.585s][info][gc,metaspace] GC(37) Metaspace: 9812K(9984K)->9812K(9984K) NonClass: 8610K(8704K)->8610K(8704K) Class: 1202K(1280K)->1202K(1280K)
[2026-04-10T22:13:57.417-0700][0.585s][info][gc          ] GC(37) Pause Young (Normal) (G1 Evacuation Pause) 219M->220M(243M) 0.947ms
[2026-04-10T22:13:57.417-0700][0.585s][info][gc,cpu      ] GC(37) User=0.01s Sys=0.00s Real=0.00s
[2026-04-10T22:13:57.417-0700][0.585s][info][safepoint   ] Safepoint "G1CollectForAllocation", Time since last: 564750 ns, Reaching safepoint: 14916 ns, At safepoint: 966875 ns, Leaving safepoint: 7709 ns, Total: 989500 ns, Threads: 0 runnable, 10 total
[2026-04-10T22:13:57.418-0700][0.586s][info][gc,start    ] GC(38) Pause Young (Normal) (G1 Evacuation Pause)
[2026-04-10T22:13:57.418-0700][0.586s][info][gc,task     ] GC(38) Using 5 workers of 9 for evacuation
[2026-04-10T22:13:57.419-0700][0.587s][info][gc,phases   ] GC(38)   Pre Evacuate Collection Set: 0.04ms
[2026-04-10T22:13:57.419-0700][0.587s][info][gc,phases   ] GC(38)   Merge Heap Roots: 0.02ms
[2026-04-10T22:13:57.419-0700][0.587s][info][gc,phases   ] GC(38)   Evacuate Collection Set: 0.85ms
[2026-04-10T22:13:57.419-0700][0.587s][info][gc,phases   ] GC(38)   Post Evacuate Collection Set: 0.10ms
[2026-04-10T22:13:57.419-0700][0.587s][info][gc,phases   ] GC(38)   Other: 0.03ms
[2026-04-10T22:13:57.419-0700][0.587s][info][gc,heap     ] GC(38) Eden regions: 12->0(12)
[2026-04-10T22:13:57.419-0700][0.587s][info][gc,heap     ] GC(38) Survivor regions: 3->2(2)
[2026-04-10T22:13:57.419-0700][0.587s][info][gc,heap     ] GC(38) Old regions: 218->231
[2026-04-10T22:13:57.419-0700][0.587s][info][gc,heap     ] GC(38) Humongous regions: 0->0
[2026-04-10T22:13:57.419-0700][0.587s][info][gc,metaspace] GC(38) Metaspace: 9812K(9984K)->9812K(9984K) NonClass: 8610K(8704K)->8610K(8704K) Class: 1202K(1280K)->1202K(1280K)
[2026-04-10T22:13:57.420-0700][0.587s][info][gc          ] GC(38) Pause Young (Normal) (G1 Evacuation Pause) 232M->233M(248M) 1.160ms
[2026-04-10T22:13:57.420-0700][0.587s][info][gc,cpu      ] GC(38) User=0.00s Sys=0.01s Real=0.01s
[2026-04-10T22:13:57.420-0700][0.587s][info][safepoint   ] Safepoint "G1CollectForAllocation", Time since last: 952708 ns, Reaching safepoint: 32375 ns, At safepoint: 1178667 ns, Leaving safepoint: 5250 ns, Total: 1216292 ns, Threads: 0 runnable, 10 total
[2026-04-10T22:13:57.420-0700][0.587s][info][gc,marking  ] GC(35) Concurrent Mark From Roots 6.077ms
[2026-04-10T22:13:57.420-0700][0.587s][info][gc,marking  ] GC(35) Concurrent Preclean
[2026-04-10T22:13:57.420-0700][0.587s][info][gc,marking  ] GC(35) Concurrent Preclean 0.014ms
[2026-04-10T22:13:57.504-0700][0.671s][info][gc,start    ] GC(35) Pause Remark
[2026-04-10T22:13:57.504-0700][0.672s][info][gc          ] GC(35) Pause Remark 233M->129M(248M) 0.581ms
[2026-04-10T22:13:57.504-0700][0.672s][info][gc,cpu      ] GC(35) User=0.01s Sys=0.00s Real=0.00s
[2026-04-10T22:13:57.504-0700][0.672s][info][safepoint   ] Safepoint "G1PauseRemark", Time since last: 460000 ns, Reaching safepoint: 83752541 ns, At safepoint: 613459 ns, Leaving safepoint: 1750 ns, Total: 84367750 ns, Threads: 1 runnable, 10 total
[2026-04-10T22:13:57.504-0700][0.672s][info][gc,marking  ] GC(35) Concurrent Mark 90.526ms
[2026-04-10T22:13:57.504-0700][0.672s][info][gc,marking  ] GC(35) Concurrent Rebuild Remembered Sets and Scrub Regions
[2026-04-10T22:13:57.507-0700][0.674s][info][gc,marking  ] GC(35) Concurrent Rebuild Remembered Sets and Scrub Regions 2.216ms
[2026-04-10T22:13:57.509-0700][0.676s][info][gc,start    ] GC(35) Pause Cleanup
[2026-04-10T22:13:57.509-0700][0.676s][info][gc          ] GC(35) Pause Cleanup 129M->129M(248M) 0.021ms
[2026-04-10T22:13:57.509-0700][0.676s][info][gc,cpu      ] GC(35) User=0.00s Sys=0.00s Real=0.00s
[2026-04-10T22:13:57.509-0700][0.676s][info][safepoint   ] Safepoint "G1PauseCleanup", Time since last: 2276708 ns, Reaching safepoint: 2259208 ns, At safepoint: 41917 ns, Leaving safepoint: 1125 ns, Total: 2302250 ns, Threads: 1 runnable, 10 total
[2026-04-10T22:13:57.509-0700][0.676s][info][gc,marking  ] GC(35) Concurrent Clear Claimed Marks
[2026-04-10T22:13:57.509-0700][0.676s][info][gc,marking  ] GC(35) Concurrent Clear Claimed Marks 0.012ms
[2026-04-10T22:13:57.509-0700][0.676s][info][gc,marking  ] GC(35) Concurrent Cleanup for Next Mark
[2026-04-10T22:13:57.509-0700][0.676s][info][gc,marking  ] GC(35) Concurrent Cleanup for Next Mark 0.125ms
[2026-04-10T22:13:57.509-0700][0.676s][info][gc          ] GC(35) Concurrent Mark Cycle 95.526ms
[2026-04-10T22:13:57.518-0700][0.686s][info][gc,start    ] GC(39) Pause Young (Prepare Mixed) (G1 Evacuation Pause)
[2026-04-10T22:13:57.518-0700][0.686s][info][gc,task     ] GC(39) Using 5 workers of 9 for evacuation
[2026-04-10T22:13:57.519-0700][0.686s][info][gc,phases   ] GC(39)   Pre Evacuate Collection Set: 0.09ms
[2026-04-10T22:13:57.519-0700][0.686s][info][gc,phases   ] GC(39)   Merge Heap Roots: 0.04ms
[2026-04-10T22:13:57.519-0700][0.686s][info][gc,phases   ] GC(39)   Evacuate Collection Set: 0.50ms
[2026-04-10T22:13:57.519-0700][0.686s][info][gc,phases   ] GC(39)   Post Evacuate Collection Set: 0.11ms
[2026-04-10T22:13:57.519-0700][0.686s][info][gc,phases   ] GC(39)   Other: 0.04ms
[2026-04-10T22:13:57.519-0700][0.686s][info][gc,heap     ] GC(39) Eden regions: 12->0(33)
[2026-04-10T22:13:57.519-0700][0.686s][info][gc,heap     ] GC(39) Survivor regions: 2->2(2)
[2026-04-10T22:13:57.519-0700][0.686s][info][gc,heap     ] GC(39) Old regions: 127->140
[2026-04-10T22:13:57.519-0700][0.686s][info][gc,heap     ] GC(39) Humongous regions: 0->0
[2026-04-10T22:13:57.519-0700][0.686s][info][gc,metaspace] GC(39) Metaspace: 9812K(9984K)->9812K(9984K) NonClass: 8610K(8704K)->8610K(8704K) Class: 1202K(1280K)->1202K(1280K)
[2026-04-10T22:13:57.519-0700][0.686s][info][gc          ] GC(39) Pause Young (Prepare Mixed) (G1 Evacuation Pause) 141M->142M(248M) 0.899ms
[2026-04-10T22:13:57.519-0700][0.686s][info][gc,cpu      ] GC(39) User=0.00s Sys=0.00s Real=0.00s
[2026-04-10T22:13:57.519-0700][0.686s][info][safepoint   ] Safepoint "G1CollectForAllocation", Time since last: 9304250 ns, Reaching safepoint: 375 ns, At safepoint: 921167 ns, Leaving safepoint: 3541 ns, Total: 925083 ns, Threads: 0 runnable, 10 total
[2026-04-10T22:13:57.521-0700][0.688s][info][gc,start    ] GC(40) Pause Young (Mixed) (G1 Evacuation Pause)
[2026-04-10T22:13:57.521-0700][0.689s][info][gc,task     ] GC(40) Using 5 workers of 9 for evacuation
[2026-04-10T22:13:57.522-0700][0.690s][info][gc,phases   ] GC(40)   Pre Evacuate Collection Set: 0.06ms
[2026-04-10T22:13:57.522-0700][0.690s][info][gc,phases   ] GC(40)   Merge Heap Roots: 0.02ms
[2026-04-10T22:13:57.522-0700][0.690s][info][gc,phases   ] GC(40)   Evacuate Collection Set: 1.02ms
[2026-04-10T22:13:57.522-0700][0.690s][info][gc,phases   ] GC(40)   Post Evacuate Collection Set: 0.12ms
[2026-04-10T22:13:57.523-0700][0.690s][info][gc,phases   ] GC(40)   Other: 0.04ms
[2026-04-10T22:13:57.523-0700][0.690s][info][gc,heap     ] GC(40) Eden regions: 33->0(23)
[2026-04-10T22:13:57.523-0700][0.690s][info][gc,heap     ] GC(40) Survivor regions: 2->5(5)
[2026-04-10T22:13:57.523-0700][0.690s][info][gc,heap     ] GC(40) Old regions: 140->168
[2026-04-10T22:13:57.523-0700][0.690s][info][gc,heap     ] GC(40) Humongous regions: 0->0
[2026-04-10T22:13:57.523-0700][0.690s][info][gc,metaspace] GC(40) Metaspace: 9812K(9984K)->9812K(9984K) NonClass: 8610K(8704K)->8610K(8704K) Class: 1202K(1280K)->1202K(1280K)
[2026-04-10T22:13:57.523-0700][0.690s][info][gc          ] GC(40) Pause Young (Mixed) (G1 Evacuation Pause) 175M->173M(248M) 1.398ms
[2026-04-10T22:13:57.523-0700][0.690s][info][gc,cpu      ] GC(40) User=0.00s Sys=0.00s Real=0.00s
[2026-04-10T22:13:57.523-0700][0.690s][info][safepoint   ] Safepoint "G1CollectForAllocation", Time since last: 1983334 ns, Reaching safepoint: 1916 ns, At safepoint: 1422334 ns, Leaving safepoint: 3291 ns, Total: 1427541 ns, Threads: 0 runnable, 10 total
[2026-04-10T22:13:57.538-0700][0.705s][info][gc,start    ] GC(41) Pause Young (Concurrent Start) (G1 Evacuation Pause)
[2026-04-10T22:13:57.538-0700][0.705s][info][gc,task     ] GC(41) Using 5 workers of 9 for evacuation
[2026-04-10T22:13:57.539-0700][0.706s][info][gc,phases   ] GC(41)   Pre Evacuate Collection Set: 0.09ms
[2026-04-10T22:13:57.539-0700][0.706s][info][gc,phases   ] GC(41)   Merge Heap Roots: 0.05ms
[2026-04-10T22:13:57.539-0700][0.706s][info][gc,phases   ] GC(41)   Evacuate Collection Set: 0.88ms
[2026-04-10T22:13:57.539-0700][0.706s][info][gc,phases   ] GC(41)   Post Evacuate Collection Set: 0.12ms
[2026-04-10T22:13:57.539-0700][0.706s][info][gc,phases   ] GC(41)   Other: 0.05ms
[2026-04-10T22:13:57.539-0700][0.706s][info][gc,heap     ] GC(41) Eden regions: 23->0(16)
[2026-04-10T22:13:57.539-0700][0.706s][info][gc,heap     ] GC(41) Survivor regions: 5->4(4)
[2026-04-10T22:13:57.539-0700][0.706s][info][gc,heap     ] GC(41) Old regions: 168->193
[2026-04-10T22:13:57.539-0700][0.706s][info][gc,heap     ] GC(41) Humongous regions: 0->0
[2026-04-10T22:13:57.539-0700][0.706s][info][gc,metaspace] GC(41) Metaspace: 9812K(9984K)->9812K(9984K) NonClass: 8610K(8704K)->8610K(8704K) Class: 1202K(1280K)->1202K(1280K)
[2026-04-10T22:13:57.539-0700][0.706s][info][gc          ] GC(41) Pause Young (Concurrent Start) (G1 Evacuation Pause) 196M->197M(248M) 1.319ms
[2026-04-10T22:13:57.539-0700][0.706s][info][gc,cpu      ] GC(41) User=0.01s Sys=0.00s Real=0.00s
[2026-04-10T22:13:57.539-0700][0.706s][info][safepoint   ] Safepoint "G1CollectForAllocation", Time since last: 15033459 ns, Reaching safepoint: 2666 ns, At safepoint: 1345500 ns, Leaving safepoint: 1959 ns, Total: 1350125 ns, Threads: 0 runnable, 10 total
[2026-04-10T22:13:57.539-0700][0.706s][info][gc          ] GC(42) Concurrent Mark Cycle
[2026-04-10T22:13:57.539-0700][0.706s][info][gc,marking  ] GC(42) Concurrent Scan Root Regions
[2026-04-10T22:13:57.539-0700][0.707s][info][gc,marking  ] GC(42) Concurrent Scan Root Regions 0.210ms
[2026-04-10T22:13:57.539-0700][0.707s][info][gc,marking  ] GC(42) Concurrent Mark
[2026-04-10T22:13:57.539-0700][0.707s][info][gc,marking  ] GC(42) Concurrent Mark From Roots
[2026-04-10T22:13:57.539-0700][0.707s][info][gc,task     ] GC(42) Using 2 workers of 2 for marking
[2026-04-10T22:13:57.540-0700][0.707s][info][gc,start    ] GC(43) Pause Young (Normal) (G1 Evacuation Pause)
[2026-04-10T22:13:57.540-0700][0.707s][info][gc,task     ] GC(43) Using 5 workers of 9 for evacuation
[2026-04-10T22:13:57.541-0700][0.708s][info][gc,phases   ] GC(43)   Pre Evacuate Collection Set: 0.06ms
[2026-04-10T22:13:57.541-0700][0.708s][info][gc,phases   ] GC(43)   Merge Heap Roots: 0.03ms
[2026-04-10T22:13:57.541-0700][0.708s][info][gc,phases   ] GC(43)   Evacuate Collection Set: 0.77ms
[2026-04-10T22:13:57.541-0700][0.708s][info][gc,phases   ] GC(43)   Post Evacuate Collection Set: 0.12ms
[2026-04-10T22:13:57.541-0700][0.708s][info][gc,phases   ] GC(43)   Other: 0.04ms
[2026-04-10T22:13:57.541-0700][0.708s][info][gc,heap     ] GC(43) Eden regions: 16->0(15)
[2026-04-10T22:13:57.541-0700][0.708s][info][gc,heap     ] GC(43) Survivor regions: 4->3(3)
[2026-04-10T22:13:57.541-0700][0.708s][info][gc,heap     ] GC(43) Old regions: 193->212
[2026-04-10T22:13:57.541-0700][0.708s][info][gc,heap     ] GC(43) Humongous regions: 0->0
[2026-04-10T22:13:57.541-0700][0.708s][info][gc,metaspace] GC(43) Metaspace: 9812K(9984K)->9812K(9984K) NonClass: 8610K(8704K)->8610K(8704K) Class: 1202K(1280K)->1202K(1280K)
[2026-04-10T22:13:57.541-0700][0.708s][info][gc          ] GC(43) Pause Young (Normal) (G1 Evacuation Pause) 213M->214M(248M) 1.132ms
[2026-04-10T22:13:57.541-0700][0.708s][info][gc,cpu      ] GC(43) User=0.00s Sys=0.00s Real=0.00s
[2026-04-10T22:13:57.541-0700][0.708s][info][safepoint   ] Safepoint "G1CollectForAllocation", Time since last: 770750 ns, Reaching safepoint: 13041 ns, At safepoint: 1155334 ns, Leaving safepoint: 4333 ns, Total: 1172708 ns, Threads: 0 runnable, 10 total
[2026-04-10T22:13:57.542-0700][0.709s][info][gc,start    ] GC(44) Pause Young (Normal) (G1 Evacuation Pause)
[2026-04-10T22:13:57.542-0700][0.710s][info][gc,task     ] GC(44) Using 5 workers of 9 for evacuation
[2026-04-10T22:13:57.543-0700][0.710s][info][gc,phases   ] GC(44)   Pre Evacuate Collection Set: 0.04ms
[2026-04-10T22:13:57.543-0700][0.710s][info][gc,phases   ] GC(44)   Merge Heap Roots: 0.03ms
[2026-04-10T22:13:57.543-0700][0.710s][info][gc,phases   ] GC(44)   Evacuate Collection Set: 0.73ms
[2026-04-10T22:13:57.543-0700][0.710s][info][gc,phases   ] GC(44)   Post Evacuate Collection Set: 0.09ms
[2026-04-10T22:13:57.543-0700][0.711s][info][gc,phases   ] GC(44)   Other: 0.03ms
[2026-04-10T22:13:57.543-0700][0.711s][info][gc,heap     ] GC(44) Eden regions: 15->0(12)
[2026-04-10T22:13:57.543-0700][0.711s][info][gc,heap     ] GC(44) Survivor regions: 3->3(3)
[2026-04-10T22:13:57.543-0700][0.711s][info][gc,heap     ] GC(44) Old regions: 212->229
[2026-04-10T22:13:57.543-0700][0.711s][info][gc,heap     ] GC(44) Humongous regions: 0->0
[2026-04-10T22:13:57.543-0700][0.711s][info][gc,metaspace] GC(44) Metaspace: 9812K(9984K)->9812K(9984K) NonClass: 8610K(8704K)->8610K(8704K) Class: 1202K(1280K)->1202K(1280K)
[2026-04-10T22:13:57.543-0700][0.711s][info][gc          ] GC(44) Pause Young (Normal) (G1 Evacuation Pause) 229M->231M(253M) 1.052ms
[2026-04-10T22:13:57.543-0700][0.711s][info][gc,cpu      ] GC(44) User=0.00s Sys=0.00s Real=0.00s
[2026-04-10T22:13:57.543-0700][0.711s][info][safepoint   ] Safepoint "G1CollectForAllocation", Time since last: 775292 ns, Reaching safepoint: 477166 ns, At safepoint: 1073375 ns, Leaving safepoint: 5084 ns, Total: 1555625 ns, Threads: 0 runnable, 10 total
[2026-04-10T22:13:57.545-0700][0.712s][info][gc,marking  ] GC(42) Concurrent Mark From Roots 5.434ms
[2026-04-10T22:13:57.545-0700][0.712s][info][gc,marking  ] GC(42) Concurrent Preclean
[2026-04-10T22:13:57.545-0700][0.712s][info][gc,marking  ] GC(42) Concurrent Preclean 0.023ms
[2026-04-10T22:13:57.629-0700][0.796s][info][gc,start    ] GC(42) Pause Remark
[2026-04-10T22:13:57.629-0700][0.797s][info][gc          ] GC(42) Pause Remark 231M->128M(253M) 0.620ms
[2026-04-10T22:13:57.629-0700][0.797s][info][gc,cpu      ] GC(42) User=0.00s Sys=0.00s Real=0.00s
[2026-04-10T22:13:57.629-0700][0.797s][info][safepoint   ] Safepoint "G1PauseRemark", Time since last: 1505791 ns, Reaching safepoint: 83910834 ns, At safepoint: 667291 ns, Leaving safepoint: 2917 ns, Total: 84581042 ns, Threads: 1 runnable, 10 total
[2026-04-10T22:13:57.629-0700][0.797s][info][gc,marking  ] GC(42) Concurrent Mark 90.105ms
[2026-04-10T22:13:57.629-0700][0.797s][info][gc,marking  ] GC(42) Concurrent Rebuild Remembered Sets and Scrub Regions
[2026-04-10T22:13:57.631-0700][0.799s][info][gc,marking  ] GC(42) Concurrent Rebuild Remembered Sets and Scrub Regions 2.054ms
[2026-04-10T22:13:57.634-0700][0.801s][info][gc,start    ] GC(42) Pause Cleanup
[2026-04-10T22:13:57.634-0700][0.801s][info][gc          ] GC(42) Pause Cleanup 128M->128M(253M) 0.030ms
[2026-04-10T22:13:57.634-0700][0.801s][info][gc,cpu      ] GC(42) User=0.00s Sys=0.00s Real=0.00s
[2026-04-10T22:13:57.634-0700][0.801s][info][safepoint   ] Safepoint "G1PauseCleanup", Time since last: 2089625 ns, Reaching safepoint: 2269583 ns, At safepoint: 48334 ns, Leaving safepoint: 1916 ns, Total: 2319833 ns, Threads: 1 runnable, 10 total
[2026-04-10T22:13:57.634-0700][0.801s][info][gc,marking  ] GC(42) Concurrent Clear Claimed Marks
[2026-04-10T22:13:57.634-0700][0.801s][info][gc,marking  ] GC(42) Concurrent Clear Claimed Marks 0.012ms
[2026-04-10T22:13:57.634-0700][0.801s][info][gc,marking  ] GC(42) Concurrent Cleanup for Next Mark
[2026-04-10T22:13:57.634-0700][0.801s][info][gc,marking  ] GC(42) Concurrent Cleanup for Next Mark 0.125ms
[2026-04-10T22:13:57.634-0700][0.801s][info][gc          ] GC(42) Concurrent Mark Cycle 94.949ms
[2026-04-10T22:13:57.643-0700][0.810s][info][gc,start    ] GC(45) Pause Young (Prepare Mixed) (G1 Evacuation Pause)
[2026-04-10T22:13:57.643-0700][0.811s][info][gc,task     ] GC(45) Using 6 workers of 9 for evacuation
[2026-04-10T22:13:57.644-0700][0.811s][info][gc,phases   ] GC(45)   Pre Evacuate Collection Set: 0.07ms
[2026-04-10T22:13:57.644-0700][0.811s][info][gc,phases   ] GC(45)   Merge Heap Roots: 0.05ms
[2026-04-10T22:13:57.644-0700][0.811s][info][gc,phases   ] GC(45)   Evacuate Collection Set: 0.55ms
[2026-04-10T22:13:57.644-0700][0.811s][info][gc,phases   ] GC(45)   Post Evacuate Collection Set: 0.13ms
[2026-04-10T22:13:57.644-0700][0.811s][info][gc,phases   ] GC(45)   Other: 0.10ms
[2026-04-10T22:13:57.644-0700][0.811s][info][gc,heap     ] GC(45) Eden regions: 12->0(34)
[2026-04-10T22:13:57.644-0700][0.811s][info][gc,heap     ] GC(45) Survivor regions: 3->2(2)
[2026-04-10T22:13:57.644-0700][0.811s][info][gc,heap     ] GC(45) Old regions: 126->140
[2026-04-10T22:13:57.644-0700][0.811s][info][gc,heap     ] GC(45) Humongous regions: 0->0
[2026-04-10T22:13:57.644-0700][0.811s][info][gc,metaspace] GC(45) Metaspace: 9812K(9984K)->9812K(9984K) NonClass: 8610K(8704K)->8610K(8704K) Class: 1202K(1280K)->1202K(1280K)
[2026-04-10T22:13:57.644-0700][0.811s][info][gc          ] GC(45) Pause Young (Prepare Mixed) (G1 Evacuation Pause) 140M->142M(253M) 0.992ms
[2026-04-10T22:13:57.644-0700][0.811s][info][gc,cpu      ] GC(45) User=0.00s Sys=0.00s Real=0.00s
[2026-04-10T22:13:57.644-0700][0.811s][info][safepoint   ] Safepoint "G1CollectForAllocation", Time since last: 9397250 ns, Reaching safepoint: 1209 ns, At safepoint: 1010083 ns, Leaving safepoint: 2333 ns, Total: 1013625 ns, Threads: 0 runnable, 10 total
[2026-04-10T22:13:57.646-0700][0.813s][info][gc,start    ] GC(46) Pause Young (Mixed) (G1 Evacuation Pause)
[2026-04-10T22:13:57.646-0700][0.813s][info][gc,task     ] GC(46) Using 6 workers of 9 for evacuation
[2026-04-10T22:13:57.647-0700][0.815s][info][gc,phases   ] GC(46)   Pre Evacuate Collection Set: 0.05ms
[2026-04-10T22:13:57.647-0700][0.815s][info][gc,phases   ] GC(46)   Merge Heap Roots: 0.02ms
[2026-04-10T22:13:57.647-0700][0.815s][info][gc,phases   ] GC(46)   Evacuate Collection Set: 1.08ms
[2026-04-10T22:13:57.647-0700][0.815s][info][gc,phases   ] GC(46)   Post Evacuate Collection Set: 0.14ms
[2026-04-10T22:13:57.647-0700][0.815s][info][gc,phases   ] GC(46)   Other: 0.04ms
[2026-04-10T22:13:57.647-0700][0.815s][info][gc,heap     ] GC(46) Eden regions: 34->0(24)
[2026-04-10T22:13:57.647-0700][0.815s][info][gc,heap     ] GC(46) Survivor regions: 2->5(5)
[2026-04-10T22:13:57.647-0700][0.815s][info][gc,heap     ] GC(46) Old regions: 140->169
[2026-04-10T22:13:57.647-0700][0.815s][info][gc,heap     ] GC(46) Humongous regions: 0->0
[2026-04-10T22:13:57.647-0700][0.815s][info][gc,metaspace] GC(46) Metaspace: 9812K(9984K)->9812K(9984K) NonClass: 8610K(8704K)->8610K(8704K) Class: 1202K(1280K)->1202K(1280K)
[2026-04-10T22:13:57.647-0700][0.815s][info][gc          ] GC(46) Pause Young (Mixed) (G1 Evacuation Pause) 176M->174M(253M) 1.452ms
[2026-04-10T22:13:57.647-0700][0.815s][info][gc,cpu      ] GC(46) User=0.01s Sys=0.00s Real=0.00s
[2026-04-10T22:13:57.647-0700][0.815s][info][safepoint   ] Safepoint "G1CollectForAllocation", Time since last: 1823625 ns, Reaching safepoint: 1334 ns, At safepoint: 1470916 ns, Leaving safepoint: 3750 ns, Total: 1476000 ns, Threads: 0 runnable, 10 total
[2026-04-10T22:13:57.662-0700][0.830s][info][gc,start    ] GC(47) Pause Young (Concurrent Start) (G1 Evacuation Pause)
[2026-04-10T22:13:57.662-0700][0.830s][info][gc,task     ] GC(47) Using 6 workers of 9 for evacuation
[2026-04-10T22:13:57.664-0700][0.831s][info][gc,phases   ] GC(47)   Pre Evacuate Collection Set: 0.06ms
[2026-04-10T22:13:57.664-0700][0.831s][info][gc,phases   ] GC(47)   Merge Heap Roots: 0.02ms
[2026-04-10T22:13:57.664-0700][0.831s][info][gc,phases   ] GC(47)   Evacuate Collection Set: 0.95ms
[2026-04-10T22:13:57.664-0700][0.831s][info][gc,phases   ] GC(47)   Post Evacuate Collection Set: 0.12ms
[2026-04-10T22:13:57.664-0700][0.831s][info][gc,phases   ] GC(47)   Other: 0.03ms
[2026-04-10T22:13:57.664-0700][0.831s][info][gc,heap     ] GC(47) Eden regions: 24->0(16)
[2026-04-10T22:13:57.664-0700][0.831s][info][gc,heap     ] GC(47) Survivor regions: 5->4(4)
[2026-04-10T22:13:57.664-0700][0.831s][info][gc,heap     ] GC(47) Old regions: 169->195
[2026-04-10T22:13:57.664-0700][0.831s][info][gc,heap     ] GC(47) Humongous regions: 0->0
[2026-04-10T22:13:57.664-0700][0.831s][info][gc,metaspace] GC(47) Metaspace: 9812K(9984K)->9812K(9984K) NonClass: 8610K(8704K)->8610K(8704K) Class: 1202K(1280K)->1202K(1280K)
[2026-04-10T22:13:57.664-0700][0.831s][info][gc          ] GC(47) Pause Young (Concurrent Start) (G1 Evacuation Pause) 198M->199M(253M) 1.282ms
[2026-04-10T22:13:57.664-0700][0.831s][info][gc,cpu      ] GC(47) User=0.01s Sys=0.01s Real=0.00s
[2026-04-10T22:13:57.664-0700][0.831s][info][gc          ] GC(48) Concurrent Mark Cycle
[2026-04-10T22:13:57.664-0700][0.831s][info][safepoint   ] Safepoint "G1CollectForAllocation", Time since last: 14926542 ns, Reaching safepoint: 1542 ns, At safepoint: 1307375 ns, Leaving safepoint: 3541 ns, Total: 1312458 ns, Threads: 0 runnable, 10 total
[2026-04-10T22:13:57.664-0700][0.831s][info][gc,marking  ] GC(48) Concurrent Scan Root Regions
[2026-04-10T22:13:57.664-0700][0.831s][info][gc,marking  ] GC(48) Concurrent Scan Root Regions 0.231ms
[2026-04-10T22:13:57.664-0700][0.831s][info][gc,marking  ] GC(48) Concurrent Mark
[2026-04-10T22:13:57.664-0700][0.831s][info][gc,marking  ] GC(48) Concurrent Mark From Roots
[2026-04-10T22:13:57.664-0700][0.831s][info][gc,task     ] GC(48) Using 2 workers of 2 for marking
[2026-04-10T22:13:57.665-0700][0.832s][info][gc,start    ] GC(49) Pause Young (Normal) (G1 Evacuation Pause)
[2026-04-10T22:13:57.665-0700][0.832s][info][gc,task     ] GC(49) Using 6 workers of 9 for evacuation
[2026-04-10T22:13:57.666-0700][0.833s][info][gc,phases   ] GC(49)   Pre Evacuate Collection Set: 0.04ms
[2026-04-10T22:13:57.666-0700][0.833s][info][gc,phases   ] GC(49)   Merge Heap Roots: 0.02ms
[2026-04-10T22:13:57.666-0700][0.833s][info][gc,phases   ] GC(49)   Evacuate Collection Set: 0.73ms
[2026-04-10T22:13:57.666-0700][0.833s][info][gc,phases   ] GC(49)   Post Evacuate Collection Set: 0.12ms
[2026-04-10T22:13:57.666-0700][0.833s][info][gc,phases   ] GC(49)   Other: 0.04ms
[2026-04-10T22:13:57.666-0700][0.833s][info][gc,heap     ] GC(49) Eden regions: 16->0(14)
[2026-04-10T22:13:57.666-0700][0.833s][info][gc,heap     ] GC(49) Survivor regions: 4->3(3)
[2026-04-10T22:13:57.666-0700][0.833s][info][gc,heap     ] GC(49) Old regions: 195->214
[2026-04-10T22:13:57.666-0700][0.833s][info][gc,heap     ] GC(49) Humongous regions: 0->0
[2026-04-10T22:13:57.666-0700][0.833s][info][gc,metaspace] GC(49) Metaspace: 9812K(9984K)->9812K(9984K) NonClass: 8610K(8704K)->8610K(8704K) Class: 1202K(1280K)->1202K(1280K)
[2026-04-10T22:13:57.666-0700][0.833s][info][gc          ] GC(49) Pause Young (Normal) (G1 Evacuation Pause) 214M->216M(253M) 1.059ms
[2026-04-10T22:13:57.666-0700][0.833s][info][gc,cpu      ] GC(49) User=0.00s Sys=0.00s Real=0.00s
[2026-04-10T22:13:57.666-0700][0.833s][info][safepoint   ] Safepoint "G1CollectForAllocation", Time since last: 904542 ns, Reaching safepoint: 100917 ns, At safepoint: 1078708 ns, Leaving safepoint: 4042 ns, Total: 1183667 ns, Threads: 0 runnable, 10 total
[2026-04-10T22:13:57.668-0700][0.835s][info][gc,marking  ] GC(48) Concurrent Mark From Roots 3.966ms
[2026-04-10T22:13:57.668-0700][0.835s][info][gc,marking  ] GC(48) Concurrent Preclean
[2026-04-10T22:13:57.668-0700][0.835s][info][gc,marking  ] GC(48) Concurrent Preclean 0.007ms
[2026-04-10T22:13:57.753-0700][0.920s][info][gc,start    ] GC(48) Pause Remark
[2026-04-10T22:13:57.753-0700][0.921s][info][gc          ] GC(48) Pause Remark 229M->129M(253M) 0.557ms
[2026-04-10T22:13:57.753-0700][0.921s][info][gc,cpu      ] GC(48) User=0.00s Sys=0.00s Real=0.00s
[2026-04-10T22:13:57.754-0700][0.921s][info][safepoint   ] Safepoint "G1PauseRemark", Time since last: 2206375 ns, Reaching safepoint: 84941000 ns, At safepoint: 589166 ns, Leaving safepoint: 1750 ns, Total: 85531916 ns, Threads: 1 runnable, 10 total
[2026-04-10T22:13:57.754-0700][0.921s][info][gc,marking  ] GC(48) Concurrent Mark 89.581ms
[2026-04-10T22:13:57.754-0700][0.921s][info][gc,marking  ] GC(48) Concurrent Rebuild Remembered Sets and Scrub Regions
[2026-04-10T22:13:57.755-0700][0.923s][info][gc,marking  ] GC(48) Concurrent Rebuild Remembered Sets and Scrub Regions 1.927ms
[2026-04-10T22:13:57.758-0700][0.925s][info][gc,start    ] GC(48) Pause Cleanup
[2026-04-10T22:13:57.758-0700][0.925s][info][gc          ] GC(48) Pause Cleanup 129M->129M(253M) 0.047ms
[2026-04-10T22:13:57.758-0700][0.925s][info][gc,cpu      ] GC(48) User=0.00s Sys=0.00s Real=0.00s
[2026-04-10T22:13:57.758-0700][0.925s][info][safepoint   ] Safepoint "G1PauseCleanup", Time since last: 2003209 ns, Reaching safepoint: 2266208 ns, At safepoint: 73083 ns, Leaving safepoint: 2334 ns, Total: 2341625 ns, Threads: 1 runnable, 10 total
[2026-04-10T22:13:57.758-0700][0.925s][info][gc,marking  ] GC(48) Concurrent Clear Claimed Marks
[2026-04-10T22:13:57.758-0700][0.925s][info][gc,marking  ] GC(48) Concurrent Clear Claimed Marks 0.017ms
[2026-04-10T22:13:57.758-0700][0.925s][info][gc,marking  ] GC(48) Concurrent Cleanup for Next Mark
[2026-04-10T22:13:57.758-0700][0.925s][info][gc,marking  ] GC(48) Concurrent Cleanup for Next Mark 0.107ms
[2026-04-10T22:13:57.758-0700][0.925s][info][gc          ] GC(48) Concurrent Mark Cycle 94.352ms
[2026-04-10T22:13:57.767-0700][0.934s][info][gc,start    ] GC(50) Pause Young (Prepare Mixed) (G1 Evacuation Pause)
[2026-04-10T22:13:57.767-0700][0.934s][info][gc,task     ] GC(50) Using 6 workers of 9 for evacuation
[2026-04-10T22:13:57.768-0700][0.935s][info][gc,phases   ] GC(50)   Pre Evacuate Collection Set: 0.07ms
[2026-04-10T22:13:57.768-0700][0.935s][info][gc,phases   ] GC(50)   Merge Heap Roots: 0.05ms
[2026-04-10T22:13:57.768-0700][0.935s][info][gc,phases   ] GC(50)   Evacuate Collection Set: 0.58ms
[2026-04-10T22:13:57.768-0700][0.935s][info][gc,phases   ] GC(50)   Post Evacuate Collection Set: 0.11ms
[2026-04-10T22:13:57.768-0700][0.935s][info][gc,phases   ] GC(50)   Other: 0.05ms
[2026-04-10T22:13:57.768-0700][0.935s][info][gc,heap     ] GC(50) Eden regions: 14->0(37)
[2026-04-10T22:13:57.768-0700][0.935s][info][gc,heap     ] GC(50) Survivor regions: 3->3(3)
[2026-04-10T22:13:57.768-0700][0.935s][info][gc,heap     ] GC(50) Old regions: 114->129
[2026-04-10T22:13:57.768-0700][0.935s][info][gc,heap     ] GC(50) Humongous regions: 0->0
[2026-04-10T22:13:57.768-0700][0.935s][info][gc,metaspace] GC(50) Metaspace: 9812K(9984K)->9812K(9984K) NonClass: 8610K(8704K)->8610K(8704K) Class: 1202K(1280K)->1202K(1280K)
[2026-04-10T22:13:57.768-0700][0.935s][info][gc          ] GC(50) Pause Young (Prepare Mixed) (G1 Evacuation Pause) 130M->132M(253M) 0.975ms
[2026-04-10T22:13:57.768-0700][0.935s][info][gc,cpu      ] GC(50) User=0.00s Sys=0.00s Real=0.00s
[2026-04-10T22:13:57.768-0700][0.935s][info][safepoint   ] Safepoint "G1CollectForAllocation", Time since last: 9030666 ns, Reaching safepoint: 1417 ns, At safepoint: 996375 ns, Leaving safepoint: 4125 ns, Total: 1001917 ns, Threads: 0 runnable, 10 total
[2026-04-10T22:13:57.770-0700][0.937s][info][gc,start    ] GC(51) Pause Young (Mixed) (G1 Evacuation Pause)
[2026-04-10T22:13:57.770-0700][0.937s][info][gc,task     ] GC(51) Using 6 workers of 9 for evacuation
[2026-04-10T22:13:57.771-0700][0.938s][info][gc,phases   ] GC(51)   Pre Evacuate Collection Set: 0.07ms
[2026-04-10T22:13:57.771-0700][0.938s][info][gc,phases   ] GC(51)   Merge Heap Roots: 0.02ms
[2026-04-10T22:13:57.771-0700][0.938s][info][gc,phases   ] GC(51)   Evacuate Collection Set: 0.91ms
[2026-04-10T22:13:57.771-0700][0.938s][info][gc,phases   ] GC(51)   Post Evacuate Collection Set: 0.14ms
[2026-04-10T22:13:57.771-0700][0.938s][info][gc,phases   ] GC(51)   Other: 0.06ms
[2026-04-10T22:13:57.771-0700][0.938s][info][gc,heap     ] GC(51) Eden regions: 37->0(26)
[2026-04-10T22:13:57.771-0700][0.938s][info][gc,heap     ] GC(51) Survivor regions: 3->5(5)
[2026-04-10T22:13:57.771-0700][0.938s][info][gc,heap     ] GC(51) Old regions: 129->163
[2026-04-10T22:13:57.771-0700][0.938s][info][gc,heap     ] GC(51) Humongous regions: 0->0
[2026-04-10T22:13:57.771-0700][0.938s][info][gc,metaspace] GC(51) Metaspace: 9812K(9984K)->9812K(9984K) NonClass: 8610K(8704K)->8610K(8704K) Class: 1202K(1280K)->1202K(1280K)
[2026-04-10T22:13:57.771-0700][0.938s][info][gc          ] GC(51) Pause Young (Mixed) (G1 Evacuation Pause) 169M->168M(253M) 1.323ms
[2026-04-10T22:13:57.771-0700][0.938s][info][gc,cpu      ] GC(51) User=0.00s Sys=0.00s Real=0.00s
[2026-04-10T22:13:57.771-0700][0.938s][info][safepoint   ] Safepoint "G1CollectForAllocation", Time since last: 1745500 ns, Reaching safepoint: 1375 ns, At safepoint: 1344833 ns, Leaving safepoint: 4209 ns, Total: 1350417 ns, Threads: 0 runnable, 10 total
[2026-04-10T22:13:57.786-0700][0.953s][info][gc,start    ] GC(52) Pause Young (Concurrent Start) (G1 Evacuation Pause)
[2026-04-10T22:13:57.786-0700][0.953s][info][gc,task     ] GC(52) Using 6 workers of 9 for evacuation
[2026-04-10T22:13:57.787-0700][0.954s][info][gc,phases   ] GC(52)   Pre Evacuate Collection Set: 0.08ms
[2026-04-10T22:13:57.787-0700][0.954s][info][gc,phases   ] GC(52)   Merge Heap Roots: 0.03ms
[2026-04-10T22:13:57.787-0700][0.954s][info][gc,phases   ] GC(52)   Evacuate Collection Set: 0.88ms
[2026-04-10T22:13:57.787-0700][0.954s][info][gc,phases   ] GC(52)   Post Evacuate Collection Set: 0.12ms
[2026-04-10T22:13:57.787-0700][0.954s][info][gc,phases   ] GC(52)   Other: 0.05ms
[2026-04-10T22:13:57.787-0700][0.954s][info][gc,heap     ] GC(52) Eden regions: 26->0(18)
[2026-04-10T22:13:57.787-0700][0.954s][info][gc,heap     ] GC(52) Survivor regions: 5->4(4)
[2026-04-10T22:13:57.787-0700][0.954s][info][gc,heap     ] GC(52) Old regions: 163->192
[2026-04-10T22:13:57.787-0700][0.954s][info][gc,heap     ] GC(52) Humongous regions: 0->0
[2026-04-10T22:13:57.787-0700][0.954s][info][gc,metaspace] GC(52) Metaspace: 9812K(9984K)->9812K(9984K) NonClass: 8610K(8704K)->8610K(8704K) Class: 1202K(1280K)->1202K(1280K)
[2026-04-10T22:13:57.787-0700][0.954s][info][gc          ] GC(52) Pause Young (Concurrent Start) (G1 Evacuation Pause) 194M->196M(254M) 1.310ms
[2026-04-10T22:13:57.787-0700][0.954s][info][gc,cpu      ] GC(52) User=0.00s Sys=0.00s Real=0.00s
[2026-04-10T22:13:57.787-0700][0.954s][info][gc          ] GC(53) Concurrent Mark Cycle
[2026-04-10T22:13:57.787-0700][0.954s][info][safepoint   ] Safepoint "G1CollectForAllocation", Time since last: 14697375 ns, Reaching safepoint: 2125 ns, At safepoint: 1337125 ns, Leaving safepoint: 4166 ns, Total: 1343416 ns, Threads: 0 runnable, 10 total
[2026-04-10T22:13:57.787-0700][0.954s][info][gc,marking  ] GC(53) Concurrent Scan Root Regions
[2026-04-10T22:13:57.787-0700][0.955s][info][gc,marking  ] GC(53) Concurrent Scan Root Regions 0.253ms
[2026-04-10T22:13:57.787-0700][0.955s][info][gc,marking  ] GC(53) Concurrent Mark
[2026-04-10T22:13:57.787-0700][0.955s][info][gc,marking  ] GC(53) Concurrent Mark From Roots
[2026-04-10T22:13:57.787-0700][0.955s][info][gc,task     ] GC(53) Using 2 workers of 2 for marking
[2026-04-10T22:13:57.788-0700][0.955s][info][gc,start    ] GC(54) Pause Young (Normal) (G1 Evacuation Pause)
[2026-04-10T22:13:57.788-0700][0.955s][info][gc,task     ] GC(54) Using 6 workers of 9 for evacuation
[2026-04-10T22:13:57.789-0700][0.956s][info][gc,phases   ] GC(54)   Pre Evacuate Collection Set: 0.05ms
[2026-04-10T22:13:57.789-0700][0.956s][info][gc,phases   ] GC(54)   Merge Heap Roots: 0.03ms
[2026-04-10T22:13:57.789-0700][0.956s][info][gc,phases   ] GC(54)   Evacuate Collection Set: 0.64ms
[2026-04-10T22:13:57.789-0700][0.956s][info][gc,phases   ] GC(54)   Post Evacuate Collection Set: 0.11ms
[2026-04-10T22:13:57.789-0700][0.956s][info][gc,phases   ] GC(54)   Other: 0.04ms
[2026-04-10T22:13:57.789-0700][0.956s][info][gc,heap     ] GC(54) Eden regions: 18->0(16)
[2026-04-10T22:13:57.789-0700][0.956s][info][gc,heap     ] GC(54) Survivor regions: 4->3(3)
[2026-04-10T22:13:57.789-0700][0.956s][info][gc,heap     ] GC(54) Old regions: 192->213
[2026-04-10T22:13:57.789-0700][0.956s][info][gc,heap     ] GC(54) Humongous regions: 0->0
[2026-04-10T22:13:57.789-0700][0.956s][info][gc,metaspace] GC(54) Metaspace: 9812K(9984K)->9812K(9984K) NonClass: 8610K(8704K)->8610K(8704K) Class: 1202K(1280K)->1202K(1280K)
[2026-04-10T22:13:57.789-0700][0.956s][info][gc          ] GC(54) Pause Young (Normal) (G1 Evacuation Pause) 214M->215M(254M) 0.972ms
[2026-04-10T22:13:57.789-0700][0.956s][info][gc,cpu      ] GC(54) User=0.00s Sys=0.00s Real=0.00s
[2026-04-10T22:13:57.789-0700][0.956s][info][safepoint   ] Safepoint "G1CollectForAllocation", Time since last: 718042 ns, Reaching safepoint: 23417 ns, At safepoint: 993625 ns, Leaving safepoint: 4583 ns, Total: 1021625 ns, Threads: 0 runnable, 10 total
[2026-04-10T22:13:57.790-0700][0.957s][info][gc,start    ] GC(55) Pause Young (Normal) (G1 Evacuation Pause)
[2026-04-10T22:13:57.790-0700][0.957s][info][gc,task     ] GC(55) Using 6 workers of 9 for evacuation
[2026-04-10T22:13:57.790-0700][0.958s][info][gc,phases   ] GC(55)   Pre Evacuate Collection Set: 0.05ms
[2026-04-10T22:13:57.790-0700][0.958s][info][gc,phases   ] GC(55)   Merge Heap Roots: 0.02ms
[2026-04-10T22:13:57.790-0700][0.958s][info][gc,phases   ] GC(55)   Evacuate Collection Set: 0.66ms
[2026-04-10T22:13:57.790-0700][0.958s][info][gc,phases   ] GC(55)   Post Evacuate Collection Set: 0.12ms
[2026-04-10T22:13:57.790-0700][0.958s][info][gc,phases   ] GC(55)   Other: 0.06ms
[2026-04-10T22:13:57.791-0700][0.958s][info][gc,heap     ] GC(55) Eden regions: 16->0(12)
[2026-04-10T22:13:57.791-0700][0.958s][info][gc,heap     ] GC(55) Survivor regions: 3->3(3)
[2026-04-10T22:13:57.791-0700][0.958s][info][gc,heap     ] GC(55) Old regions: 213->230
[2026-04-10T22:13:57.791-0700][0.958s][info][gc,heap     ] GC(55) Humongous regions: 0->0
[2026-04-10T22:13:57.791-0700][0.958s][info][gc,metaspace] GC(55) Metaspace: 9812K(9984K)->9812K(9984K) NonClass: 8610K(8704K)->8610K(8704K) Class: 1202K(1280K)->1202K(1280K)
[2026-04-10T22:13:57.791-0700][0.958s][info][gc          ] GC(55) Pause Young (Normal) (G1 Evacuation Pause) 231M->233M(254M) 1.023ms
[2026-04-10T22:13:57.791-0700][0.958s][info][gc,cpu      ] GC(55) User=0.00s Sys=0.00s Real=0.00s
[2026-04-10T22:13:57.791-0700][0.958s][info][safepoint   ] Safepoint "G1CollectForAllocation", Time since last: 643958 ns, Reaching safepoint: 107000 ns, At safepoint: 1053209 ns, Leaving safepoint: 8500 ns, Total: 1168709 ns, Threads: 0 runnable, 10 total
[2026-04-10T22:13:57.792-0700][0.959s][info][gc,marking  ] GC(53) Concurrent Mark From Roots 4.649ms
[2026-04-10T22:13:57.792-0700][0.959s][info][gc,marking  ] GC(53) Concurrent Preclean
[2026-04-10T22:13:57.792-0700][0.959s][info][gc,marking  ] GC(53) Concurrent Preclean 0.011ms
[2026-04-10T22:13:57.874-0700][1.042s][info][gc,start    ] GC(53) Pause Remark
[2026-04-10T22:13:57.875-0700][1.042s][info][gc          ] GC(53) Pause Remark 233M->130M(254M) 0.613ms
[2026-04-10T22:13:57.875-0700][1.042s][info][gc,cpu      ] GC(53) User=0.00s Sys=0.00s Real=0.00s
[2026-04-10T22:13:57.875-0700][1.042s][info][safepoint   ] Safepoint "G1PauseRemark", Time since last: 1427291 ns, Reaching safepoint: 82351459 ns, At safepoint: 645666 ns, Leaving safepoint: 2500 ns, Total: 82999625 ns, Threads: 1 runnable, 10 total
[2026-04-10T22:13:57.875-0700][1.042s][info][gc,marking  ] GC(53) Concurrent Mark 87.710ms
[2026-04-10T22:13:57.875-0700][1.042s][info][gc,marking  ] GC(53) Concurrent Rebuild Remembered Sets and Scrub Regions
[2026-04-10T22:13:57.877-0700][1.044s][info][gc,marking  ] GC(53) Concurrent Rebuild Remembered Sets and Scrub Regions 1.988ms
[2026-04-10T22:13:57.879-0700][1.047s][info][gc,start    ] GC(53) Pause Cleanup
[2026-04-10T22:13:57.879-0700][1.047s][info][gc          ] GC(53) Pause Cleanup 130M->130M(254M) 0.018ms
[2026-04-10T22:13:57.879-0700][1.047s][info][gc,cpu      ] GC(53) User=0.00s Sys=0.00s Real=0.00s
[2026-04-10T22:13:57.879-0700][1.047s][info][safepoint   ] Safepoint "G1PauseCleanup", Time since last: 2039000 ns, Reaching safepoint: 2261625 ns, At safepoint: 38084 ns, Leaving safepoint: 833 ns, Total: 2300542 ns, Threads: 1 runnable, 10 total
[2026-04-10T22:13:57.879-0700][1.047s][info][gc,marking  ] GC(53) Concurrent Clear Claimed Marks
[2026-04-10T22:13:57.879-0700][1.047s][info][gc,marking  ] GC(53) Concurrent Clear Claimed Marks 0.015ms
[2026-04-10T22:13:57.879-0700][1.047s][info][gc,marking  ] GC(53) Concurrent Cleanup for Next Mark
[2026-04-10T22:13:57.879-0700][1.047s][info][gc,marking  ] GC(53) Concurrent Cleanup for Next Mark 0.114ms
[2026-04-10T22:13:57.880-0700][1.047s][info][gc          ] GC(53) Concurrent Mark Cycle 92.496ms
[2026-04-10T22:13:57.889-0700][1.056s][info][gc,start    ] GC(56) Pause Young (Prepare Mixed) (G1 Evacuation Pause)
[2026-04-10T22:13:57.889-0700][1.056s][info][gc,task     ] GC(56) Using 6 workers of 9 for evacuation
[2026-04-10T22:13:57.889-0700][1.057s][info][gc,phases   ] GC(56)   Pre Evacuate Collection Set: 0.07ms
[2026-04-10T22:13:57.889-0700][1.057s][info][gc,phases   ] GC(56)   Merge Heap Roots: 0.05ms
[2026-04-10T22:13:57.889-0700][1.057s][info][gc,phases   ] GC(56)   Evacuate Collection Set: 0.47ms
[2026-04-10T22:13:57.889-0700][1.057s][info][gc,phases   ] GC(56)   Post Evacuate Collection Set: 0.11ms
[2026-04-10T22:13:57.889-0700][1.057s][info][gc,phases   ] GC(56)   Other: 0.05ms
[2026-04-10T22:13:57.889-0700][1.057s][info][gc,heap     ] GC(56) Eden regions: 12->0(34)
[2026-04-10T22:13:57.889-0700][1.057s][info][gc,heap     ] GC(56) Survivor regions: 3->2(2)
[2026-04-10T22:13:57.889-0700][1.057s][info][gc,heap     ] GC(56) Old regions: 127->141
[2026-04-10T22:13:57.889-0700][1.057s][info][gc,heap     ] GC(56) Humongous regions: 0->0
[2026-04-10T22:13:57.889-0700][1.057s][info][gc,metaspace] GC(56) Metaspace: 9812K(9984K)->9812K(9984K) NonClass: 8610K(8704K)->8610K(8704K) Class: 1202K(1280K)->1202K(1280K)
[2026-04-10T22:13:57.889-0700][1.057s][info][gc          ] GC(56) Pause Young (Prepare Mixed) (G1 Evacuation Pause) 142M->143M(254M) 0.850ms
[2026-04-10T22:13:57.890-0700][1.057s][info][gc,cpu      ] GC(56) User=0.01s Sys=0.00s Real=0.01s
[2026-04-10T22:13:57.890-0700][1.057s][info][safepoint   ] Safepoint "G1CollectForAllocation", Time since last: 9307417 ns, Reaching safepoint: 500 ns, At safepoint: 872916 ns, Leaving safepoint: 3375 ns, Total: 876791 ns, Threads: 0 runnable, 10 total
[2026-04-10T22:13:57.891-0700][1.059s][info][gc,start    ] GC(57) Pause Young (Mixed) (G1 Evacuation Pause)
[2026-04-10T22:13:57.891-0700][1.059s][info][gc,task     ] GC(57) Using 6 workers of 9 for evacuation
[2026-04-10T22:13:57.893-0700][1.060s][info][gc,phases   ] GC(57)   Pre Evacuate Collection Set: 0.05ms
[2026-04-10T22:13:57.893-0700][1.060s][info][gc,phases   ] GC(57)   Merge Heap Roots: 0.03ms
[2026-04-10T22:13:57.893-0700][1.060s][info][gc,phases   ] GC(57)   Evacuate Collection Set: 1.06ms
[2026-04-10T22:13:57.893-0700][1.060s][info][gc,phases   ] GC(57)   Post Evacuate Collection Set: 0.13ms
[2026-04-10T22:13:57.893-0700][1.060s][info][gc,phases   ] GC(57)   Other: 0.04ms
[2026-04-10T22:13:57.893-0700][1.060s][info][gc,heap     ] GC(57) Eden regions: 34->0(24)
[2026-04-10T22:13:57.893-0700][1.060s][info][gc,heap     ] GC(57) Survivor regions: 2->5(5)
[2026-04-10T22:13:57.893-0700][1.060s][info][gc,heap     ] GC(57) Old regions: 141->171
[2026-04-10T22:13:57.893-0700][1.060s][info][gc,heap     ] GC(57) Humongous regions: 0->0
[2026-04-10T22:13:57.893-0700][1.060s][info][gc,metaspace] GC(57) Metaspace: 9812K(9984K)->9812K(9984K) NonClass: 8610K(8704K)->8610K(8704K) Class: 1202K(1280K)->1202K(1280K)
[2026-04-10T22:13:57.893-0700][1.060s][info][gc          ] GC(57) Pause Young (Mixed) (G1 Evacuation Pause) 177M->175M(254M) 1.434ms
[2026-04-10T22:13:57.893-0700][1.060s][info][gc,cpu      ] GC(57) User=0.00s Sys=0.00s Real=0.00s
[2026-04-10T22:13:57.893-0700][1.060s][info][safepoint   ] Safepoint "G1CollectForAllocation", Time since last: 1655625 ns, Reaching safepoint: 2000 ns, At safepoint: 1454709 ns, Leaving safepoint: 3333 ns, Total: 1460042 ns, Threads: 0 runnable, 10 total
[2026-04-10T22:13:57.908-0700][1.075s][info][gc,start    ] GC(58) Pause Young (Concurrent Start) (G1 Evacuation Pause)
[2026-04-10T22:13:57.908-0700][1.075s][info][gc,task     ] GC(58) Using 6 workers of 9 for evacuation
[2026-04-10T22:13:57.909-0700][1.077s][info][gc,phases   ] GC(58)   Pre Evacuate Collection Set: 0.07ms
[2026-04-10T22:13:57.909-0700][1.077s][info][gc,phases   ] GC(58)   Merge Heap Roots: 0.02ms
[2026-04-10T22:13:57.909-0700][1.077s][info][gc,phases   ] GC(58)   Evacuate Collection Set: 0.97ms
[2026-04-10T22:13:57.909-0700][1.077s][info][gc,phases   ] GC(58)   Post Evacuate Collection Set: 0.13ms
[2026-04-10T22:13:57.909-0700][1.077s][info][gc,phases   ] GC(58)   Other: 0.04ms
[2026-04-10T22:13:57.909-0700][1.077s][info][gc,heap     ] GC(58) Eden regions: 24->0(16)
[2026-04-10T22:13:57.909-0700][1.077s][info][gc,heap     ] GC(58) Survivor regions: 5->4(4)
[2026-04-10T22:13:57.909-0700][1.077s][info][gc,heap     ] GC(58) Old regions: 171->197
[2026-04-10T22:13:57.909-0700][1.077s][info][gc,heap     ] GC(58) Humongous regions: 0->0
[2026-04-10T22:13:57.909-0700][1.077s][info][gc,metaspace] GC(58) Metaspace: 9812K(9984K)->9812K(9984K) NonClass: 8610K(8704K)->8610K(8704K) Class: 1202K(1280K)->1202K(1280K)
[2026-04-10T22:13:57.909-0700][1.077s][info][gc          ] GC(58) Pause Young (Concurrent Start) (G1 Evacuation Pause) 199M->201M(254M) 1.342ms
[2026-04-10T22:13:57.909-0700][1.077s][info][gc,cpu      ] GC(58) User=0.01s Sys=0.00s Real=0.00s
[2026-04-10T22:13:57.909-0700][1.077s][info][gc          ] GC(59) Concurrent Mark Cycle
[2026-04-10T22:13:57.909-0700][1.077s][info][safepoint   ] Safepoint "G1CollectForAllocation", Time since last: 15339375 ns, Reaching safepoint: 1917 ns, At safepoint: 1374750 ns, Leaving safepoint: 2791 ns, Total: 1379458 ns, Threads: 0 runnable, 10 total
[2026-04-10T22:13:57.909-0700][1.077s][info][gc,marking  ] GC(59) Concurrent Scan Root Regions
[2026-04-10T22:13:57.910-0700][1.077s][info][gc,marking  ] GC(59) Concurrent Scan Root Regions 0.276ms
[2026-04-10T22:13:57.910-0700][1.077s][info][gc,marking  ] GC(59) Concurrent Mark
[2026-04-10T22:13:57.910-0700][1.077s][info][gc,marking  ] GC(59) Concurrent Mark From Roots
[2026-04-10T22:13:57.910-0700][1.077s][info][gc,task     ] GC(59) Using 2 workers of 2 for marking
[2026-04-10T22:13:57.910-0700][1.077s][info][gc,start    ] GC(60) Pause Young (Normal) (G1 Evacuation Pause)
[2026-04-10T22:13:57.910-0700][1.077s][info][gc,task     ] GC(60) Using 6 workers of 9 for evacuation
[2026-04-10T22:13:57.911-0700][1.078s][info][gc,phases   ] GC(60)   Pre Evacuate Collection Set: 0.05ms
[2026-04-10T22:13:57.911-0700][1.078s][info][gc,phases   ] GC(60)   Merge Heap Roots: 0.03ms
[2026-04-10T22:13:57.911-0700][1.078s][info][gc,phases   ] GC(60)   Evacuate Collection Set: 0.70ms
[2026-04-10T22:13:57.911-0700][1.078s][info][gc,phases   ] GC(60)   Post Evacuate Collection Set: 0.12ms
[2026-04-10T22:13:57.911-0700][1.078s][info][gc,phases   ] GC(60)   Other: 0.04ms
[2026-04-10T22:13:57.911-0700][1.078s][info][gc,heap     ] GC(60) Eden regions: 16->0(17)
[2026-04-10T22:13:57.911-0700][1.078s][info][gc,heap     ] GC(60) Survivor regions: 4->3(3)
[2026-04-10T22:13:57.911-0700][1.078s][info][gc,heap     ] GC(60) Old regions: 197->215
[2026-04-10T22:13:57.911-0700][1.078s][info][gc,heap     ] GC(60) Humongous regions: 0->0
[2026-04-10T22:13:57.911-0700][1.078s][info][gc,metaspace] GC(60) Metaspace: 9812K(9984K)->9812K(9984K) NonClass: 8610K(8704K)->8610K(8704K) Class: 1202K(1280K)->1202K(1280K)
[2026-04-10T22:13:57.911-0700][1.078s][info][gc          ] GC(60) Pause Young (Normal) (G1 Evacuation Pause) 217M->217M(254M) 1.036ms
[2026-04-10T22:13:57.911-0700][1.078s][info][gc,cpu      ] GC(60) User=0.00s Sys=0.00s Real=0.00s
[2026-04-10T22:13:57.911-0700][1.078s][info][safepoint   ] Safepoint "G1CollectForAllocation", Time since last: 654000 ns, Reaching safepoint: 22375 ns, At safepoint: 1055667 ns, Leaving safepoint: 2875 ns, Total: 1080917 ns, Threads: 0 runnable, 10 total
[2026-04-10T22:13:57.914-0700][1.081s][info][gc,marking  ] GC(59) Concurrent Mark From Roots 3.858ms
[2026-04-10T22:13:57.914-0700][1.081s][info][gc,marking  ] GC(59) Concurrent Preclean
[2026-04-10T22:13:57.914-0700][1.081s][info][gc,marking  ] GC(59) Concurrent Preclean 0.007ms
[2026-04-10T22:13:57.997-0700][1.164s][info][gc,start    ] GC(59) Pause Remark
[2026-04-10T22:13:57.998-0700][1.165s][info][gc          ] GC(59) Pause Remark 231M->129M(254M) 0.733ms
[2026-04-10T22:13:57.998-0700][1.165s][info][gc,cpu      ] GC(59) User=0.00s Sys=0.00s Real=0.00s
[2026-04-10T22:13:57.998-0700][1.165s][info][safepoint   ] Safepoint "G1PauseRemark", Time since last: 2493875 ns, Reaching safepoint: 83326417 ns, At safepoint: 773125 ns, Leaving safepoint: 2500 ns, Total: 84102042 ns, Threads: 1 runnable, 10 total
[2026-04-10T22:13:57.998-0700][1.165s][info][gc,marking  ] GC(59) Concurrent Mark 88.049ms
[2026-04-10T22:13:57.998-0700][1.165s][info][gc,marking  ] GC(59) Concurrent Rebuild Remembered Sets and Scrub Regions
[2026-04-10T22:13:58.000-0700][1.167s][info][gc,marking  ] GC(59) Concurrent Rebuild Remembered Sets and Scrub Regions 2.251ms
[2026-04-10T22:13:58.002-0700][1.170s][info][gc,start    ] GC(59) Pause Cleanup
[2026-04-10T22:13:58.002-0700][1.170s][info][gc          ] GC(59) Pause Cleanup 129M->129M(254M) 0.018ms
[2026-04-10T22:13:58.002-0700][1.170s][info][gc,cpu      ] GC(59) User=0.00s Sys=0.00s Real=0.00s
[2026-04-10T22:13:58.002-0700][1.170s][info][safepoint   ] Safepoint "G1PauseCleanup", Time since last: 2306708 ns, Reaching safepoint: 2264083 ns, At safepoint: 33667 ns, Leaving safepoint: 1000 ns, Total: 2298750 ns, Threads: 1 runnable, 10 total
[2026-04-10T22:13:58.002-0700][1.170s][info][gc,marking  ] GC(59) Concurrent Clear Claimed Marks
[2026-04-10T22:13:58.002-0700][1.170s][info][gc,marking  ] GC(59) Concurrent Clear Claimed Marks 0.011ms
[2026-04-10T22:13:58.002-0700][1.170s][info][gc,marking  ] GC(59) Concurrent Cleanup for Next Mark
[2026-04-10T22:13:58.002-0700][1.170s][info][gc,marking  ] GC(59) Concurrent Cleanup for Next Mark 0.122ms
[2026-04-10T22:13:58.002-0700][1.170s][info][gc          ] GC(59) Concurrent Mark Cycle 93.128ms
[2026-04-10T22:13:58.011-0700][1.179s][info][gc,start    ] GC(61) Pause Young (Prepare Mixed) (G1 Evacuation Pause)
[2026-04-10T22:13:58.011-0700][1.179s][info][gc,task     ] GC(61) Using 6 workers of 9 for evacuation
[2026-04-10T22:13:58.012-0700][1.180s][info][gc,phases   ] GC(61)   Pre Evacuate Collection Set: 0.04ms
[2026-04-10T22:13:58.012-0700][1.180s][info][gc,phases   ] GC(61)   Merge Heap Roots: 0.03ms
[2026-04-10T22:13:58.012-0700][1.180s][info][gc,phases   ] GC(61)   Evacuate Collection Set: 0.79ms
[2026-04-10T22:13:58.012-0700][1.180s][info][gc,phases   ] GC(61)   Post Evacuate Collection Set: 0.11ms
[2026-04-10T22:13:58.012-0700][1.180s][info][gc,phases   ] GC(61)   Other: 0.04ms
[2026-04-10T22:13:58.012-0700][1.180s][info][gc,heap     ] GC(61) Eden regions: 17->0(37)
[2026-04-10T22:13:58.012-0700][1.180s][info][gc,heap     ] GC(61) Survivor regions: 3->3(3)
[2026-04-10T22:13:58.012-0700][1.180s][info][gc,heap     ] GC(61) Old regions: 113->132
[2026-04-10T22:13:58.012-0700][1.180s][info][gc,heap     ] GC(61) Humongous regions: 0->0
[2026-04-10T22:13:58.012-0700][1.180s][info][gc,metaspace] GC(61) Metaspace: 9812K(9984K)->9812K(9984K) NonClass: 8610K(8704K)->8610K(8704K) Class: 1202K(1280K)->1202K(1280K)
[2026-04-10T22:13:58.012-0700][1.180s][info][gc          ] GC(61) Pause Young (Prepare Mixed) (G1 Evacuation Pause) 132M->134M(254M) 1.124ms
[2026-04-10T22:13:58.012-0700][1.180s][info][gc,cpu      ] GC(61) User=0.00s Sys=0.00s Real=0.00s
[2026-04-10T22:13:58.012-0700][1.180s][info][safepoint   ] Safepoint "G1CollectForAllocation", Time since last: 8949583 ns, Reaching safepoint: 417 ns, At safepoint: 1143958 ns, Leaving safepoint: 2292 ns, Total: 1146667 ns, Threads: 0 runnable, 10 total
[2026-04-10T22:13:58.014-0700][1.181s][info][gc,start    ] GC(62) Pause Young (Mixed) (G1 Evacuation Pause)
[2026-04-10T22:13:58.014-0700][1.181s][info][gc,task     ] GC(62) Using 6 workers of 9 for evacuation
[2026-04-10T22:13:58.015-0700][1.183s][info][gc,phases   ] GC(62)   Pre Evacuate Collection Set: 0.06ms
[2026-04-10T22:13:58.015-0700][1.183s][info][gc,phases   ] GC(62)   Merge Heap Roots: 0.02ms
[2026-04-10T22:13:58.015-0700][1.183s][info][gc,phases   ] GC(62)   Evacuate Collection Set: 1.19ms
[2026-04-10T22:13:58.015-0700][1.183s][info][gc,phases   ] GC(62)   Post Evacuate Collection Set: 0.13ms
[2026-04-10T22:13:58.015-0700][1.183s][info][gc,phases   ] GC(62)   Other: 0.04ms
[2026-04-10T22:13:58.015-0700][1.183s][info][gc,heap     ] GC(62) Eden regions: 37->0(26)
[2026-04-10T22:13:58.015-0700][1.183s][info][gc,heap     ] GC(62) Survivor regions: 3->5(5)
[2026-04-10T22:13:58.015-0700][1.183s][info][gc,heap     ] GC(62) Old regions: 132->165
[2026-04-10T22:13:58.015-0700][1.183s][info][gc,heap     ] GC(62) Humongous regions: 0->0
[2026-04-10T22:13:58.015-0700][1.183s][info][gc,metaspace] GC(62) Metaspace: 9812K(9984K)->9812K(9984K) NonClass: 8610K(8704K)->8610K(8704K) Class: 1202K(1280K)->1202K(1280K)
[2026-04-10T22:13:58.015-0700][1.183s][info][gc          ] GC(62) Pause Young (Mixed) (G1 Evacuation Pause) 171M->169M(254M) 1.576ms
[2026-04-10T22:13:58.015-0700][1.183s][info][gc,cpu      ] GC(62) User=0.01s Sys=0.00s Real=0.00s
[2026-04-10T22:13:58.015-0700][1.183s][info][safepoint   ] Safepoint "G1CollectForAllocation", Time since last: 1467500 ns, Reaching safepoint: 2417 ns, At safepoint: 1599958 ns, Leaving safepoint: 3083 ns, Total: 1605458 ns, Threads: 0 runnable, 10 total
[2026-04-10T22:13:58.030-0700][1.198s][info][gc,start    ] GC(63) Pause Young (Concurrent Start) (G1 Evacuation Pause)
[2026-04-10T22:13:58.030-0700][1.198s][info][gc,task     ] GC(63) Using 6 workers of 9 for evacuation
[2026-04-10T22:13:58.031-0700][1.199s][info][gc,phases   ] GC(63)   Pre Evacuate Collection Set: 0.09ms
[2026-04-10T22:13:58.031-0700][1.199s][info][gc,phases   ] GC(63)   Merge Heap Roots: 0.03ms
[2026-04-10T22:13:58.031-0700][1.199s][info][gc,phases   ] GC(63)   Evacuate Collection Set: 0.85ms
[2026-04-10T22:13:58.031-0700][1.199s][info][gc,phases   ] GC(63)   Post Evacuate Collection Set: 0.15ms
[2026-04-10T22:13:58.031-0700][1.199s][info][gc,phases   ] GC(63)   Other: 0.04ms
[2026-04-10T22:13:58.031-0700][1.199s][info][gc,heap     ] GC(63) Eden regions: 26->0(17)
[2026-04-10T22:13:58.031-0700][1.199s][info][gc,heap     ] GC(63) Survivor regions: 5->4(4)
[2026-04-10T22:13:58.031-0700][1.199s][info][gc,heap     ] GC(63) Old regions: 165->194
[2026-04-10T22:13:58.031-0700][1.199s][info][gc,heap     ] GC(63) Humongous regions: 0->0
[2026-04-10T22:13:58.031-0700][1.199s][info][gc,metaspace] GC(63) Metaspace: 9812K(9984K)->9812K(9984K) NonClass: 8610K(8704K)->8610K(8704K) Class: 1202K(1280K)->1202K(1280K)
[2026-04-10T22:13:58.031-0700][1.199s][info][gc          ] GC(63) Pause Young (Concurrent Start) (G1 Evacuation Pause) 195M->197M(255M) 1.263ms
[2026-04-10T22:13:58.031-0700][1.199s][info][gc,cpu      ] GC(63) User=0.01s Sys=0.00s Real=0.00s
[2026-04-10T22:13:58.031-0700][1.199s][info][safepoint   ] Safepoint "G1CollectForAllocation", Time since last: 14739917 ns, Reaching safepoint: 1583 ns, At safepoint: 1287584 ns, Leaving safepoint: 2625 ns, Total: 1291792 ns, Threads: 0 runnable, 10 total
[2026-04-10T22:13:58.032-0700][1.199s][info][gc          ] GC(64) Concurrent Mark Cycle
[2026-04-10T22:13:58.032-0700][1.199s][info][gc,marking  ] GC(64) Concurrent Scan Root Regions
[2026-04-10T22:13:58.032-0700][1.199s][info][gc,marking  ] GC(64) Concurrent Scan Root Regions 0.257ms
[2026-04-10T22:13:58.032-0700][1.199s][info][gc,marking  ] GC(64) Concurrent Mark
[2026-04-10T22:13:58.032-0700][1.199s][info][gc,marking  ] GC(64) Concurrent Mark From Roots
[2026-04-10T22:13:58.032-0700][1.199s][info][gc,task     ] GC(64) Using 2 workers of 2 for marking
[2026-04-10T22:13:58.032-0700][1.199s][info][gc,start    ] GC(65) Pause Young (Normal) (G1 Evacuation Pause)
[2026-04-10T22:13:58.032-0700][1.199s][info][gc,task     ] GC(65) Using 6 workers of 9 for evacuation
[2026-04-10T22:13:58.033-0700][1.200s][info][gc,phases   ] GC(65)   Pre Evacuate Collection Set: 0.07ms
[2026-04-10T22:13:58.033-0700][1.200s][info][gc,phases   ] GC(65)   Merge Heap Roots: 0.02ms
[2026-04-10T22:13:58.033-0700][1.200s][info][gc,phases   ] GC(65)   Evacuate Collection Set: 0.64ms
[2026-04-10T22:13:58.033-0700][1.200s][info][gc,phases   ] GC(65)   Post Evacuate Collection Set: 0.12ms
[2026-04-10T22:13:58.033-0700][1.200s][info][gc,phases   ] GC(65)   Other: 0.04ms
[2026-04-10T22:13:58.033-0700][1.200s][info][gc,heap     ] GC(65) Eden regions: 17->0(18)
[2026-04-10T22:13:58.033-0700][1.200s][info][gc,heap     ] GC(65) Survivor regions: 4->3(3)
[2026-04-10T22:13:58.033-0700][1.200s][info][gc,heap     ] GC(65) Old regions: 194->213
[2026-04-10T22:13:58.033-0700][1.200s][info][gc,heap     ] GC(65) Humongous regions: 0->0
[2026-04-10T22:13:58.033-0700][1.200s][info][gc,metaspace] GC(65) Metaspace: 9812K(9984K)->9812K(9984K) NonClass: 8610K(8704K)->8610K(8704K) Class: 1202K(1280K)->1202K(1280K)
[2026-04-10T22:13:58.033-0700][1.200s][info][gc          ] GC(65) Pause Young (Normal) (G1 Evacuation Pause) 214M->216M(255M) 1.014ms
[2026-04-10T22:13:58.033-0700][1.200s][info][gc,cpu      ] GC(65) User=0.00s Sys=0.00s Real=0.00s
[2026-04-10T22:13:58.033-0700][1.200s][info][safepoint   ] Safepoint "G1CollectForAllocation", Time since last: 604291 ns, Reaching safepoint: 15042 ns, At safepoint: 1039125 ns, Leaving safepoint: 5000 ns, Total: 1059167 ns, Threads: 0 runnable, 10 total
[2026-04-10T22:13:58.035-0700][1.203s][info][gc,marking  ] GC(64) Concurrent Mark From Roots 3.520ms
[2026-04-10T22:13:58.035-0700][1.203s][info][gc,marking  ] GC(64) Concurrent Preclean
[2026-04-10T22:13:58.035-0700][1.203s][info][gc,marking  ] GC(64) Concurrent Preclean 0.011ms
[2026-04-10T22:13:58.118-0700][1.286s][info][gc,start    ] GC(64) Pause Remark
[2026-04-10T22:13:58.119-0700][1.286s][info][gc          ] GC(64) Pause Remark 232M->128M(255M) 0.542ms
[2026-04-10T22:13:58.119-0700][1.286s][info][gc,cpu      ] GC(64) User=0.00s Sys=0.00s Real=0.00s
[2026-04-10T22:13:58.119-0700][1.286s][info][safepoint   ] Safepoint "G1PauseRemark", Time since last: 2201167 ns, Reaching safepoint: 82916291 ns, At safepoint: 568917 ns, Leaving safepoint: 1667 ns, Total: 83486875 ns, Threads: 1 runnable, 10 total
[2026-04-10T22:13:58.119-0700][1.286s][info][gc,marking  ] GC(64) Concurrent Mark 87.083ms
[2026-04-10T22:13:58.119-0700][1.286s][info][gc,marking  ] GC(64) Concurrent Rebuild Remembered Sets and Scrub Regions
[2026-04-10T22:13:58.121-0700][1.288s][info][gc,marking  ] GC(64) Concurrent Rebuild Remembered Sets and Scrub Regions 1.810ms
[2026-04-10T22:13:58.123-0700][1.290s][info][gc,start    ] GC(64) Pause Cleanup
[2026-04-10T22:13:58.123-0700][1.290s][info][gc          ] GC(64) Pause Cleanup 128M->128M(255M) 0.022ms
[2026-04-10T22:13:58.123-0700][1.290s][info][gc,cpu      ] GC(64) User=0.00s Sys=0.00s Real=0.00s
[2026-04-10T22:13:58.123-0700][1.290s][info][safepoint   ] Safepoint "G1PauseCleanup", Time since last: 1843666 ns, Reaching safepoint: 2257209 ns, At safepoint: 38333 ns, Leaving safepoint: 1167 ns, Total: 2296709 ns, Threads: 1 runnable, 10 total
[2026-04-10T22:13:58.123-0700][1.290s][info][gc,marking  ] GC(64) Concurrent Clear Claimed Marks
[2026-04-10T22:13:58.123-0700][1.290s][info][gc,marking  ] GC(64) Concurrent Clear Claimed Marks 0.014ms
[2026-04-10T22:13:58.123-0700][1.290s][info][gc,marking  ] GC(64) Concurrent Cleanup for Next Mark
[2026-04-10T22:13:58.123-0700][1.290s][info][gc,marking  ] GC(64) Concurrent Cleanup for Next Mark 0.111ms
[2026-04-10T22:13:58.123-0700][1.291s][info][gc          ] GC(64) Concurrent Mark Cycle 91.676ms
[2026-04-10T22:13:58.132-0700][1.299s][info][gc,start    ] GC(66) Pause Young (Prepare Mixed) (G1 Evacuation Pause)
[2026-04-10T22:13:58.132-0700][1.299s][info][gc,task     ] GC(66) Using 6 workers of 9 for evacuation
[2026-04-10T22:13:58.133-0700][1.300s][info][gc,phases   ] GC(66)   Pre Evacuate Collection Set: 0.09ms
[2026-04-10T22:13:58.133-0700][1.300s][info][gc,phases   ] GC(66)   Merge Heap Roots: 0.05ms
[2026-04-10T22:13:58.133-0700][1.300s][info][gc,phases   ] GC(66)   Evacuate Collection Set: 0.79ms
[2026-04-10T22:13:58.133-0700][1.300s][info][gc,phases   ] GC(66)   Post Evacuate Collection Set: 0.12ms
[2026-04-10T22:13:58.133-0700][1.300s][info][gc,phases   ] GC(66)   Other: 0.05ms
[2026-04-10T22:13:58.133-0700][1.301s][info][gc,heap     ] GC(66) Eden regions: 18->0(38)
[2026-04-10T22:13:58.133-0700][1.301s][info][gc,heap     ] GC(66) Survivor regions: 3->3(3)
[2026-04-10T22:13:58.133-0700][1.301s][info][gc,heap     ] GC(66) Old regions: 109->129
[2026-04-10T22:13:58.133-0700][1.301s][info][gc,heap     ] GC(66) Humongous regions: 0->0
[2026-04-10T22:13:58.133-0700][1.301s][info][gc,metaspace] GC(66) Metaspace: 9812K(9984K)->9812K(9984K) NonClass: 8610K(8704K)->8610K(8704K) Class: 1202K(1280K)->1202K(1280K)
[2026-04-10T22:13:58.133-0700][1.301s][info][gc          ] GC(66) Pause Young (Prepare Mixed) (G1 Evacuation Pause) 130M->132M(255M) 1.223ms
[2026-04-10T22:13:58.133-0700][1.301s][info][gc,cpu      ] GC(66) User=0.01s Sys=0.00s Real=0.00s
[2026-04-10T22:13:58.133-0700][1.301s][info][safepoint   ] Safepoint "G1CollectForAllocation", Time since last: 9000250 ns, Reaching safepoint: 875 ns, At safepoint: 1247458 ns, Leaving safepoint: 3667 ns, Total: 1252000 ns, Threads: 0 runnable, 10 total
[2026-04-10T22:13:58.135-0700][1.302s][info][gc,start    ] GC(67) Pause Young (Mixed) (G1 Evacuation Pause)
[2026-04-10T22:13:58.135-0700][1.302s][info][gc,task     ] GC(67) Using 6 workers of 9 for evacuation
[2026-04-10T22:13:58.136-0700][1.304s][info][gc,phases   ] GC(67)   Pre Evacuate Collection Set: 0.04ms
[2026-04-10T22:13:58.136-0700][1.304s][info][gc,phases   ] GC(67)   Merge Heap Roots: 0.03ms
[2026-04-10T22:13:58.136-0700][1.304s][info][gc,phases   ] GC(67)   Evacuate Collection Set: 0.90ms
[2026-04-10T22:13:58.136-0700][1.304s][info][gc,phases   ] GC(67)   Post Evacuate Collection Set: 0.12ms
[2026-04-10T22:13:58.136-0700][1.304s][info][gc,phases   ] GC(67)   Other: 0.05ms
[2026-04-10T22:13:58.136-0700][1.304s][info][gc,heap     ] GC(67) Eden regions: 38->0(27)
[2026-04-10T22:13:58.136-0700][1.304s][info][gc,heap     ] GC(67) Survivor regions: 3->6(6)
[2026-04-10T22:13:58.136-0700][1.304s][info][gc,heap     ] GC(67) Old regions: 129->162
[2026-04-10T22:13:58.136-0700][1.304s][info][gc,heap     ] GC(67) Humongous regions: 0->0
[2026-04-10T22:13:58.136-0700][1.304s][info][gc,metaspace] GC(67) Metaspace: 9812K(9984K)->9812K(9984K) NonClass: 8610K(8704K)->8610K(8704K) Class: 1202K(1280K)->1202K(1280K)
[2026-04-10T22:13:58.136-0700][1.304s][info][gc          ] GC(67) Pause Young (Mixed) (G1 Evacuation Pause) 170M->168M(255M) 1.276ms
[2026-04-10T22:13:58.136-0700][1.304s][info][gc,cpu      ] GC(67) User=0.00s Sys=0.00s Real=0.00s
[2026-04-10T22:13:58.136-0700][1.304s][info][safepoint   ] Safepoint "G1CollectForAllocation", Time since last: 1805166 ns, Reaching safepoint: 1917 ns, At safepoint: 1295458 ns, Leaving safepoint: 6625 ns, Total: 1304000 ns, Threads: 0 runnable, 10 total
[2026-04-10T22:13:58.151-0700][1.319s][info][gc,start    ] GC(68) Pause Young (Concurrent Start) (G1 Evacuation Pause)
[2026-04-10T22:13:58.151-0700][1.319s][info][gc,task     ] GC(68) Using 6 workers of 9 for evacuation
[2026-04-10T22:13:58.152-0700][1.320s][info][gc,phases   ] GC(68)   Pre Evacuate Collection Set: 0.07ms
[2026-04-10T22:13:58.152-0700][1.320s][info][gc,phases   ] GC(68)   Merge Heap Roots: 0.05ms
[2026-04-10T22:13:58.152-0700][1.320s][info][gc,phases   ] GC(68)   Evacuate Collection Set: 0.89ms
[2026-04-10T22:13:58.152-0700][1.320s][info][gc,phases   ] GC(68)   Post Evacuate Collection Set: 0.12ms
[2026-04-10T22:13:58.152-0700][1.320s][info][gc,phases   ] GC(68)   Other: 0.04ms
[2026-04-10T22:13:58.152-0700][1.320s][info][gc,heap     ] GC(68) Eden regions: 27->0(18)
[2026-04-10T22:13:58.152-0700][1.320s][info][gc,heap     ] GC(68) Survivor regions: 6->5(5)
[2026-04-10T22:13:58.152-0700][1.320s][info][gc,heap     ] GC(68) Old regions: 162->190
[2026-04-10T22:13:58.152-0700][1.320s][info][gc,heap     ] GC(68) Humongous regions: 0->0
[2026-04-10T22:13:58.152-0700][1.320s][info][gc,metaspace] GC(68) Metaspace: 9812K(9984K)->9812K(9984K) NonClass: 8610K(8704K)->8610K(8704K) Class: 1202K(1280K)->1202K(1280K)
[2026-04-10T22:13:58.152-0700][1.320s][info][gc          ] GC(68) Pause Young (Concurrent Start) (G1 Evacuation Pause) 195M->194M(255M) 1.291ms
[2026-04-10T22:13:58.153-0700][1.320s][info][gc,cpu      ] GC(68) User=0.00s Sys=0.00s Real=0.00s
[2026-04-10T22:13:58.153-0700][1.320s][info][safepoint   ] Safepoint "G1CollectForAllocation", Time since last: 14855875 ns, Reaching safepoint: 1334 ns, At safepoint: 1317041 ns, Leaving safepoint: 2709 ns, Total: 1321084 ns, Threads: 0 runnable, 10 total
[2026-04-10T22:13:58.153-0700][1.320s][info][gc          ] GC(69) Concurrent Mark Cycle
[2026-04-10T22:13:58.153-0700][1.320s][info][gc,marking  ] GC(69) Concurrent Scan Root Regions
[2026-04-10T22:13:58.153-0700][1.320s][info][gc,marking  ] GC(69) Concurrent Scan Root Regions 0.240ms
[2026-04-10T22:13:58.153-0700][1.320s][info][gc,marking  ] GC(69) Concurrent Mark
[2026-04-10T22:13:58.153-0700][1.320s][info][gc,marking  ] GC(69) Concurrent Mark From Roots
[2026-04-10T22:13:58.153-0700][1.320s][info][gc,task     ] GC(69) Using 2 workers of 2 for marking
[2026-04-10T22:13:58.153-0700][1.321s][info][gc,start    ] GC(70) Pause Young (Normal) (G1 Evacuation Pause)
[2026-04-10T22:13:58.153-0700][1.321s][info][gc,task     ] GC(70) Using 6 workers of 9 for evacuation
[2026-04-10T22:13:58.154-0700][1.322s][info][gc,phases   ] GC(70)   Pre Evacuate Collection Set: 0.05ms
[2026-04-10T22:13:58.154-0700][1.322s][info][gc,phases   ] GC(70)   Merge Heap Roots: 0.02ms
[2026-04-10T22:13:58.154-0700][1.322s][info][gc,phases   ] GC(70)   Evacuate Collection Set: 0.76ms
[2026-04-10T22:13:58.154-0700][1.322s][info][gc,phases   ] GC(70)   Post Evacuate Collection Set: 0.10ms
[2026-04-10T22:13:58.154-0700][1.322s][info][gc,phases   ] GC(70)   Other: 0.04ms
[2026-04-10T22:13:58.154-0700][1.322s][info][gc,heap     ] GC(70) Eden regions: 18->0(17)
[2026-04-10T22:13:58.154-0700][1.322s][info][gc,heap     ] GC(70) Survivor regions: 5->3(3)
[2026-04-10T22:13:58.154-0700][1.322s][info][gc,heap     ] GC(70) Old regions: 190->211
[2026-04-10T22:13:58.154-0700][1.322s][info][gc,heap     ] GC(70) Humongous regions: 0->0
[2026-04-10T22:13:58.154-0700][1.322s][info][gc,metaspace] GC(70) Metaspace: 9812K(9984K)->9812K(9984K) NonClass: 8610K(8704K)->8610K(8704K) Class: 1202K(1280K)->1202K(1280K)
[2026-04-10T22:13:58.154-0700][1.322s][info][gc          ] GC(70) Pause Young (Normal) (G1 Evacuation Pause) 212M->213M(255M) 1.070ms
[2026-04-10T22:13:58.154-0700][1.322s][info][gc,cpu      ] GC(70) User=0.01s Sys=0.00s Real=0.00s
[2026-04-10T22:13:58.154-0700][1.322s][info][safepoint   ] Safepoint "G1CollectForAllocation", Time since last: 706208 ns, Reaching safepoint: 14208 ns, At safepoint: 1090917 ns, Leaving safepoint: 4375 ns, Total: 1109500 ns, Threads: 0 runnable, 10 total
[2026-04-10T22:13:58.156-0700][1.324s][info][gc,marking  ] GC(69) Concurrent Mark From Roots 3.595ms
[2026-04-10T22:13:58.156-0700][1.324s][info][gc,marking  ] GC(69) Concurrent Preclean
[2026-04-10T22:13:58.156-0700][1.324s][info][gc,marking  ] GC(69) Concurrent Preclean 0.007ms
[2026-04-10T22:13:58.240-0700][1.407s][info][gc,start    ] GC(69) Pause Remark
[2026-04-10T22:13:58.241-0700][1.408s][info][gc          ] GC(69) Pause Remark 227M->125M(255M) 0.541ms
[2026-04-10T22:13:58.241-0700][1.408s][info][gc,cpu      ] GC(69) User=0.00s Sys=0.00s Real=0.00s
[2026-04-10T22:13:58.241-0700][1.408s][info][safepoint   ] Safepoint "G1PauseRemark", Time since last: 2084125 ns, Reaching safepoint: 83531583 ns, At safepoint: 577250 ns, Leaving safepoint: 2375 ns, Total: 84111208 ns, Threads: 1 runnable, 10 total
[2026-04-10T22:13:58.241-0700][1.408s][info][gc,marking  ] GC(69) Concurrent Mark 87.771ms
[2026-04-10T22:13:58.241-0700][1.408s][info][gc,marking  ] GC(69) Concurrent Rebuild Remembered Sets and Scrub Regions
[2026-04-10T22:13:58.242-0700][1.410s][info][gc,marking  ] GC(69) Concurrent Rebuild Remembered Sets and Scrub Regions 1.919ms
[2026-04-10T22:13:58.245-0700][1.412s][info][gc,start    ] GC(69) Pause Cleanup
[2026-04-10T22:13:58.245-0700][1.412s][info][gc          ] GC(69) Pause Cleanup 125M->125M(255M) 0.020ms
[2026-04-10T22:13:58.245-0700][1.412s][info][gc,cpu      ] GC(69) User=0.00s Sys=0.00s Real=0.00s
[2026-04-10T22:13:58.245-0700][1.412s][info][safepoint   ] Safepoint "G1PauseCleanup", Time since last: 1994667 ns, Reaching safepoint: 2261333 ns, At safepoint: 36334 ns, Leaving safepoint: 1583 ns, Total: 2299250 ns, Threads: 1 runnable, 10 total
[2026-04-10T22:13:58.245-0700][1.412s][info][gc,marking  ] GC(69) Concurrent Clear Claimed Marks
[2026-04-10T22:13:58.245-0700][1.412s][info][gc,marking  ] GC(69) Concurrent Clear Claimed Marks 0.013ms
[2026-04-10T22:13:58.245-0700][1.412s][info][gc,marking  ] GC(69) Concurrent Cleanup for Next Mark
[2026-04-10T22:13:58.245-0700][1.412s][info][gc,marking  ] GC(69) Concurrent Cleanup for Next Mark 0.116ms
[2026-04-10T22:13:58.245-0700][1.412s][info][gc          ] GC(69) Concurrent Mark Cycle 92.470ms
[2026-04-10T22:13:58.254-0700][1.421s][info][gc,start    ] GC(71) Pause Young (Prepare Mixed) (G1 Evacuation Pause)
[2026-04-10T22:13:58.254-0700][1.421s][info][gc,task     ] GC(71) Using 6 workers of 9 for evacuation
[2026-04-10T22:13:58.255-0700][1.422s][info][gc,phases   ] GC(71)   Pre Evacuate Collection Set: 0.09ms
[2026-04-10T22:13:58.255-0700][1.422s][info][gc,phases   ] GC(71)   Merge Heap Roots: 0.04ms
[2026-04-10T22:13:58.255-0700][1.422s][info][gc,phases   ] GC(71)   Evacuate Collection Set: 0.74ms
[2026-04-10T22:13:58.255-0700][1.422s][info][gc,phases   ] GC(71)   Post Evacuate Collection Set: 0.12ms
[2026-04-10T22:13:58.255-0700][1.422s][info][gc,phases   ] GC(71)   Other: 0.03ms
[2026-04-10T22:13:58.255-0700][1.422s][info][gc,heap     ] GC(71) Eden regions: 17->0(39)
[2026-04-10T22:13:58.255-0700][1.422s][info][gc,heap     ] GC(71) Survivor regions: 3->3(3)
[2026-04-10T22:13:58.255-0700][1.422s][info][gc,heap     ] GC(71) Old regions: 109->127
[2026-04-10T22:13:58.255-0700][1.422s][info][gc,heap     ] GC(71) Humongous regions: 0->0
[2026-04-10T22:13:58.255-0700][1.422s][info][gc,metaspace] GC(71) Metaspace: 9812K(9984K)->9812K(9984K) NonClass: 8610K(8704K)->8610K(8704K) Class: 1202K(1280K)->1202K(1280K)
[2026-04-10T22:13:58.255-0700][1.422s][info][gc          ] GC(71) Pause Young (Prepare Mixed) (G1 Evacuation Pause) 128M->130M(255M) 1.118ms
[2026-04-10T22:13:58.255-0700][1.422s][info][gc,cpu      ] GC(71) User=0.01s Sys=0.00s Real=0.00s
[2026-04-10T22:13:58.255-0700][1.422s][info][safepoint   ] Safepoint "G1CollectForAllocation", Time since last: 8996875 ns, Reaching safepoint: 1292 ns, At safepoint: 1139000 ns, Leaving safepoint: 2208 ns, Total: 1142500 ns, Threads: 0 runnable, 10 total
[2026-04-10T22:13:58.257-0700][1.424s][info][gc,start    ] GC(72) Pause Young (Mixed) (G1 Evacuation Pause)
[2026-04-10T22:13:58.257-0700][1.424s][info][gc,task     ] GC(72) Using 6 workers of 9 for evacuation
[2026-04-10T22:13:58.258-0700][1.425s][info][gc,phases   ] GC(72)   Pre Evacuate Collection Set: 0.08ms
[2026-04-10T22:13:58.258-0700][1.425s][info][gc,phases   ] GC(72)   Merge Heap Roots: 0.02ms
[2026-04-10T22:13:58.258-0700][1.426s][info][gc,phases   ] GC(72)   Evacuate Collection Set: 1.22ms
[2026-04-10T22:13:58.258-0700][1.426s][info][gc,phases   ] GC(72)   Post Evacuate Collection Set: 0.13ms
[2026-04-10T22:13:58.258-0700][1.426s][info][gc,phases   ] GC(72)   Other: 0.05ms
[2026-04-10T22:13:58.258-0700][1.426s][info][gc,heap     ] GC(72) Eden regions: 39->0(27)
[2026-04-10T22:13:58.258-0700][1.426s][info][gc,heap     ] GC(72) Survivor regions: 3->6(6)
[2026-04-10T22:13:58.258-0700][1.426s][info][gc,heap     ] GC(72) Old regions: 127->161
[2026-04-10T22:13:58.258-0700][1.426s][info][gc,heap     ] GC(72) Humongous regions: 0->0
[2026-04-10T22:13:58.258-0700][1.426s][info][gc,metaspace] GC(72) Metaspace: 9812K(9984K)->9812K(9984K) NonClass: 8610K(8704K)->8610K(8704K) Class: 1202K(1280K)->1202K(1280K)
[2026-04-10T22:13:58.258-0700][1.426s][info][gc          ] GC(72) Pause Young (Mixed) (G1 Evacuation Pause) 169M->167M(255M) 1.622ms
[2026-04-10T22:13:58.258-0700][1.426s][info][gc,cpu      ] GC(72) User=0.01s Sys=0.00s Real=0.00s
[2026-04-10T22:13:58.258-0700][1.426s][info][safepoint   ] Safepoint "G1CollectForAllocation", Time since last: 1641375 ns, Reaching safepoint: 1417 ns, At safepoint: 1641541 ns, Leaving safepoint: 8917 ns, Total: 1651875 ns, Threads: 0 runnable, 10 total
[2026-04-10T22:13:58.273-0700][1.440s][info][gc,start    ] GC(73) Pause Young (Concurrent Start) (G1 Evacuation Pause)
[2026-04-10T22:13:58.273-0700][1.440s][info][gc,task     ] GC(73) Using 6 workers of 9 for evacuation
[2026-04-10T22:13:58.274-0700][1.442s][info][gc,phases   ] GC(73)   Pre Evacuate Collection Set: 0.06ms
[2026-04-10T22:13:58.274-0700][1.442s][info][gc,phases   ] GC(73)   Merge Heap Roots: 0.03ms
[2026-04-10T22:13:58.274-0700][1.442s][info][gc,phases   ] GC(73)   Evacuate Collection Set: 0.96ms
[2026-04-10T22:13:58.274-0700][1.442s][info][gc,phases   ] GC(73)   Post Evacuate Collection Set: 0.15ms
[2026-04-10T22:13:58.274-0700][1.442s][info][gc,phases   ] GC(73)   Other: 0.04ms
[2026-04-10T22:13:58.274-0700][1.442s][info][gc,heap     ] GC(73) Eden regions: 27->0(19)
[2026-04-10T22:13:58.274-0700][1.442s][info][gc,heap     ] GC(73) Survivor regions: 6->5(5)
[2026-04-10T22:13:58.274-0700][1.442s][info][gc,heap     ] GC(73) Old regions: 161->190
[2026-04-10T22:13:58.274-0700][1.442s][info][gc,heap     ] GC(73) Humongous regions: 0->0
[2026-04-10T22:13:58.274-0700][1.442s][info][gc,metaspace] GC(73) Metaspace: 9812K(9984K)->9812K(9984K) NonClass: 8610K(8704K)->8610K(8704K) Class: 1202K(1280K)->1202K(1280K)
[2026-04-10T22:13:58.275-0700][1.442s][info][gc          ] GC(73) Pause Young (Concurrent Start) (G1 Evacuation Pause) 194M->195M(256M) 1.375ms
[2026-04-10T22:13:58.275-0700][1.442s][info][gc          ] GC(74) Concurrent Mark Cycle
[2026-04-10T22:13:58.275-0700][1.442s][info][gc,cpu      ] GC(73) User=0.01s Sys=0.00s Real=0.00s
[2026-04-10T22:13:58.275-0700][1.442s][info][gc,marking  ] GC(74) Concurrent Scan Root Regions
[2026-04-10T22:13:58.275-0700][1.442s][info][safepoint   ] Safepoint "G1CollectForAllocation", Time since last: 14872208 ns, Reaching safepoint: 2084 ns, At safepoint: 1416125 ns, Leaving safepoint: 3000 ns, Total: 1421209 ns, Threads: 0 runnable, 10 total
[2026-04-10T22:13:58.275-0700][1.442s][info][gc,marking  ] GC(74) Concurrent Scan Root Regions 0.283ms
[2026-04-10T22:13:58.275-0700][1.442s][info][gc,marking  ] GC(74) Concurrent Mark
[2026-04-10T22:13:58.275-0700][1.442s][info][gc,marking  ] GC(74) Concurrent Mark From Roots
[2026-04-10T22:13:58.275-0700][1.442s][info][gc,task     ] GC(74) Using 2 workers of 2 for marking
[2026-04-10T22:13:58.275-0700][1.443s][info][gc,start    ] GC(75) Pause Young (Normal) (G1 Evacuation Pause)
[2026-04-10T22:13:58.275-0700][1.443s][info][gc,task     ] GC(75) Using 6 workers of 9 for evacuation
[2026-04-10T22:13:58.276-0700][1.444s][info][gc,phases   ] GC(75)   Pre Evacuate Collection Set: 0.04ms
[2026-04-10T22:13:58.276-0700][1.444s][info][gc,phases   ] GC(75)   Merge Heap Roots: 0.03ms
[2026-04-10T22:13:58.276-0700][1.444s][info][gc,phases   ] GC(75)   Evacuate Collection Set: 0.71ms
[2026-04-10T22:13:58.276-0700][1.444s][info][gc,phases   ] GC(75)   Post Evacuate Collection Set: 0.10ms
[2026-04-10T22:13:58.276-0700][1.444s][info][gc,phases   ] GC(75)   Other: 0.04ms
[2026-04-10T22:13:58.276-0700][1.444s][info][gc,heap     ] GC(75) Eden regions: 19->0(17)
[2026-04-10T22:13:58.276-0700][1.444s][info][gc,heap     ] GC(75) Survivor regions: 5->3(3)
[2026-04-10T22:13:58.276-0700][1.444s][info][gc,heap     ] GC(75) Old regions: 190->213
[2026-04-10T22:13:58.276-0700][1.444s][info][gc,heap     ] GC(75) Humongous regions: 0->0
[2026-04-10T22:13:58.276-0700][1.444s][info][gc,metaspace] GC(75) Metaspace: 9812K(9984K)->9812K(9984K) NonClass: 8610K(8704K)->8610K(8704K) Class: 1202K(1280K)->1202K(1280K)
[2026-04-10T22:13:58.276-0700][1.444s][info][gc          ] GC(75) Pause Young (Normal) (G1 Evacuation Pause) 214M->215M(256M) 1.020ms
[2026-04-10T22:13:58.276-0700][1.444s][info][gc,cpu      ] GC(75) User=0.00s Sys=0.00s Real=0.00s
[2026-04-10T22:13:58.276-0700][1.444s][info][safepoint   ] Safepoint "G1CollectForAllocation", Time since last: 802791 ns, Reaching safepoint: 17042 ns, At safepoint: 1038667 ns, Leaving safepoint: 4500 ns, Total: 1060209 ns, Threads: 0 runnable, 10 total
[2026-04-10T22:13:58.279-0700][1.446s][info][gc,marking  ] GC(74) Concurrent Mark From Roots 3.740ms
[2026-04-10T22:13:58.279-0700][1.446s][info][gc,marking  ] GC(74) Concurrent Preclean
[2026-04-10T22:13:58.279-0700][1.446s][info][gc,marking  ] GC(74) Concurrent Preclean 0.013ms
[2026-04-10T22:13:58.362-0700][1.530s][info][gc,start    ] GC(74) Pause Remark
[2026-04-10T22:13:58.363-0700][1.530s][info][gc          ] GC(74) Pause Remark 226M->125M(256M) 0.592ms
[2026-04-10T22:13:58.363-0700][1.530s][info][gc,cpu      ] GC(74) User=0.00s Sys=0.00s Real=0.00s
[2026-04-10T22:13:58.363-0700][1.530s][info][safepoint   ] Safepoint "G1PauseRemark", Time since last: 2217625 ns, Reaching safepoint: 83736958 ns, At safepoint: 617250 ns, Leaving safepoint: 3708 ns, Total: 84357916 ns, Threads: 1 runnable, 10 total
[2026-04-10T22:13:58.363-0700][1.530s][info][gc,marking  ] GC(74) Concurrent Mark 88.201ms
[2026-04-10T22:13:58.363-0700][1.530s][info][gc,marking  ] GC(74) Concurrent Rebuild Remembered Sets and Scrub Regions
[2026-04-10T22:13:58.365-0700][1.532s][info][gc,marking  ] GC(74) Concurrent Rebuild Remembered Sets and Scrub Regions 1.886ms
[2026-04-10T22:13:58.367-0700][1.535s][info][gc,start    ] GC(74) Pause Cleanup
[2026-04-10T22:13:58.367-0700][1.535s][info][gc          ] GC(74) Pause Cleanup 125M->125M(256M) 0.021ms
[2026-04-10T22:13:58.367-0700][1.535s][info][gc,cpu      ] GC(74) User=0.00s Sys=0.00s Real=0.00s
[2026-04-10T22:13:58.367-0700][1.535s][info][safepoint   ] Safepoint "G1PauseCleanup", Time since last: 1976792 ns, Reaching safepoint: 2270250 ns, At safepoint: 36333 ns, Leaving safepoint: 1709 ns, Total: 2308292 ns, Threads: 1 runnable, 10 total
[2026-04-10T22:13:58.367-0700][1.535s][info][gc,marking  ] GC(74) Concurrent Clear Claimed Marks
[2026-04-10T22:13:58.367-0700][1.535s][info][gc,marking  ] GC(74) Concurrent Clear Claimed Marks 0.011ms
[2026-04-10T22:13:58.367-0700][1.535s][info][gc,marking  ] GC(74) Concurrent Cleanup for Next Mark
[2026-04-10T22:13:58.367-0700][1.535s][info][gc,marking  ] GC(74) Concurrent Cleanup for Next Mark 0.119ms
[2026-04-10T22:13:58.367-0700][1.535s][info][gc          ] GC(74) Concurrent Mark Cycle 92.923ms
[2026-04-10T22:13:58.376-0700][1.544s][info][gc,start    ] GC(76) Pause Young (Prepare Mixed) (G1 Evacuation Pause)
[2026-04-10T22:13:58.376-0700][1.544s][info][gc,task     ] GC(76) Using 6 workers of 9 for evacuation
[2026-04-10T22:13:58.377-0700][1.545s][info][gc,phases   ] GC(76)   Pre Evacuate Collection Set: 0.04ms
[2026-04-10T22:13:58.377-0700][1.545s][info][gc,phases   ] GC(76)   Merge Heap Roots: 0.03ms
[2026-04-10T22:13:58.377-0700][1.545s][info][gc,phases   ] GC(76)   Evacuate Collection Set: 0.72ms
[2026-04-10T22:13:58.377-0700][1.545s][info][gc,phases   ] GC(76)   Post Evacuate Collection Set: 0.11ms
[2026-04-10T22:13:58.377-0700][1.545s][info][gc,phases   ] GC(76)   Other: 0.04ms
[2026-04-10T22:13:58.377-0700][1.545s][info][gc,heap     ] GC(76) Eden regions: 17->0(38)
[2026-04-10T22:13:58.377-0700][1.545s][info][gc,heap     ] GC(76) Survivor regions: 3->3(3)
[2026-04-10T22:13:58.377-0700][1.545s][info][gc,heap     ] GC(76) Old regions: 112->130
[2026-04-10T22:13:58.377-0700][1.545s][info][gc,heap     ] GC(76) Humongous regions: 0->0
[2026-04-10T22:13:58.377-0700][1.545s][info][gc,metaspace] GC(76) Metaspace: 9812K(9984K)->9812K(9984K) NonClass: 8610K(8704K)->8610K(8704K) Class: 1202K(1280K)->1202K(1280K)
[2026-04-10T22:13:58.377-0700][1.545s][info][gc          ] GC(76) Pause Young (Prepare Mixed) (G1 Evacuation Pause) 131M->132M(256M) 1.056ms
[2026-04-10T22:13:58.377-0700][1.545s][info][gc,cpu      ] GC(76) User=0.00s Sys=0.00s Real=0.00s
[2026-04-10T22:13:58.377-0700][1.545s][info][safepoint   ] Safepoint "G1CollectForAllocation", Time since last: 9065208 ns, Reaching safepoint: 833 ns, At safepoint: 1079542 ns, Leaving safepoint: 4792 ns, Total: 1085167 ns, Threads: 0 runnable, 10 total
[2026-04-10T22:13:58.379-0700][1.546s][info][gc,start    ] GC(77) Pause Young (Mixed) (G1 Evacuation Pause)
[2026-04-10T22:13:58.379-0700][1.546s][info][gc,task     ] GC(77) Using 6 workers of 9 for evacuation
[2026-04-10T22:13:58.380-0700][1.548s][info][gc,phases   ] GC(77)   Pre Evacuate Collection Set: 0.06ms
[2026-04-10T22:13:58.380-0700][1.548s][info][gc,phases   ] GC(77)   Merge Heap Roots: 0.03ms
[2026-04-10T22:13:58.380-0700][1.548s][info][gc,phases   ] GC(77)   Evacuate Collection Set: 1.04ms
[2026-04-10T22:13:58.380-0700][1.548s][info][gc,phases   ] GC(77)   Post Evacuate Collection Set: 0.14ms
[2026-04-10T22:13:58.380-0700][1.548s][info][gc,phases   ] GC(77)   Other: 0.04ms
[2026-04-10T22:13:58.380-0700][1.548s][info][gc,heap     ] GC(77) Eden regions: 38->0(27)
[2026-04-10T22:13:58.380-0700][1.548s][info][gc,heap     ] GC(77) Survivor regions: 3->6(6)
[2026-04-10T22:13:58.380-0700][1.548s][info][gc,heap     ] GC(77) Old regions: 130->163
[2026-04-10T22:13:58.380-0700][1.548s][info][gc,heap     ] GC(77) Humongous regions: 0->0
[2026-04-10T22:13:58.380-0700][1.548s][info][gc,metaspace] GC(77) Metaspace: 9812K(9984K)->9812K(9984K) NonClass: 8610K(8704K)->8610K(8704K) Class: 1202K(1280K)->1202K(1280K)
[2026-04-10T22:13:58.380-0700][1.548s][info][gc          ] GC(77) Pause Young (Mixed) (G1 Evacuation Pause) 170M->169M(256M) 1.423ms
[2026-04-10T22:13:58.380-0700][1.548s][info][gc,cpu      ] GC(77) User=0.00s Sys=0.00s Real=0.01s
[2026-04-10T22:13:58.380-0700][1.548s][info][safepoint   ] Safepoint "G1CollectForAllocation", Time since last: 1496833 ns, Reaching safepoint: 1833 ns, At safepoint: 1442125 ns, Leaving safepoint: 3792 ns, Total: 1447750 ns, Threads: 0 runnable, 10 total
[2026-04-10T22:13:58.395-0700][1.563s][info][gc,start    ] GC(78) Pause Young (Concurrent Start) (G1 Evacuation Pause)
[2026-04-10T22:13:58.395-0700][1.563s][info][gc,task     ] GC(78) Using 6 workers of 9 for evacuation
[2026-04-10T22:13:58.397-0700][1.564s][info][gc,phases   ] GC(78)   Pre Evacuate Collection Set: 0.09ms
[2026-04-10T22:13:58.397-0700][1.564s][info][gc,phases   ] GC(78)   Merge Heap Roots: 0.05ms
[2026-04-10T22:13:58.397-0700][1.564s][info][gc,phases   ] GC(78)   Evacuate Collection Set: 1.03ms
[2026-04-10T22:13:58.397-0700][1.564s][info][gc,phases   ] GC(78)   Post Evacuate Collection Set: 0.13ms
[2026-04-10T22:13:58.397-0700][1.564s][info][gc,phases   ] GC(78)   Other: 0.05ms
[2026-04-10T22:13:58.397-0700][1.564s][info][gc,heap     ] GC(78) Eden regions: 27->0(18)
[2026-04-10T22:13:58.397-0700][1.564s][info][gc,heap     ] GC(78) Survivor regions: 6->5(5)
[2026-04-10T22:13:58.397-0700][1.564s][info][gc,heap     ] GC(78) Old regions: 163->193
[2026-04-10T22:13:58.397-0700][1.564s][info][gc,heap     ] GC(78) Humongous regions: 0->0
[2026-04-10T22:13:58.397-0700][1.564s][info][gc,metaspace] GC(78) Metaspace: 9812K(9984K)->9812K(9984K) NonClass: 8610K(8704K)->8610K(8704K) Class: 1202K(1280K)->1202K(1280K)
[2026-04-10T22:13:58.397-0700][1.564s][info][gc          ] GC(78) Pause Young (Concurrent Start) (G1 Evacuation Pause) 196M->197M(256M) 1.456ms
[2026-04-10T22:13:58.397-0700][1.564s][info][gc,cpu      ] GC(78) User=0.00s Sys=0.00s Real=0.00s
[2026-04-10T22:13:58.397-0700][1.564s][info][safepoint   ] Safepoint "G1CollectForAllocation", Time since last: 14808833 ns, Reaching safepoint: 1334 ns, At safepoint: 1479916 ns, Leaving safepoint: 3209 ns, Total: 1484459 ns, Threads: 0 runnable, 10 total
[2026-04-10T22:13:58.397-0700][1.564s][info][gc          ] GC(79) Concurrent Mark Cycle
[2026-04-10T22:13:58.397-0700][1.564s][info][gc,marking  ] GC(79) Concurrent Scan Root Regions
[2026-04-10T22:13:58.397-0700][1.564s][info][gc,marking  ] GC(79) Concurrent Scan Root Regions 0.299ms
[2026-04-10T22:13:58.397-0700][1.564s][info][gc,marking  ] GC(79) Concurrent Mark
[2026-04-10T22:13:58.397-0700][1.564s][info][gc,marking  ] GC(79) Concurrent Mark From Roots
[2026-04-10T22:13:58.397-0700][1.564s][info][gc,task     ] GC(79) Using 2 workers of 2 for marking
[2026-04-10T22:13:58.397-0700][1.565s][info][gc,start    ] GC(80) Pause Young (Normal) (G1 Evacuation Pause)
[2026-04-10T22:13:58.397-0700][1.565s][info][gc,task     ] GC(80) Using 6 workers of 9 for evacuation
[2026-04-10T22:13:58.398-0700][1.566s][info][gc,phases   ] GC(80)   Pre Evacuate Collection Set: 0.06ms
[2026-04-10T22:13:58.398-0700][1.566s][info][gc,phases   ] GC(80)   Merge Heap Roots: 0.02ms
[2026-04-10T22:13:58.398-0700][1.566s][info][gc,phases   ] GC(80)   Evacuate Collection Set: 0.81ms
[2026-04-10T22:13:58.398-0700][1.566s][info][gc,phases   ] GC(80)   Post Evacuate Collection Set: 0.11ms
[2026-04-10T22:13:58.398-0700][1.566s][info][gc,phases   ] GC(80)   Other: 0.04ms
[2026-04-10T22:13:58.398-0700][1.566s][info][gc,heap     ] GC(80) Eden regions: 18->0(18)
[2026-04-10T22:13:58.398-0700][1.566s][info][gc,heap     ] GC(80) Survivor regions: 5->3(3)
[2026-04-10T22:13:58.398-0700][1.566s][info][gc,heap     ] GC(80) Old regions: 193->215
[2026-04-10T22:13:58.398-0700][1.566s][info][gc,heap     ] GC(80) Humongous regions: 0->0
[2026-04-10T22:13:58.399-0700][1.566s][info][gc,metaspace] GC(80) Metaspace: 9812K(9984K)->9812K(9984K) NonClass: 8610K(8704K)->8610K(8704K) Class: 1202K(1280K)->1202K(1280K)
[2026-04-10T22:13:58.399-0700][1.566s][info][gc          ] GC(80) Pause Young (Normal) (G1 Evacuation Pause) 215M->217M(256M) 1.148ms
[2026-04-10T22:13:58.399-0700][1.566s][info][gc,cpu      ] GC(80) User=0.01s Sys=0.00s Real=0.00s
[2026-04-10T22:13:58.399-0700][1.566s][info][safepoint   ] Safepoint "G1CollectForAllocation", Time since last: 680875 ns, Reaching safepoint: 17083 ns, At safepoint: 1171125 ns, Leaving safepoint: 4500 ns, Total: 1192708 ns, Threads: 0 runnable, 10 total
[2026-04-10T22:13:58.401-0700][1.568s][info][gc,marking  ] GC(79) Concurrent Mark From Roots 3.750ms
[2026-04-10T22:13:58.401-0700][1.568s][info][gc,marking  ] GC(79) Concurrent Preclean
[2026-04-10T22:13:58.401-0700][1.568s][info][gc,marking  ] GC(79) Concurrent Preclean 0.012ms
[2026-04-10T22:13:58.485-0700][1.652s][info][gc,start    ] GC(79) Pause Remark
[2026-04-10T22:13:58.485-0700][1.653s][info][gc          ] GC(79) Pause Remark 227M->126M(256M) 0.524ms
[2026-04-10T22:13:58.485-0700][1.653s][info][gc,cpu      ] GC(79) User=0.00s Sys=0.00s Real=0.00s
[2026-04-10T22:13:58.485-0700][1.653s][info][safepoint   ] Safepoint "G1PauseRemark", Time since last: 2300292 ns, Reaching safepoint: 83815000 ns, At safepoint: 556333 ns, Leaving safepoint: 2250 ns, Total: 84373583 ns, Threads: 1 runnable, 10 total
[2026-04-10T22:13:58.485-0700][1.653s][info][gc,marking  ] GC(79) Concurrent Mark 88.215ms
[2026-04-10T22:13:58.485-0700][1.653s][info][gc,marking  ] GC(79) Concurrent Rebuild Remembered Sets and Scrub Regions
[2026-04-10T22:13:58.487-0700][1.654s][info][gc,marking  ] GC(79) Concurrent Rebuild Remembered Sets and Scrub Regions 1.830ms
[2026-04-10T22:13:58.489-0700][1.657s][info][gc,start    ] GC(79) Pause Cleanup
[2026-04-10T22:13:58.489-0700][1.657s][info][gc          ] GC(79) Pause Cleanup 126M->126M(256M) 0.026ms
[2026-04-10T22:13:58.489-0700][1.657s][info][gc,cpu      ] GC(79) User=0.00s Sys=0.00s Real=0.00s
[2026-04-10T22:13:58.489-0700][1.657s][info][safepoint   ] Safepoint "G1PauseCleanup", Time since last: 1905625 ns, Reaching safepoint: 2269583 ns, At safepoint: 49250 ns, Leaving safepoint: 2084 ns, Total: 2320917 ns, Threads: 1 runnable, 10 total
[2026-04-10T22:13:58.489-0700][1.657s][info][gc,marking  ] GC(79) Concurrent Clear Claimed Marks
[2026-04-10T22:13:58.489-0700][1.657s][info][gc,marking  ] GC(79) Concurrent Clear Claimed Marks 0.018ms
[2026-04-10T22:13:58.489-0700][1.657s][info][gc,marking  ] GC(79) Concurrent Cleanup for Next Mark
[2026-04-10T22:13:58.490-0700][1.657s][info][gc,marking  ] GC(79) Concurrent Cleanup for Next Mark 0.102ms
[2026-04-10T22:13:58.490-0700][1.657s][info][gc          ] GC(79) Concurrent Mark Cycle 92.924ms
[2026-04-10T22:13:58.499-0700][1.666s][info][gc,start    ] GC(81) Pause Young (Prepare Mixed) (G1 Evacuation Pause)
[2026-04-10T22:13:58.499-0700][1.666s][info][gc,task     ] GC(81) Using 6 workers of 9 for evacuation
[2026-04-10T22:13:58.499-0700][1.667s][info][gc,phases   ] GC(81)   Pre Evacuate Collection Set: 0.07ms
[2026-04-10T22:13:58.499-0700][1.667s][info][gc,phases   ] GC(81)   Merge Heap Roots: 0.05ms
[2026-04-10T22:13:58.499-0700][1.667s][info][gc,phases   ] GC(81)   Evacuate Collection Set: 0.57ms
[2026-04-10T22:13:58.499-0700][1.667s][info][gc,phases   ] GC(81)   Post Evacuate Collection Set: 0.12ms
[2026-04-10T22:13:58.500-0700][1.667s][info][gc,phases   ] GC(81)   Other: 0.05ms
[2026-04-10T22:13:58.500-0700][1.667s][info][gc,heap     ] GC(81) Eden regions: 18->0(37)
[2026-04-10T22:13:58.500-0700][1.667s][info][gc,heap     ] GC(81) Survivor regions: 3->3(3)
[2026-04-10T22:13:58.500-0700][1.667s][info][gc,heap     ] GC(81) Old regions: 114->133
[2026-04-10T22:13:58.500-0700][1.667s][info][gc,heap     ] GC(81) Humongous regions: 0->0
[2026-04-10T22:13:58.500-0700][1.667s][info][gc,metaspace] GC(81) Metaspace: 9812K(9984K)->9812K(9984K) NonClass: 8610K(8704K)->8610K(8704K) Class: 1202K(1280K)->1202K(1280K)
[2026-04-10T22:13:58.500-0700][1.667s][info][gc          ] GC(81) Pause Young (Prepare Mixed) (G1 Evacuation Pause) 134M->136M(256M) 0.943ms
[2026-04-10T22:13:58.500-0700][1.667s][info][gc,cpu      ] GC(81) User=0.00s Sys=0.00s Real=0.01s
[2026-04-10T22:13:58.500-0700][1.667s][info][safepoint   ] Safepoint "G1CollectForAllocation", Time since last: 9150166 ns, Reaching safepoint: 1084 ns, At safepoint: 963083 ns, Leaving safepoint: 3917 ns, Total: 968084 ns, Threads: 0 runnable, 10 total
[2026-04-10T22:13:58.501-0700][1.668s][info][gc,start    ] GC(82) Pause Young (Mixed) (G1 Evacuation Pause)
[2026-04-10T22:13:58.501-0700][1.668s][info][gc,task     ] GC(82) Using 6 workers of 9 for evacuation
[2026-04-10T22:13:58.503-0700][1.670s][info][gc,phases   ] GC(82)   Pre Evacuate Collection Set: 0.06ms
[2026-04-10T22:13:58.503-0700][1.670s][info][gc,phases   ] GC(82)   Merge Heap Roots: 0.04ms
[2026-04-10T22:13:58.503-0700][1.670s][info][gc,phases   ] GC(82)   Evacuate Collection Set: 1.15ms
[2026-04-10T22:13:58.503-0700][1.670s][info][gc,phases   ] GC(82)   Post Evacuate Collection Set: 0.13ms
[2026-04-10T22:13:58.503-0700][1.670s][info][gc,phases   ] GC(82)   Other: 0.04ms
[2026-04-10T22:13:58.503-0700][1.670s][info][gc,heap     ] GC(82) Eden regions: 37->0(26)
[2026-04-10T22:13:58.503-0700][1.670s][info][gc,heap     ] GC(82) Survivor regions: 3->5(5)
[2026-04-10T22:13:58.503-0700][1.670s][info][gc,heap     ] GC(82) Old regions: 133->168
[2026-04-10T22:13:58.503-0700][1.670s][info][gc,heap     ] GC(82) Humongous regions: 0->0
[2026-04-10T22:13:58.503-0700][1.670s][info][gc,metaspace] GC(82) Metaspace: 9812K(9984K)->9812K(9984K) NonClass: 8610K(8704K)->8610K(8704K) Class: 1202K(1280K)->1202K(1280K)
[2026-04-10T22:13:58.503-0700][1.670s][info][gc          ] GC(82) Pause Young (Mixed) (G1 Evacuation Pause) 173M->173M(256M) 1.544ms
[2026-04-10T22:13:58.503-0700][1.670s][info][gc,cpu      ] GC(82) User=0.01s Sys=0.00s Real=0.00s
[2026-04-10T22:13:58.503-0700][1.670s][info][safepoint   ] Safepoint "G1CollectForAllocation", Time since last: 1496791 ns, Reaching safepoint: 2000 ns, At safepoint: 1570209 ns, Leaving safepoint: 2541 ns, Total: 1574750 ns, Threads: 0 runnable, 10 total
[2026-04-10T22:13:58.518-0700][1.685s][info][gc,start    ] GC(83) Pause Young (Concurrent Start) (G1 Evacuation Pause)
[2026-04-10T22:13:58.518-0700][1.685s][info][gc,task     ] GC(83) Using 6 workers of 9 for evacuation
[2026-04-10T22:13:58.519-0700][1.686s][info][gc,phases   ] GC(83)   Pre Evacuate Collection Set: 0.08ms
[2026-04-10T22:13:58.519-0700][1.686s][info][gc,phases   ] GC(83)   Merge Heap Roots: 0.02ms
[2026-04-10T22:13:58.519-0700][1.686s][info][gc,phases   ] GC(83)   Evacuate Collection Set: 0.84ms
[2026-04-10T22:13:58.519-0700][1.686s][info][gc,phases   ] GC(83)   Post Evacuate Collection Set: 0.11ms
[2026-04-10T22:13:58.519-0700][1.686s][info][gc,phases   ] GC(83)   Other: 0.04ms
[2026-04-10T22:13:58.519-0700][1.686s][info][gc,heap     ] GC(83) Eden regions: 26->0(17)
[2026-04-10T22:13:58.519-0700][1.686s][info][gc,heap     ] GC(83) Survivor regions: 5->4(4)
[2026-04-10T22:13:58.519-0700][1.686s][info][gc,heap     ] GC(83) Old regions: 168->196
[2026-04-10T22:13:58.519-0700][1.686s][info][gc,heap     ] GC(83) Humongous regions: 0->0
[2026-04-10T22:13:58.519-0700][1.686s][info][gc,metaspace] GC(83) Metaspace: 9812K(9984K)->9812K(9984K) NonClass: 8610K(8704K)->8610K(8704K) Class: 1202K(1280K)->1202K(1280K)
[2026-04-10T22:13:58.519-0700][1.686s][info][gc          ] GC(83) Pause Young (Concurrent Start) (G1 Evacuation Pause) 199M->200M(256M) 1.209ms
[2026-04-10T22:13:58.519-0700][1.686s][info][gc,cpu      ] GC(83) User=0.01s Sys=0.00s Real=0.00s
[2026-04-10T22:13:58.519-0700][1.686s][info][safepoint   ] Safepoint "G1CollectForAllocation", Time since last: 15061834 ns, Reaching safepoint: 1416 ns, At safepoint: 1231125 ns, Leaving safepoint: 2000 ns, Total: 1234541 ns, Threads: 0 runnable, 10 total
[2026-04-10T22:13:58.519-0700][1.686s][info][gc          ] GC(84) Concurrent Mark Cycle
[2026-04-10T22:13:58.519-0700][1.686s][info][gc,marking  ] GC(84) Concurrent Scan Root Regions
[2026-04-10T22:13:58.519-0700][1.687s][info][gc,marking  ] GC(84) Concurrent Scan Root Regions 0.247ms
[2026-04-10T22:13:58.519-0700][1.687s][info][gc,marking  ] GC(84) Concurrent Mark
[2026-04-10T22:13:58.519-0700][1.687s][info][gc,marking  ] GC(84) Concurrent Mark From Roots
[2026-04-10T22:13:58.519-0700][1.687s][info][gc,task     ] GC(84) Using 2 workers of 2 for marking
[2026-04-10T22:13:58.520-0700][1.687s][info][gc,start    ] GC(85) Pause Young (Normal) (G1 Evacuation Pause)
[2026-04-10T22:13:58.520-0700][1.687s][info][gc,task     ] GC(85) Using 6 workers of 9 for evacuation
[2026-04-10T22:13:58.521-0700][1.688s][info][gc,phases   ] GC(85)   Pre Evacuate Collection Set: 0.03ms
[2026-04-10T22:13:58.521-0700][1.688s][info][gc,phases   ] GC(85)   Merge Heap Roots: 0.02ms
[2026-04-10T22:13:58.521-0700][1.688s][info][gc,phases   ] GC(85)   Evacuate Collection Set: 0.75ms
[2026-04-10T22:13:58.521-0700][1.688s][info][gc,phases   ] GC(85)   Post Evacuate Collection Set: 0.10ms
[2026-04-10T22:13:58.521-0700][1.688s][info][gc,phases   ] GC(85)   Other: 0.04ms
[2026-04-10T22:13:58.521-0700][1.688s][info][gc,heap     ] GC(85) Eden regions: 17->0(19)
[2026-04-10T22:13:58.521-0700][1.688s][info][gc,heap     ] GC(85) Survivor regions: 4->3(3)
[2026-04-10T22:13:58.521-0700][1.688s][info][gc,heap     ] GC(85) Old regions: 196->215
[2026-04-10T22:13:58.521-0700][1.688s][info][gc,heap     ] GC(85) Humongous regions: 0->0
[2026-04-10T22:13:58.521-0700][1.688s][info][gc,metaspace] GC(85) Metaspace: 9812K(9984K)->9812K(9984K) NonClass: 8610K(8704K)->8610K(8704K) Class: 1202K(1280K)->1202K(1280K)
[2026-04-10T22:13:58.521-0700][1.688s][info][gc          ] GC(85) Pause Young (Normal) (G1 Evacuation Pause) 217M->218M(256M) 1.037ms
[2026-04-10T22:13:58.521-0700][1.688s][info][gc,cpu      ] GC(85) User=0.00s Sys=0.00s Real=0.00s
[2026-04-10T22:13:58.521-0700][1.688s][info][safepoint   ] Safepoint "G1CollectForAllocation", Time since last: 652417 ns, Reaching safepoint: 11167 ns, At safepoint: 1053291 ns, Leaving safepoint: 3292 ns, Total: 1067750 ns, Threads: 0 runnable, 10 total
[2026-04-10T22:13:58.523-0700][1.690s][info][gc,marking  ] GC(84) Concurrent Mark From Roots 3.424ms
[2026-04-10T22:13:58.523-0700][1.690s][info][gc,marking  ] GC(84) Concurrent Preclean
[2026-04-10T22:13:58.523-0700][1.690s][info][gc,marking  ] GC(84) Concurrent Preclean 0.006ms
[2026-04-10T22:13:58.607-0700][1.775s][info][gc,start    ] GC(84) Pause Remark
[2026-04-10T22:13:58.608-0700][1.775s][info][gc          ] GC(84) Pause Remark 228M->125M(256M) 0.523ms
[2026-04-10T22:13:58.608-0700][1.775s][info][gc,cpu      ] GC(84) User=0.00s Sys=0.00s Real=0.00s
[2026-04-10T22:13:58.608-0700][1.775s][info][safepoint   ] Safepoint "G1PauseRemark", Time since last: 2027000 ns, Reaching safepoint: 84815958 ns, At safepoint: 552375 ns, Leaving safepoint: 3334 ns, Total: 85371667 ns, Threads: 1 runnable, 10 total
[2026-04-10T22:13:58.608-0700][1.775s][info][gc,marking  ] GC(84) Concurrent Mark 88.863ms
[2026-04-10T22:13:58.608-0700][1.775s][info][gc,marking  ] GC(84) Concurrent Rebuild Remembered Sets and Scrub Regions
[2026-04-10T22:13:58.610-0700][1.777s][info][gc,marking  ] GC(84) Concurrent Rebuild Remembered Sets and Scrub Regions 1.950ms
[2026-04-10T22:13:58.612-0700][1.780s][info][gc,start    ] GC(84) Pause Cleanup
[2026-04-10T22:13:58.612-0700][1.780s][info][gc          ] GC(84) Pause Cleanup 125M->125M(256M) 0.022ms
[2026-04-10T22:13:58.612-0700][1.780s][info][gc,cpu      ] GC(84) User=0.00s Sys=0.00s Real=0.00s
[2026-04-10T22:13:58.612-0700][1.780s][info][safepoint   ] Safepoint "G1PauseCleanup", Time since last: 2027166 ns, Reaching safepoint: 2268042 ns, At safepoint: 37083 ns, Leaving safepoint: 2084 ns, Total: 2307209 ns, Threads: 1 runnable, 10 total
[2026-04-10T22:13:58.612-0700][1.780s][info][gc,marking  ] GC(84) Concurrent Clear Claimed Marks
[2026-04-10T22:13:58.612-0700][1.780s][info][gc,marking  ] GC(84) Concurrent Clear Claimed Marks 0.012ms
[2026-04-10T22:13:58.612-0700][1.780s][info][gc,marking  ] GC(84) Concurrent Cleanup for Next Mark
[2026-04-10T22:13:58.613-0700][1.780s][info][gc,marking  ] GC(84) Concurrent Cleanup for Next Mark 0.103ms
[2026-04-10T22:13:58.613-0700][1.780s][info][gc          ] GC(84) Concurrent Mark Cycle 93.603ms
[2026-04-10T22:13:58.622-0700][1.789s][info][gc,start    ] GC(86) Pause Young (Prepare Mixed) (G1 Evacuation Pause)
[2026-04-10T22:13:58.622-0700][1.789s][info][gc,task     ] GC(86) Using 6 workers of 9 for evacuation
[2026-04-10T22:13:58.623-0700][1.790s][info][gc,phases   ] GC(86)   Pre Evacuate Collection Set: 0.07ms
[2026-04-10T22:13:58.623-0700][1.790s][info][gc,phases   ] GC(86)   Merge Heap Roots: 0.04ms
[2026-04-10T22:13:58.623-0700][1.790s][info][gc,phases   ] GC(86)   Evacuate Collection Set: 0.65ms
[2026-04-10T22:13:58.623-0700][1.790s][info][gc,phases   ] GC(86)   Post Evacuate Collection Set: 0.12ms
[2026-04-10T22:13:58.623-0700][1.790s][info][gc,phases   ] GC(86)   Other: 0.05ms
[2026-04-10T22:13:58.623-0700][1.790s][info][gc,heap     ] GC(86) Eden regions: 19->0(37)
[2026-04-10T22:13:58.623-0700][1.790s][info][gc,heap     ] GC(86) Survivor regions: 3->3(3)
[2026-04-10T22:13:58.623-0700][1.790s][info][gc,heap     ] GC(86) Old regions: 112->133
[2026-04-10T22:13:58.623-0700][1.790s][info][gc,heap     ] GC(86) Humongous regions: 0->0
[2026-04-10T22:13:58.623-0700][1.790s][info][gc,metaspace] GC(86) Metaspace: 9812K(9984K)->9812K(9984K) NonClass: 8610K(8704K)->8610K(8704K) Class: 1202K(1280K)->1202K(1280K)
[2026-04-10T22:13:58.623-0700][1.790s][info][gc          ] GC(86) Pause Young (Prepare Mixed) (G1 Evacuation Pause) 134M->135M(256M) 1.042ms
[2026-04-10T22:13:58.623-0700][1.790s][info][gc,cpu      ] GC(86) User=0.00s Sys=0.00s Real=0.00s
[2026-04-10T22:13:58.623-0700][1.790s][info][safepoint   ] Safepoint "G1CollectForAllocation", Time since last: 9164583 ns, Reaching safepoint: 1042 ns, At safepoint: 1063750 ns, Leaving safepoint: 2208 ns, Total: 1067000 ns, Threads: 0 runnable, 10 total
[2026-04-10T22:13:58.624-0700][1.792s][info][gc,start    ] GC(87) Pause Young (Mixed) (G1 Evacuation Pause)
[2026-04-10T22:13:58.624-0700][1.792s][info][gc,task     ] GC(87) Using 6 workers of 9 for evacuation
[2026-04-10T22:13:58.625-0700][1.793s][info][gc,phases   ] GC(87)   Pre Evacuate Collection Set: 0.05ms
[2026-04-10T22:13:58.625-0700][1.793s][info][gc,phases   ] GC(87)   Merge Heap Roots: 0.02ms
[2026-04-10T22:13:58.625-0700][1.793s][info][gc,phases   ] GC(87)   Evacuate Collection Set: 0.94ms
[2026-04-10T22:13:58.625-0700][1.793s][info][gc,phases   ] GC(87)   Post Evacuate Collection Set: 0.14ms
[2026-04-10T22:13:58.625-0700][1.793s][info][gc,phases   ] GC(87)   Other: 0.04ms
[2026-04-10T22:13:58.625-0700][1.793s][info][gc,heap     ] GC(87) Eden regions: 37->0(26)
[2026-04-10T22:13:58.625-0700][1.793s][info][gc,heap     ] GC(87) Survivor regions: 3->5(5)
[2026-04-10T22:13:58.625-0700][1.793s][info][gc,heap     ] GC(87) Old regions: 133->166
[2026-04-10T22:13:58.625-0700][1.793s][info][gc,heap     ] GC(87) Humongous regions: 0->0
[2026-04-10T22:13:58.625-0700][1.793s][info][gc,metaspace] GC(87) Metaspace: 9812K(9984K)->9812K(9984K) NonClass: 8610K(8704K)->8610K(8704K) Class: 1202K(1280K)->1202K(1280K)
[2026-04-10T22:13:58.625-0700][1.793s][info][gc          ] GC(87) Pause Young (Mixed) (G1 Evacuation Pause) 172M->171M(256M) 1.292ms
[2026-04-10T22:13:58.625-0700][1.793s][info][gc,cpu      ] GC(87) User=0.01s Sys=0.00s Real=0.00s
[2026-04-10T22:13:58.626-0700][1.793s][info][safepoint   ] Safepoint "G1CollectForAllocation", Time since last: 1586708 ns, Reaching safepoint: 1292 ns, At safepoint: 1311958 ns, Leaving safepoint: 1584 ns, Total: 1314834 ns, Threads: 0 runnable, 10 total
[2026-04-10T22:13:58.640-0700][1.808s][info][gc,start    ] GC(88) Pause Young (Concurrent Start) (G1 Evacuation Pause)
[2026-04-10T22:13:58.640-0700][1.808s][info][gc,task     ] GC(88) Using 6 workers of 9 for evacuation
[2026-04-10T22:13:58.642-0700][1.809s][info][gc,phases   ] GC(88)   Pre Evacuate Collection Set: 0.05ms
[2026-04-10T22:13:58.642-0700][1.809s][info][gc,phases   ] GC(88)   Merge Heap Roots: 0.03ms
[2026-04-10T22:13:58.642-0700][1.809s][info][gc,phases   ] GC(88)   Evacuate Collection Set: 0.99ms
[2026-04-10T22:13:58.642-0700][1.809s][info][gc,phases   ] GC(88)   Post Evacuate Collection Set: 0.11ms
[2026-04-10T22:13:58.642-0700][1.809s][info][gc,phases   ] GC(88)   Other: 0.03ms
[2026-04-10T22:13:58.642-0700][1.809s][info][gc,heap     ] GC(88) Eden regions: 26->0(17)
[2026-04-10T22:13:58.642-0700][1.809s][info][gc,heap     ] GC(88) Survivor regions: 5->4(4)
[2026-04-10T22:13:58.642-0700][1.809s][info][gc,heap     ] GC(88) Old regions: 166->195
[2026-04-10T22:13:58.642-0700][1.809s][info][gc,heap     ] GC(88) Humongous regions: 0->0
[2026-04-10T22:13:58.642-0700][1.809s][info][gc,metaspace] GC(88) Metaspace: 9812K(9984K)->9812K(9984K) NonClass: 8610K(8704K)->8610K(8704K) Class: 1202K(1280K)->1202K(1280K)
[2026-04-10T22:13:58.642-0700][1.809s][info][gc          ] GC(88) Pause Young (Concurrent Start) (G1 Evacuation Pause) 197M->198M(256M) 1.311ms
[2026-04-10T22:13:58.642-0700][1.809s][info][gc,cpu      ] GC(88) User=0.01s Sys=0.00s Real=0.00s
[2026-04-10T22:13:58.642-0700][1.809s][info][safepoint   ] Safepoint "G1CollectForAllocation", Time since last: 14771000 ns, Reaching safepoint: 1250 ns, At safepoint: 1335833 ns, Leaving safepoint: 2125 ns, Total: 1339208 ns, Threads: 0 runnable, 10 total
[2026-04-10T22:13:58.642-0700][1.809s][info][gc          ] GC(89) Concurrent Mark Cycle
[2026-04-10T22:13:58.642-0700][1.809s][info][gc,marking  ] GC(89) Concurrent Scan Root Regions
[2026-04-10T22:13:58.642-0700][1.809s][info][gc,marking  ] GC(89) Concurrent Scan Root Regions 0.236ms
[2026-04-10T22:13:58.642-0700][1.809s][info][gc,marking  ] GC(89) Concurrent Mark
[2026-04-10T22:13:58.642-0700][1.809s][info][gc,marking  ] GC(89) Concurrent Mark From Roots
[2026-04-10T22:13:58.642-0700][1.809s][info][gc,task     ] GC(89) Using 2 workers of 2 for marking
[2026-04-10T22:13:58.642-0700][1.810s][info][gc,start    ] GC(90) Pause Young (Normal) (G1 Evacuation Pause)
[2026-04-10T22:13:58.642-0700][1.810s][info][gc,task     ] GC(90) Using 6 workers of 9 for evacuation
[2026-04-10T22:13:58.643-0700][1.811s][info][gc,phases   ] GC(90)   Pre Evacuate Collection Set: 0.05ms
[2026-04-10T22:13:58.643-0700][1.811s][info][gc,phases   ] GC(90)   Merge Heap Roots: 0.02ms
[2026-04-10T22:13:58.644-0700][1.811s][info][gc,phases   ] GC(90)   Evacuate Collection Set: 0.78ms
[2026-04-10T22:13:58.644-0700][1.811s][info][gc,phases   ] GC(90)   Post Evacuate Collection Set: 0.12ms
[2026-04-10T22:13:58.644-0700][1.811s][info][gc,phases   ] GC(90)   Other: 0.04ms
[2026-04-10T22:13:58.644-0700][1.811s][info][gc,heap     ] GC(90) Eden regions: 17->0(17)
[2026-04-10T22:13:58.644-0700][1.811s][info][gc,heap     ] GC(90) Survivor regions: 4->3(3)
[2026-04-10T22:13:58.644-0700][1.811s][info][gc,heap     ] GC(90) Old regions: 195->215
[2026-04-10T22:13:58.644-0700][1.811s][info][gc,heap     ] GC(90) Humongous regions: 0->0
[2026-04-10T22:13:58.644-0700][1.811s][info][gc,metaspace] GC(90) Metaspace: 9812K(9984K)->9812K(9984K) NonClass: 8610K(8704K)->8610K(8704K) Class: 1202K(1280K)->1202K(1280K)
[2026-04-10T22:13:58.644-0700][1.811s][info][gc          ] GC(90) Pause Young (Normal) (G1 Evacuation Pause) 215M->217M(256M) 1.126ms
[2026-04-10T22:13:58.644-0700][1.811s][info][gc,cpu      ] GC(90) User=0.01s Sys=0.00s Real=0.00s
[2026-04-10T22:13:58.644-0700][1.811s][info][safepoint   ] Safepoint "G1CollectForAllocation", Time since last: 771667 ns, Reaching safepoint: 21666 ns, At safepoint: 1148625 ns, Leaving safepoint: 6417 ns, Total: 1176708 ns, Threads: 0 runnable, 10 total
[2026-04-10T22:13:58.646-0700][1.813s][info][gc,marking  ] GC(89) Concurrent Mark From Roots 3.725ms
[2026-04-10T22:13:58.646-0700][1.813s][info][gc,marking  ] GC(89) Concurrent Preclean
[2026-04-10T22:13:58.646-0700][1.813s][info][gc,marking  ] GC(89) Concurrent Preclean 0.012ms
[2026-04-10T22:13:58.729-0700][1.897s][info][gc,start    ] GC(89) Pause Remark
[2026-04-10T22:13:58.730-0700][1.897s][info][gc          ] GC(89) Pause Remark 227M->127M(256M) 0.531ms
[2026-04-10T22:13:58.730-0700][1.897s][info][gc,cpu      ] GC(89) User=0.00s Sys=0.00s Real=0.01s
[2026-04-10T22:13:58.730-0700][1.897s][info][safepoint   ] Safepoint "G1PauseRemark", Time since last: 2107208 ns, Reaching safepoint: 83733292 ns, At safepoint: 579875 ns, Leaving safepoint: 2667 ns, Total: 84315834 ns, Threads: 1 runnable, 10 total
[2026-04-10T22:13:58.730-0700][1.897s][info][gc,marking  ] GC(89) Concurrent Mark 88.125ms
[2026-04-10T22:13:58.730-0700][1.897s][info][gc,marking  ] GC(89) Concurrent Rebuild Remembered Sets and Scrub Regions
[2026-04-10T22:13:58.732-0700][1.899s][info][gc,marking  ] GC(89) Concurrent Rebuild Remembered Sets and Scrub Regions 1.869ms
[2026-04-10T22:13:58.734-0700][1.901s][info][gc,start    ] GC(89) Pause Cleanup
[2026-04-10T22:13:58.734-0700][1.902s][info][gc          ] GC(89) Pause Cleanup 127M->127M(256M) 0.026ms
[2026-04-10T22:13:58.734-0700][1.902s][info][gc,cpu      ] GC(89) User=0.00s Sys=0.00s Real=0.00s
[2026-04-10T22:13:58.734-0700][1.902s][info][safepoint   ] Safepoint "G1PauseCleanup", Time since last: 1903208 ns, Reaching safepoint: 2259042 ns, At safepoint: 51041 ns, Leaving safepoint: 2625 ns, Total: 2312708 ns, Threads: 1 runnable, 10 total
[2026-04-10T22:13:58.734-0700][1.902s][info][gc,marking  ] GC(89) Concurrent Clear Claimed Marks
[2026-04-10T22:13:58.734-0700][1.902s][info][gc,marking  ] GC(89) Concurrent Clear Claimed Marks 0.015ms
[2026-04-10T22:13:58.734-0700][1.902s][info][gc,marking  ] GC(89) Concurrent Cleanup for Next Mark
[2026-04-10T22:13:58.734-0700][1.902s][info][gc,marking  ] GC(89) Concurrent Cleanup for Next Mark 0.111ms
[2026-04-10T22:13:58.734-0700][1.902s][info][gc          ] GC(89) Concurrent Mark Cycle 92.747ms
[2026-04-10T22:13:58.743-0700][1.911s][info][gc,start    ] GC(91) Pause Young (Prepare Mixed) (G1 Evacuation Pause)
[2026-04-10T22:13:58.743-0700][1.911s][info][gc,task     ] GC(91) Using 6 workers of 9 for evacuation
[2026-04-10T22:13:58.744-0700][1.912s][info][gc,phases   ] GC(91)   Pre Evacuate Collection Set: 0.07ms
[2026-04-10T22:13:58.744-0700][1.912s][info][gc,phases   ] GC(91)   Merge Heap Roots: 0.03ms
[2026-04-10T22:13:58.744-0700][1.912s][info][gc,phases   ] GC(91)   Evacuate Collection Set: 0.68ms
[2026-04-10T22:13:58.744-0700][1.912s][info][gc,phases   ] GC(91)   Post Evacuate Collection Set: 0.14ms
[2026-04-10T22:13:58.744-0700][1.912s][info][gc,phases   ] GC(91)   Other: 0.06ms
[2026-04-10T22:13:58.744-0700][1.912s][info][gc,heap     ] GC(91) Eden regions: 17->0(37)
[2026-04-10T22:13:58.744-0700][1.912s][info][gc,heap     ] GC(91) Survivor regions: 3->3(3)
[2026-04-10T22:13:58.744-0700][1.912s][info][gc,heap     ] GC(91) Old regions: 115->133
[2026-04-10T22:13:58.744-0700][1.912s][info][gc,heap     ] GC(91) Humongous regions: 0->0
[2026-04-10T22:13:58.744-0700][1.912s][info][gc,metaspace] GC(91) Metaspace: 9812K(9984K)->9812K(9984K) NonClass: 8610K(8704K)->8610K(8704K) Class: 1202K(1280K)->1202K(1280K)
[2026-04-10T22:13:58.744-0700][1.912s][info][gc          ] GC(91) Pause Young (Prepare Mixed) (G1 Evacuation Pause) 134M->136M(256M) 1.089ms
[2026-04-10T22:13:58.744-0700][1.912s][info][gc,cpu      ] GC(91) User=0.01s Sys=0.00s Real=0.00s
[2026-04-10T22:13:58.745-0700][1.912s][info][safepoint   ] Safepoint "G1CollectForAllocation", Time since last: 9174334 ns, Reaching safepoint: 1875 ns, At safepoint: 1112750 ns, Leaving safepoint: 2416 ns, Total: 1117041 ns, Threads: 0 runnable, 10 total
[2026-04-10T22:13:58.746-0700][1.913s][info][gc,start    ] GC(92) Pause Young (Mixed) (G1 Evacuation Pause)
[2026-04-10T22:13:58.746-0700][1.913s][info][gc,task     ] GC(92) Using 6 workers of 9 for evacuation
[2026-04-10T22:13:58.747-0700][1.914s][info][gc,phases   ] GC(92)   Pre Evacuate Collection Set: 0.04ms
[2026-04-10T22:13:58.747-0700][1.914s][info][gc,phases   ] GC(92)   Merge Heap Roots: 0.03ms
[2026-04-10T22:13:58.747-0700][1.914s][info][gc,phases   ] GC(92)   Evacuate Collection Set: 0.94ms
[2026-04-10T22:13:58.747-0700][1.914s][info][gc,phases   ] GC(92)   Post Evacuate Collection Set: 0.11ms
[2026-04-10T22:13:58.747-0700][1.914s][info][gc,phases   ] GC(92)   Other: 0.04ms
[2026-04-10T22:13:58.747-0700][1.914s][info][gc,heap     ] GC(92) Eden regions: 37->0(26)
[2026-04-10T22:13:58.747-0700][1.914s][info][gc,heap     ] GC(92) Survivor regions: 3->5(5)
[2026-04-10T22:13:58.747-0700][1.914s][info][gc,heap     ] GC(92) Old regions: 133->167
[2026-04-10T22:13:58.747-0700][1.914s][info][gc,heap     ] GC(92) Humongous regions: 0->0
[2026-04-10T22:13:58.747-0700][1.914s][info][gc,metaspace] GC(92) Metaspace: 9812K(9984K)->9812K(9984K) NonClass: 8610K(8704K)->8610K(8704K) Class: 1202K(1280K)->1202K(1280K)
[2026-04-10T22:13:58.747-0700][1.914s][info][gc          ] GC(92) Pause Young (Mixed) (G1 Evacuation Pause) 173M->172M(256M) 1.297ms
[2026-04-10T22:13:58.747-0700][1.914s][info][gc,cpu      ] GC(92) User=0.00s Sys=0.00s Real=0.00s
[2026-04-10T22:13:58.747-0700][1.914s][info][safepoint   ] Safepoint "G1CollectForAllocation", Time since last: 1338375 ns, Reaching safepoint: 2334 ns, At safepoint: 1319166 ns, Leaving safepoint: 4000 ns, Total: 1325500 ns, Threads: 0 runnable, 10 total
[2026-04-10T22:13:58.762-0700][1.929s][info][gc,start    ] GC(93) Pause Young (Concurrent Start) (G1 Evacuation Pause)
[2026-04-10T22:13:58.762-0700][1.929s][info][gc,task     ] GC(93) Using 6 workers of 9 for evacuation
[2026-04-10T22:13:58.763-0700][1.931s][info][gc,phases   ] GC(93)   Pre Evacuate Collection Set: 0.09ms
[2026-04-10T22:13:58.763-0700][1.931s][info][gc,phases   ] GC(93)   Merge Heap Roots: 0.02ms
[2026-04-10T22:13:58.763-0700][1.931s][info][gc,phases   ] GC(93)   Evacuate Collection Set: 0.88ms
[2026-04-10T22:13:58.763-0700][1.931s][info][gc,phases   ] GC(93)   Post Evacuate Collection Set: 0.13ms
[2026-04-10T22:13:58.763-0700][1.931s][info][gc,phases   ] GC(93)   Other: 0.04ms
[2026-04-10T22:13:58.763-0700][1.931s][info][gc,heap     ] GC(93) Eden regions: 26->0(17)
[2026-04-10T22:13:58.763-0700][1.931s][info][gc,heap     ] GC(93) Survivor regions: 5->4(4)
[2026-04-10T22:13:58.763-0700][1.931s][info][gc,heap     ] GC(93) Old regions: 167->195
[2026-04-10T22:13:58.763-0700][1.931s][info][gc,heap     ] GC(93) Humongous regions: 0->0
[2026-04-10T22:13:58.763-0700][1.931s][info][gc,metaspace] GC(93) Metaspace: 9812K(9984K)->9812K(9984K) NonClass: 8610K(8704K)->8610K(8704K) Class: 1202K(1280K)->1202K(1280K)
[2026-04-10T22:13:58.763-0700][1.931s][info][gc          ] GC(93) Pause Young (Concurrent Start) (G1 Evacuation Pause) 198M->199M(256M) 1.285ms
[2026-04-10T22:13:58.763-0700][1.931s][info][gc,cpu      ] GC(93) User=0.00s Sys=0.00s Real=0.00s
[2026-04-10T22:13:58.763-0700][1.931s][info][safepoint   ] Safepoint "G1CollectForAllocation", Time since last: 14827375 ns, Reaching safepoint: 1542 ns, At safepoint: 1310875 ns, Leaving safepoint: 1917 ns, Total: 1314334 ns, Threads: 0 runnable, 10 total
[2026-04-10T22:13:58.763-0700][1.931s][info][gc          ] GC(94) Concurrent Mark Cycle
[2026-04-10T22:13:58.763-0700][1.931s][info][gc,marking  ] GC(94) Concurrent Scan Root Regions
[2026-04-10T22:13:58.764-0700][1.931s][info][gc,marking  ] GC(94) Concurrent Scan Root Regions 0.243ms
[2026-04-10T22:13:58.764-0700][1.931s][info][gc,marking  ] GC(94) Concurrent Mark
[2026-04-10T22:13:58.764-0700][1.931s][info][gc,marking  ] GC(94) Concurrent Mark From Roots
[2026-04-10T22:13:58.764-0700][1.931s][info][gc,task     ] GC(94) Using 2 workers of 2 for marking
[2026-04-10T22:13:58.764-0700][1.931s][info][gc,start    ] GC(95) Pause Young (Normal) (G1 Evacuation Pause)
[2026-04-10T22:13:58.764-0700][1.931s][info][gc,task     ] GC(95) Using 6 workers of 9 for evacuation
[2026-04-10T22:13:58.765-0700][1.932s][info][gc,phases   ] GC(95)   Pre Evacuate Collection Set: 0.04ms
[2026-04-10T22:13:58.765-0700][1.932s][info][gc,phases   ] GC(95)   Merge Heap Roots: 0.02ms
[2026-04-10T22:13:58.765-0700][1.932s][info][gc,phases   ] GC(95)   Evacuate Collection Set: 0.74ms
[2026-04-10T22:13:58.765-0700][1.932s][info][gc,phases   ] GC(95)   Post Evacuate Collection Set: 0.12ms
[2026-04-10T22:13:58.765-0700][1.932s][info][gc,phases   ] GC(95)   Other: 0.04ms
[2026-04-10T22:13:58.765-0700][1.932s][info][gc,heap     ] GC(95) Eden regions: 17->0(18)
[2026-04-10T22:13:58.765-0700][1.932s][info][gc,heap     ] GC(95) Survivor regions: 4->3(3)
[2026-04-10T22:13:58.765-0700][1.932s][info][gc,heap     ] GC(95) Old regions: 195->215
[2026-04-10T22:13:58.765-0700][1.932s][info][gc,heap     ] GC(95) Humongous regions: 0->0
[2026-04-10T22:13:58.765-0700][1.932s][info][gc,metaspace] GC(95) Metaspace: 9812K(9984K)->9812K(9984K) NonClass: 8610K(8704K)->8610K(8704K) Class: 1202K(1280K)->1202K(1280K)
[2026-04-10T22:13:58.765-0700][1.932s][info][gc          ] GC(95) Pause Young (Normal) (G1 Evacuation Pause) 216M->217M(256M) 1.067ms
[2026-04-10T22:13:58.765-0700][1.932s][info][gc,cpu      ] GC(95) User=0.00s Sys=0.00s Real=0.00s
[2026-04-10T22:13:58.765-0700][1.932s][info][safepoint   ] Safepoint "G1CollectForAllocation", Time since last: 709541 ns, Reaching safepoint: 8584 ns, At safepoint: 1085458 ns, Leaving safepoint: 11000 ns, Total: 1105042 ns, Threads: 0 runnable, 10 total
[2026-04-10T22:13:58.767-0700][1.935s][info][gc,marking  ] GC(94) Concurrent Mark From Roots 3.642ms
[2026-04-10T22:13:58.767-0700][1.935s][info][gc,marking  ] GC(94) Concurrent Preclean
[2026-04-10T22:13:58.767-0700][1.935s][info][gc,marking  ] GC(94) Concurrent Preclean 0.007ms
[2026-04-10T22:13:58.851-0700][2.019s][info][gc,start    ] GC(94) Pause Remark
[2026-04-10T22:13:58.852-0700][2.019s][info][gc          ] GC(94) Pause Remark 229M->124M(256M) 0.536ms
[2026-04-10T22:13:58.852-0700][2.019s][info][gc,cpu      ] GC(94) User=0.00s Sys=0.00s Real=0.00s
[2026-04-10T22:13:58.852-0700][2.019s][info][safepoint   ] Safepoint "G1PauseRemark", Time since last: 2127125 ns, Reaching safepoint: 83956042 ns, At safepoint: 570708 ns, Leaving safepoint: 1875 ns, Total: 84528625 ns, Threads: 1 runnable, 10 total
[2026-04-10T22:13:58.852-0700][2.019s][info][gc,marking  ] GC(94) Concurrent Mark 88.231ms
[2026-04-10T22:13:58.852-0700][2.019s][info][gc,marking  ] GC(94) Concurrent Rebuild Remembered Sets and Scrub Regions
[2026-04-10T22:13:58.854-0700][2.021s][info][gc,marking  ] GC(94) Concurrent Rebuild Remembered Sets and Scrub Regions 1.840ms
[2026-04-10T22:13:58.856-0700][2.023s][info][gc,start    ] GC(94) Pause Cleanup
[2026-04-10T22:13:58.856-0700][2.023s][info][gc          ] GC(94) Pause Cleanup 124M->124M(256M) 0.018ms
[2026-04-10T22:13:58.856-0700][2.023s][info][gc,cpu      ] GC(94) User=0.00s Sys=0.00s Real=0.00s
[2026-04-10T22:13:58.856-0700][2.023s][info][safepoint   ] Safepoint "G1PauseCleanup", Time since last: 1894583 ns, Reaching safepoint: 2260667 ns, At safepoint: 32625 ns, Leaving safepoint: 875 ns, Total: 2294167 ns, Threads: 1 runnable, 10 total
[2026-04-10T22:13:58.856-0700][2.023s][info][gc,marking  ] GC(94) Concurrent Clear Claimed Marks
[2026-04-10T22:13:58.856-0700][2.023s][info][gc,marking  ] GC(94) Concurrent Clear Claimed Marks 0.010ms
[2026-04-10T22:13:58.856-0700][2.023s][info][gc,marking  ] GC(94) Concurrent Cleanup for Next Mark
[2026-04-10T22:13:58.856-0700][2.023s][info][gc,marking  ] GC(94) Concurrent Cleanup for Next Mark 0.107ms
[2026-04-10T22:13:58.856-0700][2.023s][info][gc          ] GC(94) Concurrent Mark Cycle 92.822ms
[2026-04-10T22:13:58.865-0700][2.032s][info][gc,start    ] GC(96) Pause Young (Prepare Mixed) (G1 Evacuation Pause)
[2026-04-10T22:13:58.865-0700][2.032s][info][gc,task     ] GC(96) Using 6 workers of 9 for evacuation
[2026-04-10T22:13:58.866-0700][2.033s][info][gc,phases   ] GC(96)   Pre Evacuate Collection Set: 0.04ms
[2026-04-10T22:13:58.866-0700][2.033s][info][gc,phases   ] GC(96)   Merge Heap Roots: 0.03ms
[2026-04-10T22:13:58.866-0700][2.033s][info][gc,phases   ] GC(96)   Evacuate Collection Set: 0.72ms
[2026-04-10T22:13:58.866-0700][2.033s][info][gc,phases   ] GC(96)   Post Evacuate Collection Set: 0.10ms
[2026-04-10T22:13:58.866-0700][2.033s][info][gc,phases   ] GC(96)   Other: 0.04ms
[2026-04-10T22:13:58.866-0700][2.033s][info][gc,heap     ] GC(96) Eden regions: 18->0(38)
[2026-04-10T22:13:58.866-0700][2.033s][info][gc,heap     ] GC(96) Survivor regions: 3->3(3)
[2026-04-10T22:13:58.866-0700][2.033s][info][gc,heap     ] GC(96) Old regions: 110->129
[2026-04-10T22:13:58.866-0700][2.033s][info][gc,heap     ] GC(96) Humongous regions: 0->0
[2026-04-10T22:13:58.866-0700][2.033s][info][gc,metaspace] GC(96) Metaspace: 9812K(9984K)->9812K(9984K) NonClass: 8610K(8704K)->8610K(8704K) Class: 1202K(1280K)->1202K(1280K)
[2026-04-10T22:13:58.866-0700][2.033s][info][gc          ] GC(96) Pause Young (Prepare Mixed) (G1 Evacuation Pause) 130M->132M(256M) 1.049ms
[2026-04-10T22:13:58.866-0700][2.033s][info][gc,cpu      ] GC(96) User=0.00s Sys=0.00s Real=0.00s
[2026-04-10T22:13:58.866-0700][2.033s][info][safepoint   ] Safepoint "G1CollectForAllocation", Time since last: 9078083 ns, Reaching safepoint: 1250 ns, At safepoint: 1072584 ns, Leaving safepoint: 2916 ns, Total: 1076750 ns, Threads: 0 runnable, 10 total
[2026-04-10T22:13:58.868-0700][2.035s][info][gc,start    ] GC(97) Pause Young (Mixed) (G1 Evacuation Pause)
[2026-04-10T22:13:58.868-0700][2.035s][info][gc,task     ] GC(97) Using 6 workers of 9 for evacuation
[2026-04-10T22:13:58.869-0700][2.036s][info][gc,phases   ] GC(97)   Pre Evacuate Collection Set: 0.04ms
[2026-04-10T22:13:58.869-0700][2.036s][info][gc,phases   ] GC(97)   Merge Heap Roots: 0.03ms
[2026-04-10T22:13:58.869-0700][2.036s][info][gc,phases   ] GC(97)   Evacuate Collection Set: 1.10ms
[2026-04-10T22:13:58.869-0700][2.036s][info][gc,phases   ] GC(97)   Post Evacuate Collection Set: 0.12ms
[2026-04-10T22:13:58.869-0700][2.036s][info][gc,phases   ] GC(97)   Other: 0.04ms
[2026-04-10T22:13:58.869-0700][2.036s][info][gc,heap     ] GC(97) Eden regions: 38->0(27)
[2026-04-10T22:13:58.869-0700][2.036s][info][gc,heap     ] GC(97) Survivor regions: 3->6(6)
[2026-04-10T22:13:58.869-0700][2.036s][info][gc,heap     ] GC(97) Old regions: 129->164
[2026-04-10T22:13:58.869-0700][2.036s][info][gc,heap     ] GC(97) Humongous regions: 0->0
[2026-04-10T22:13:58.869-0700][2.036s][info][gc,metaspace] GC(97) Metaspace: 9812K(9984K)->9812K(9984K) NonClass: 8610K(8704K)->8610K(8704K) Class: 1202K(1280K)->1202K(1280K)
[2026-04-10T22:13:58.869-0700][2.036s][info][gc          ] GC(97) Pause Young (Mixed) (G1 Evacuation Pause) 170M->169M(256M) 1.444ms
[2026-04-10T22:13:58.869-0700][2.036s][info][gc,cpu      ] GC(97) User=0.01s Sys=0.00s Real=0.00s
[2026-04-10T22:13:58.869-0700][2.036s][info][safepoint   ] Safepoint "G1CollectForAllocation", Time since last: 1554875 ns, Reaching safepoint: 1292 ns, At safepoint: 1465708 ns, Leaving safepoint: 4542 ns, Total: 1471542 ns, Threads: 0 runnable, 10 total
[2026-04-10T22:13:58.884-0700][2.052s][info][gc,start    ] GC(98) Pause Young (Concurrent Start) (G1 Evacuation Pause)
[2026-04-10T22:13:58.884-0700][2.052s][info][gc,task     ] GC(98) Using 6 workers of 9 for evacuation
[2026-04-10T22:13:58.886-0700][2.053s][info][gc,phases   ] GC(98)   Pre Evacuate Collection Set: 0.06ms
[2026-04-10T22:13:58.886-0700][2.053s][info][gc,phases   ] GC(98)   Merge Heap Roots: 0.05ms
[2026-04-10T22:13:58.886-0700][2.053s][info][gc,phases   ] GC(98)   Evacuate Collection Set: 0.98ms
[2026-04-10T22:13:58.886-0700][2.053s][info][gc,phases   ] GC(98)   Post Evacuate Collection Set: 0.12ms
[2026-04-10T22:13:58.886-0700][2.053s][info][gc,phases   ] GC(98)   Other: 0.04ms
[2026-04-10T22:13:58.886-0700][2.053s][info][gc,heap     ] GC(98) Eden regions: 27->0(18)
[2026-04-10T22:13:58.886-0700][2.053s][info][gc,heap     ] GC(98) Survivor regions: 6->5(5)
[2026-04-10T22:13:58.886-0700][2.053s][info][gc,heap     ] GC(98) Old regions: 164->193
[2026-04-10T22:13:58.886-0700][2.053s][info][gc,heap     ] GC(98) Humongous regions: 0->0
[2026-04-10T22:13:58.886-0700][2.053s][info][gc,metaspace] GC(98) Metaspace: 9812K(9984K)->9812K(9984K) NonClass: 8610K(8704K)->8610K(8704K) Class: 1202K(1280K)->1202K(1280K)
[2026-04-10T22:13:58.886-0700][2.053s][info][gc          ] GC(98) Pause Young (Concurrent Start) (G1 Evacuation Pause) 196M->198M(256M) 1.392ms
[2026-04-10T22:13:58.886-0700][2.053s][info][gc,cpu      ] GC(98) User=0.01s Sys=0.00s Real=0.00s
[2026-04-10T22:13:58.886-0700][2.053s][info][gc          ] GC(99) Concurrent Mark Cycle
[2026-04-10T22:13:58.886-0700][2.053s][info][safepoint   ] Safepoint "G1CollectForAllocation", Time since last: 15158917 ns, Reaching safepoint: 2000 ns, At safepoint: 1417833 ns, Leaving safepoint: 3833 ns, Total: 1423666 ns, Threads: 0 runnable, 10 total
[2026-04-10T22:13:58.886-0700][2.053s][info][gc,marking  ] GC(99) Concurrent Scan Root Regions
[2026-04-10T22:13:58.886-0700][2.053s][info][gc,marking  ] GC(99) Concurrent Scan Root Regions 0.270ms
[2026-04-10T22:13:58.886-0700][2.053s][info][gc,marking  ] GC(99) Concurrent Mark
[2026-04-10T22:13:58.886-0700][2.053s][info][gc,marking  ] GC(99) Concurrent Mark From Roots
[2026-04-10T22:13:58.886-0700][2.053s][info][gc,task     ] GC(99) Using 2 workers of 2 for marking
[2026-04-10T22:13:58.887-0700][2.054s][info][gc,start    ] GC(100) Pause Young (Normal) (G1 Evacuation Pause)
[2026-04-10T22:13:58.887-0700][2.054s][info][gc,task     ] GC(100) Using 6 workers of 9 for evacuation
[2026-04-10T22:13:58.888-0700][2.055s][info][gc,phases   ] GC(100)   Pre Evacuate Collection Set: 0.05ms
[2026-04-10T22:13:58.888-0700][2.055s][info][gc,phases   ] GC(100)   Merge Heap Roots: 0.02ms
[2026-04-10T22:13:58.888-0700][2.055s][info][gc,phases   ] GC(100)   Evacuate Collection Set: 0.72ms
[2026-04-10T22:13:58.888-0700][2.055s][info][gc,phases   ] GC(100)   Post Evacuate Collection Set: 0.12ms
[2026-04-10T22:13:58.888-0700][2.055s][info][gc,phases   ] GC(100)   Other: 0.04ms
[2026-04-10T22:13:58.888-0700][2.055s][info][gc,heap     ] GC(100) Eden regions: 18->0(17)
[2026-04-10T22:13:58.888-0700][2.055s][info][gc,heap     ] GC(100) Survivor regions: 5->3(3)
[2026-04-10T22:13:58.888-0700][2.055s][info][gc,heap     ] GC(100) Old regions: 193->214
[2026-04-10T22:13:58.888-0700][2.055s][info][gc,heap     ] GC(100) Humongous regions: 0->0
[2026-04-10T22:13:58.888-0700][2.055s][info][gc,metaspace] GC(100) Metaspace: 9812K(9984K)->9812K(9984K) NonClass: 8610K(8704K)->8610K(8704K) Class: 1202K(1280K)->1202K(1280K)
[2026-04-10T22:13:58.888-0700][2.055s][info][gc          ] GC(100) Pause Young (Normal) (G1 Evacuation Pause) 216M->217M(256M) 1.051ms
[2026-04-10T22:13:58.888-0700][2.055s][info][gc,cpu      ] GC(100) User=0.01s Sys=0.00s Real=0.00s
[2026-04-10T22:13:58.888-0700][2.055s][info][safepoint   ] Safepoint "G1CollectForAllocation", Time since last: 907125 ns, Reaching safepoint: 14667 ns, At safepoint: 1071917 ns, Leaving safepoint: 4625 ns, Total: 1091209 ns, Threads: 0 runnable, 10 total
[2026-04-10T22:13:58.890-0700][2.057s][info][gc,marking  ] GC(99) Concurrent Mark From Roots 3.594ms
[2026-04-10T22:13:58.890-0700][2.057s][info][gc,marking  ] GC(99) Concurrent Preclean
[2026-04-10T22:13:58.890-0700][2.057s][info][gc,marking  ] GC(99) Concurrent Preclean 0.007ms
[2026-04-10T22:13:58.973-0700][2.141s][info][gc,start    ] GC(99) Pause Remark
[2026-04-10T22:13:58.974-0700][2.141s][info][gc          ] GC(99) Pause Remark 227M->128M(256M) 0.609ms
[2026-04-10T22:13:58.974-0700][2.141s][info][gc,cpu      ] GC(99) User=0.01s Sys=0.00s Real=0.00s
[2026-04-10T22:13:58.974-0700][2.141s][info][safepoint   ] Safepoint "G1PauseRemark", Time since last: 1963458 ns, Reaching safepoint: 83791083 ns, At safepoint: 637084 ns, Leaving safepoint: 1583 ns, Total: 84429750 ns, Threads: 1 runnable, 10 total
[2026-04-10T22:13:58.974-0700][2.141s][info][gc,marking  ] GC(99) Concurrent Mark 88.109ms
[2026-04-10T22:13:58.974-0700][2.141s][info][gc,marking  ] GC(99) Concurrent Rebuild Remembered Sets and Scrub Regions
[2026-04-10T22:13:58.976-0700][2.143s][info][gc,marking  ] GC(99) Concurrent Rebuild Remembered Sets and Scrub Regions 1.830ms
[2026-04-10T22:13:58.978-0700][2.146s][info][gc,start    ] GC(99) Pause Cleanup
[2026-04-10T22:13:58.978-0700][2.146s][info][gc          ] GC(99) Pause Cleanup 128M->128M(256M) 0.016ms
[2026-04-10T22:13:58.978-0700][2.146s][info][gc,cpu      ] GC(99) User=0.00s Sys=0.00s Real=0.00s
[2026-04-10T22:13:58.978-0700][2.146s][info][safepoint   ] Safepoint "G1PauseCleanup", Time since last: 1885542 ns, Reaching safepoint: 2271583 ns, At safepoint: 29792 ns, Leaving safepoint: 1000 ns, Total: 2302375 ns, Threads: 1 runnable, 10 total
[2026-04-10T22:13:58.978-0700][2.146s][info][gc,marking  ] GC(99) Concurrent Clear Claimed Marks
[2026-04-10T22:13:58.978-0700][2.146s][info][gc,marking  ] GC(99) Concurrent Clear Claimed Marks 0.012ms
[2026-04-10T22:13:58.978-0700][2.146s][info][gc,marking  ] GC(99) Concurrent Cleanup for Next Mark
[2026-04-10T22:13:58.978-0700][2.146s][info][gc,marking  ] GC(99) Concurrent Cleanup for Next Mark 0.112ms
[2026-04-10T22:13:58.978-0700][2.146s][info][gc          ] GC(99) Concurrent Mark Cycle 92.745ms
[2026-04-10T22:13:58.987-0700][2.155s][info][gc,start    ] GC(101) Pause Young (Prepare Mixed) (G1 Evacuation Pause)
[2026-04-10T22:13:58.987-0700][2.155s][info][gc,task     ] GC(101) Using 6 workers of 9 for evacuation
[2026-04-10T22:13:58.989-0700][2.156s][info][gc,phases   ] GC(101)   Pre Evacuate Collection Set: 0.12ms
[2026-04-10T22:13:58.989-0700][2.156s][info][gc,phases   ] GC(101)   Merge Heap Roots: 0.05ms
[2026-04-10T22:13:58.989-0700][2.156s][info][gc,phases   ] GC(101)   Evacuate Collection Set: 0.69ms
[2026-04-10T22:13:58.989-0700][2.156s][info][gc,phases   ] GC(101)   Post Evacuate Collection Set: 0.12ms
[2026-04-10T22:13:58.989-0700][2.156s][info][gc,phases   ] GC(101)   Other: 0.04ms
[2026-04-10T22:13:58.989-0700][2.156s][info][gc,heap     ] GC(101) Eden regions: 17->0(37)
[2026-04-10T22:13:58.989-0700][2.156s][info][gc,heap     ] GC(101) Survivor regions: 3->3(3)
[2026-04-10T22:13:58.989-0700][2.156s][info][gc,heap     ] GC(101) Old regions: 115->133
[2026-04-10T22:13:58.989-0700][2.156s][info][gc,heap     ] GC(101) Humongous regions: 0->0
[2026-04-10T22:13:58.989-0700][2.156s][info][gc,metaspace] GC(101) Metaspace: 9812K(9984K)->9812K(9984K) NonClass: 8610K(8704K)->8610K(8704K) Class: 1202K(1280K)->1202K(1280K)
[2026-04-10T22:13:58.989-0700][2.156s][info][gc          ] GC(101) Pause Young (Prepare Mixed) (G1 Evacuation Pause) 135M->136M(256M) 1.143ms
[2026-04-10T22:13:58.989-0700][2.156s][info][gc,cpu      ] GC(101) User=0.01s Sys=0.00s Real=0.00s
[2026-04-10T22:13:58.989-0700][2.156s][info][safepoint   ] Safepoint "G1CollectForAllocation", Time since last: 9137500 ns, Reaching safepoint: 583 ns, At safepoint: 1165083 ns, Leaving safepoint: 6000 ns, Total: 1171666 ns, Threads: 0 runnable, 10 total
[2026-04-10T22:13:58.990-0700][2.158s][info][gc,start    ] GC(102) Pause Young (Mixed) (G1 Evacuation Pause)
[2026-04-10T22:13:58.990-0700][2.158s][info][gc,task     ] GC(102) Using 6 workers of 9 for evacuation
[2026-04-10T22:13:58.991-0700][2.159s][info][gc,phases   ] GC(102)   Pre Evacuate Collection Set: 0.05ms
[2026-04-10T22:13:58.991-0700][2.159s][info][gc,phases   ] GC(102)   Merge Heap Roots: 0.03ms
[2026-04-10T22:13:58.991-0700][2.159s][info][gc,phases   ] GC(102)   Evacuate Collection Set: 0.92ms
[2026-04-10T22:13:58.991-0700][2.159s][info][gc,phases   ] GC(102)   Post Evacuate Collection Set: 0.13ms
[2026-04-10T22:13:58.991-0700][2.159s][info][gc,phases   ] GC(102)   Other: 0.04ms
[2026-04-10T22:13:58.991-0700][2.159s][info][gc,heap     ] GC(102) Eden regions: 37->0(26)
[2026-04-10T22:13:58.991-0700][2.159s][info][gc,heap     ] GC(102) Survivor regions: 3->5(5)
[2026-04-10T22:13:58.992-0700][2.159s][info][gc,heap     ] GC(102) Old regions: 133->167
[2026-04-10T22:13:58.992-0700][2.159s][info][gc,heap     ] GC(102) Humongous regions: 0->0
[2026-04-10T22:13:58.992-0700][2.159s][info][gc,metaspace] GC(102) Metaspace: 9812K(9984K)->9812K(9984K) NonClass: 8610K(8704K)->8610K(8704K) Class: 1202K(1280K)->1202K(1280K)
[2026-04-10T22:13:58.992-0700][2.159s][info][gc          ] GC(102) Pause Young (Mixed) (G1 Evacuation Pause) 173M->171M(256M) 1.274ms
[2026-04-10T22:13:58.992-0700][2.159s][info][gc,cpu      ] GC(102) User=0.00s Sys=0.00s Real=0.00s
[2026-04-10T22:13:58.992-0700][2.159s][info][safepoint   ] Safepoint "G1CollectForAllocation", Time since last: 1630334 ns, Reaching safepoint: 1083 ns, At safepoint: 1294833 ns, Leaving safepoint: 3834 ns, Total: 1299750 ns, Threads: 0 runnable, 10 total
[2026-04-10T22:13:59.006-0700][2.174s][info][gc,start    ] GC(103) Pause Young (Concurrent Start) (G1 Evacuation Pause)
[2026-04-10T22:13:59.006-0700][2.174s][info][gc,task     ] GC(103) Using 6 workers of 9 for evacuation
[2026-04-10T22:13:59.008-0700][2.175s][info][gc,phases   ] GC(103)   Pre Evacuate Collection Set: 0.07ms
[2026-04-10T22:13:59.008-0700][2.175s][info][gc,phases   ] GC(103)   Merge Heap Roots: 0.03ms
[2026-04-10T22:13:59.008-0700][2.175s][info][gc,phases   ] GC(103)   Evacuate Collection Set: 0.86ms
[2026-04-10T22:13:59.008-0700][2.175s][info][gc,phases   ] GC(103)   Post Evacuate Collection Set: 0.10ms
[2026-04-10T22:13:59.008-0700][2.175s][info][gc,phases   ] GC(103)   Other: 0.05ms
[2026-04-10T22:13:59.008-0700][2.175s][info][gc,heap     ] GC(103) Eden regions: 26->0(17)
[2026-04-10T22:13:59.008-0700][2.175s][info][gc,heap     ] GC(103) Survivor regions: 5->4(4)
[2026-04-10T22:13:59.008-0700][2.175s][info][gc,heap     ] GC(103) Old regions: 167->195
[2026-04-10T22:13:59.008-0700][2.175s][info][gc,heap     ] GC(103) Humongous regions: 0->0
[2026-04-10T22:13:59.008-0700][2.175s][info][gc,metaspace] GC(103) Metaspace: 9812K(9984K)->9812K(9984K) NonClass: 8610K(8704K)->8610K(8704K) Class: 1202K(1280K)->1202K(1280K)
[2026-04-10T22:13:59.008-0700][2.175s][info][gc          ] GC(103) Pause Young (Concurrent Start) (G1 Evacuation Pause) 197M->199M(256M) 1.245ms
[2026-04-10T22:13:59.008-0700][2.175s][info][gc,cpu      ] GC(103) User=0.00s Sys=0.00s Real=0.00s
[2026-04-10T22:13:59.008-0700][2.175s][info][gc          ] GC(104) Concurrent Mark Cycle
[2026-04-10T22:13:59.008-0700][2.175s][info][safepoint   ] Safepoint "G1CollectForAllocation", Time since last: 14800375 ns, Reaching safepoint: 1916 ns, At safepoint: 1271875 ns, Leaving safepoint: 2542 ns, Total: 1276333 ns, Threads: 0 runnable, 10 total
[2026-04-10T22:13:59.008-0700][2.175s][info][gc,marking  ] GC(104) Concurrent Scan Root Regions
[2026-04-10T22:13:59.008-0700][2.175s][info][gc,marking  ] GC(104) Concurrent Scan Root Regions 0.256ms
[2026-04-10T22:13:59.008-0700][2.175s][info][gc,marking  ] GC(104) Concurrent Mark
[2026-04-10T22:13:59.008-0700][2.175s][info][gc,marking  ] GC(104) Concurrent Mark From Roots
[2026-04-10T22:13:59.008-0700][2.175s][info][gc,task     ] GC(104) Using 2 workers of 2 for marking
[2026-04-10T22:13:59.008-0700][2.176s][info][gc,start    ] GC(105) Pause Young (Normal) (G1 Evacuation Pause)
[2026-04-10T22:13:59.008-0700][2.176s][info][gc,task     ] GC(105) Using 6 workers of 9 for evacuation
[2026-04-10T22:13:59.009-0700][2.177s][info][gc,phases   ] GC(105)   Pre Evacuate Collection Set: 0.05ms
[2026-04-10T22:13:59.009-0700][2.177s][info][gc,phases   ] GC(105)   Merge Heap Roots: 0.02ms
[2026-04-10T22:13:59.009-0700][2.177s][info][gc,phases   ] GC(105)   Evacuate Collection Set: 0.76ms
[2026-04-10T22:13:59.009-0700][2.177s][info][gc,phases   ] GC(105)   Post Evacuate Collection Set: 0.11ms
[2026-04-10T22:13:59.009-0700][2.177s][info][gc,phases   ] GC(105)   Other: 0.04ms
[2026-04-10T22:13:59.009-0700][2.177s][info][gc,heap     ] GC(105) Eden regions: 17->0(17)
[2026-04-10T22:13:59.009-0700][2.177s][info][gc,heap     ] GC(105) Survivor regions: 4->3(3)
[2026-04-10T22:13:59.009-0700][2.177s][info][gc,heap     ] GC(105) Old regions: 195->215
[2026-04-10T22:13:59.009-0700][2.177s][info][gc,heap     ] GC(105) Humongous regions: 0->0
[2026-04-10T22:13:59.009-0700][2.177s][info][gc,metaspace] GC(105) Metaspace: 9812K(9984K)->9812K(9984K) NonClass: 8610K(8704K)->8610K(8704K) Class: 1202K(1280K)->1202K(1280K)
[2026-04-10T22:13:59.009-0700][2.177s][info][gc          ] GC(105) Pause Young (Normal) (G1 Evacuation Pause) 216M->217M(256M) 1.077ms
[2026-04-10T22:13:59.009-0700][2.177s][info][gc,cpu      ] GC(105) User=0.01s Sys=0.00s Real=0.00s
[2026-04-10T22:13:59.009-0700][2.177s][info][safepoint   ] Safepoint "G1CollectForAllocation", Time since last: 713750 ns, Reaching safepoint: 21250 ns, At safepoint: 1096417 ns, Leaving safepoint: 4375 ns, Total: 1122042 ns, Threads: 0 runnable, 10 total
[2026-04-10T22:13:59.012-0700][2.179s][info][gc,marking  ] GC(104) Concurrent Mark From Roots 3.606ms
[2026-04-10T22:13:59.012-0700][2.179s][info][gc,marking  ] GC(104) Concurrent Preclean
[2026-04-10T22:13:59.012-0700][2.179s][info][gc,marking  ] GC(104) Concurrent Preclean 0.007ms
[2026-04-10T22:13:59.095-0700][2.262s][info][gc,start    ] GC(104) Pause Remark
[2026-04-10T22:13:59.096-0700][2.263s][info][gc          ] GC(104) Pause Remark 229M->124M(256M) 0.571ms
[2026-04-10T22:13:59.096-0700][2.263s][info][gc,cpu      ] GC(104) User=0.00s Sys=0.00s Real=0.00s
[2026-04-10T22:13:59.096-0700][2.263s][info][safepoint   ] Safepoint "G1PauseRemark", Time since last: 2116833 ns, Reaching safepoint: 83346458 ns, At safepoint: 612584 ns, Leaving safepoint: 3083 ns, Total: 83962125 ns, Threads: 1 runnable, 10 total
[2026-04-10T22:13:59.096-0700][2.263s][info][gc,marking  ] GC(104) Concurrent Mark 87.640ms
[2026-04-10T22:13:59.096-0700][2.263s][info][gc,marking  ] GC(104) Concurrent Rebuild Remembered Sets and Scrub Regions
[2026-04-10T22:13:59.097-0700][2.265s][info][gc,marking  ] GC(104) Concurrent Rebuild Remembered Sets and Scrub Regions 1.629ms
[2026-04-10T22:13:59.097-0700][2.265s][info][gc,start    ] GC(104) Pause Cleanup
[2026-04-10T22:13:59.097-0700][2.265s][info][gc          ] GC(104) Pause Cleanup 124M->124M(256M) 0.027ms
[2026-04-10T22:13:59.097-0700][2.265s][info][gc,cpu      ] GC(104) User=0.00s Sys=0.00s Real=0.00s
[2026-04-10T22:13:59.097-0700][2.265s][info][safepoint   ] Safepoint "G1PauseCleanup", Time since last: 1659667 ns, Reaching safepoint: 217291 ns, At safepoint: 44834 ns, Leaving safepoint: 1791 ns, Total: 263916 ns, Threads: 1 runnable, 10 total
[2026-04-10T22:13:59.097-0700][2.265s][info][gc,marking  ] GC(104) Concurrent Clear Claimed Marks
[2026-04-10T22:13:59.098-0700][2.265s][info][gc,marking  ] GC(104) Concurrent Clear Claimed Marks 0.012ms
[2026-04-10T22:13:59.098-0700][2.265s][info][gc,marking  ] GC(104) Concurrent Cleanup for Next Mark
[2026-04-10T22:13:59.098-0700][2.265s][info][gc,marking  ] GC(104) Concurrent Cleanup for Next Mark 0.106ms
[2026-04-10T22:13:59.098-0700][2.265s][info][gc          ] GC(104) Concurrent Mark Cycle 90.005ms
[2026-04-10T22:13:59.108-0700][2.276s][info][gc,start    ] GC(106) Pause Young (Prepare Mixed) (G1 Evacuation Pause)
[2026-04-10T22:13:59.108-0700][2.276s][info][gc,task     ] GC(106) Using 6 workers of 9 for evacuation
[2026-04-10T22:13:59.109-0700][2.276s][info][gc,phases   ] GC(106)   Pre Evacuate Collection Set: 0.04ms
[2026-04-10T22:13:59.109-0700][2.276s][info][gc,phases   ] GC(106)   Merge Heap Roots: 0.04ms
[2026-04-10T22:13:59.109-0700][2.276s][info][gc,phases   ] GC(106)   Evacuate Collection Set: 0.65ms
[2026-04-10T22:13:59.109-0700][2.276s][info][gc,phases   ] GC(106)   Post Evacuate Collection Set: 0.10ms
[2026-04-10T22:13:59.109-0700][2.276s][info][gc,phases   ] GC(106)   Other: 0.04ms
[2026-04-10T22:13:59.109-0700][2.276s][info][gc,heap     ] GC(106) Eden regions: 17->0(39)
[2026-04-10T22:13:59.109-0700][2.276s][info][gc,heap     ] GC(106) Survivor regions: 3->3(3)
[2026-04-10T22:13:59.109-0700][2.276s][info][gc,heap     ] GC(106) Old regions: 110->128
[2026-04-10T22:13:59.109-0700][2.276s][info][gc,heap     ] GC(106) Humongous regions: 0->0
[2026-04-10T22:13:59.109-0700][2.276s][info][gc,metaspace] GC(106) Metaspace: 9812K(9984K)->9812K(9984K) NonClass: 8610K(8704K)->8610K(8704K) Class: 1202K(1280K)->1202K(1280K)
[2026-04-10T22:13:59.109-0700][2.277s][info][gc          ] GC(106) Pause Young (Prepare Mixed) (G1 Evacuation Pause) 129M->131M(256M) 1.001ms
[2026-04-10T22:13:59.109-0700][2.277s][info][gc,cpu      ] GC(106) User=0.00s Sys=0.00s Real=0.00s
[2026-04-10T22:13:59.109-0700][2.277s][info][safepoint   ] Safepoint "G1CollectForAllocation", Time since last: 10711209 ns, Reaching safepoint: 1083 ns, At safepoint: 1019708 ns, Leaving safepoint: 5834 ns, Total: 1026625 ns, Threads: 0 runnable, 10 total
[2026-04-10T22:13:59.111-0700][2.278s][info][gc,start    ] GC(107) Pause Young (Mixed) (G1 Evacuation Pause)
[2026-04-10T22:13:59.111-0700][2.278s][info][gc,task     ] GC(107) Using 6 workers of 9 for evacuation
[2026-04-10T22:13:59.112-0700][2.279s][info][gc,phases   ] GC(107)   Pre Evacuate Collection Set: 0.04ms
[2026-04-10T22:13:59.112-0700][2.279s][info][gc,phases   ] GC(107)   Merge Heap Roots: 0.03ms
[2026-04-10T22:13:59.112-0700][2.279s][info][gc,phases   ] GC(107)   Evacuate Collection Set: 1.08ms
[2026-04-10T22:13:59.112-0700][2.279s][info][gc,phases   ] GC(107)   Post Evacuate Collection Set: 0.12ms
[2026-04-10T22:13:59.112-0700][2.279s][info][gc,phases   ] GC(107)   Other: 0.04ms
[2026-04-10T22:13:59.112-0700][2.280s][info][gc,heap     ] GC(107) Eden regions: 39->0(27)
[2026-04-10T22:13:59.112-0700][2.280s][info][gc,heap     ] GC(107) Survivor regions: 3->6(6)
[2026-04-10T22:13:59.112-0700][2.280s][info][gc,heap     ] GC(107) Old regions: 128->163
[2026-04-10T22:13:59.112-0700][2.280s][info][gc,heap     ] GC(107) Humongous regions: 0->0
[2026-04-10T22:13:59.112-0700][2.280s][info][gc,metaspace] GC(107) Metaspace: 9812K(9984K)->9812K(9984K) NonClass: 8610K(8704K)->8610K(8704K) Class: 1202K(1280K)->1202K(1280K)
[2026-04-10T22:13:59.112-0700][2.280s][info][gc          ] GC(107) Pause Young (Mixed) (G1 Evacuation Pause) 170M->169M(256M) 1.447ms
[2026-04-10T22:13:59.112-0700][2.280s][info][gc,cpu      ] GC(107) User=0.01s Sys=0.00s Real=0.00s
[2026-04-10T22:13:59.112-0700][2.280s][info][safepoint   ] Safepoint "G1CollectForAllocation", Time since last: 1587291 ns, Reaching safepoint: 1334 ns, At safepoint: 1467666 ns, Leaving safepoint: 2292 ns, Total: 1471292 ns, Threads: 0 runnable, 10 total
[2026-04-10T22:13:59.127-0700][2.295s][info][gc,start    ] GC(108) Pause Young (Concurrent Start) (G1 Evacuation Pause)
[2026-04-10T22:13:59.127-0700][2.295s][info][gc,task     ] GC(108) Using 6 workers of 9 for evacuation
[2026-04-10T22:13:59.129-0700][2.296s][info][gc,phases   ] GC(108)   Pre Evacuate Collection Set: 0.10ms
[2026-04-10T22:13:59.129-0700][2.296s][info][gc,phases   ] GC(108)   Merge Heap Roots: 0.04ms
[2026-04-10T22:13:59.129-0700][2.296s][info][gc,phases   ] GC(108)   Evacuate Collection Set: 0.86ms
[2026-04-10T22:13:59.129-0700][2.296s][info][gc,phases   ] GC(108)   Post Evacuate Collection Set: 0.13ms
[2026-04-10T22:13:59.129-0700][2.296s][info][gc,phases   ] GC(108)   Other: 0.04ms
[2026-04-10T22:13:59.129-0700][2.296s][info][gc,heap     ] GC(108) Eden regions: 27->0(18)
[2026-04-10T22:13:59.129-0700][2.296s][info][gc,heap     ] GC(108) Survivor regions: 6->5(5)
[2026-04-10T22:13:59.129-0700][2.296s][info][gc,heap     ] GC(108) Old regions: 163->192
[2026-04-10T22:13:59.129-0700][2.296s][info][gc,heap     ] GC(108) Humongous regions: 0->0
[2026-04-10T22:13:59.129-0700][2.296s][info][gc,metaspace] GC(108) Metaspace: 9812K(9984K)->9812K(9984K) NonClass: 8610K(8704K)->8610K(8704K) Class: 1202K(1280K)->1202K(1280K)
[2026-04-10T22:13:59.129-0700][2.296s][info][gc          ] GC(108) Pause Young (Concurrent Start) (G1 Evacuation Pause) 196M->197M(256M) 1.288ms
[2026-04-10T22:13:59.129-0700][2.296s][info][gc,cpu      ] GC(108) User=0.01s Sys=0.00s Real=0.00s
[2026-04-10T22:13:59.129-0700][2.296s][info][gc          ] GC(109) Concurrent Mark Cycle
[2026-04-10T22:13:59.129-0700][2.296s][info][safepoint   ] Safepoint "G1CollectForAllocation", Time since last: 15080667 ns, Reaching safepoint: 1250 ns, At safepoint: 1316541 ns, Leaving safepoint: 4000 ns, Total: 1321791 ns, Threads: 0 runnable, 10 total
[2026-04-10T22:13:59.129-0700][2.296s][info][gc,marking  ] GC(109) Concurrent Scan Root Regions
[2026-04-10T22:13:59.129-0700][2.296s][info][gc,marking  ] GC(109) Concurrent Scan Root Regions 0.288ms
[2026-04-10T22:13:59.129-0700][2.296s][info][gc,marking  ] GC(109) Concurrent Mark
[2026-04-10T22:13:59.129-0700][2.296s][info][gc,marking  ] GC(109) Concurrent Mark From Roots
[2026-04-10T22:13:59.129-0700][2.296s][info][gc,task     ] GC(109) Using 2 workers of 2 for marking
[2026-04-10T22:13:59.129-0700][2.297s][info][gc,start    ] GC(110) Pause Young (Normal) (G1 Evacuation Pause)
[2026-04-10T22:13:59.129-0700][2.297s][info][gc,task     ] GC(110) Using 6 workers of 9 for evacuation
[2026-04-10T22:13:59.130-0700][2.298s][info][gc,phases   ] GC(110)   Pre Evacuate Collection Set: 0.04ms
[2026-04-10T22:13:59.130-0700][2.298s][info][gc,phases   ] GC(110)   Merge Heap Roots: 0.03ms
[2026-04-10T22:13:59.130-0700][2.298s][info][gc,phases   ] GC(110)   Evacuate Collection Set: 0.79ms
[2026-04-10T22:13:59.130-0700][2.298s][info][gc,phases   ] GC(110)   Post Evacuate Collection Set: 0.10ms
[2026-04-10T22:13:59.130-0700][2.298s][info][gc,phases   ] GC(110)   Other: 0.03ms
[2026-04-10T22:13:59.131-0700][2.298s][info][gc,heap     ] GC(110) Eden regions: 18->0(17)
[2026-04-10T22:13:59.131-0700][2.298s][info][gc,heap     ] GC(110) Survivor regions: 5->3(3)
[2026-04-10T22:13:59.131-0700][2.298s][info][gc,heap     ] GC(110) Old regions: 192->214
[2026-04-10T22:13:59.131-0700][2.298s][info][gc,heap     ] GC(110) Humongous regions: 0->0
[2026-04-10T22:13:59.131-0700][2.298s][info][gc,metaspace] GC(110) Metaspace: 9812K(9984K)->9812K(9984K) NonClass: 8610K(8704K)->8610K(8704K) Class: 1202K(1280K)->1202K(1280K)
[2026-04-10T22:13:59.131-0700][2.298s][info][gc          ] GC(110) Pause Young (Normal) (G1 Evacuation Pause) 215M->216M(256M) 1.090ms
[2026-04-10T22:13:59.131-0700][2.298s][info][gc,cpu      ] GC(110) User=0.00s Sys=0.00s Real=0.01s
[2026-04-10T22:13:59.131-0700][2.298s][info][safepoint   ] Safepoint "G1CollectForAllocation", Time since last: 760542 ns, Reaching safepoint: 16583 ns, At safepoint: 1106375 ns, Leaving safepoint: 4625 ns, Total: 1127583 ns, Threads: 0 runnable, 10 total
[2026-04-10T22:13:59.133-0700][2.300s][info][gc,marking  ] GC(109) Concurrent Mark From Roots 3.584ms
[2026-04-10T22:13:59.133-0700][2.300s][info][gc,marking  ] GC(109) Concurrent Preclean
[2026-04-10T22:13:59.133-0700][2.300s][info][gc,marking  ] GC(109) Concurrent Preclean 0.009ms
[2026-04-10T22:13:59.216-0700][2.383s][info][gc,start    ] GC(109) Pause Remark
[2026-04-10T22:13:59.217-0700][2.384s][info][gc          ] GC(109) Pause Remark 226M->127M(256M) 0.593ms
[2026-04-10T22:13:59.217-0700][2.384s][info][gc,cpu      ] GC(109) User=0.00s Sys=0.00s Real=0.00s
[2026-04-10T22:13:59.217-0700][2.384s][info][safepoint   ] Safepoint "G1PauseRemark", Time since last: 2053209 ns, Reaching safepoint: 83382125 ns, At safepoint: 644666 ns, Leaving safepoint: 4334 ns, Total: 84031125 ns, Threads: 1 runnable, 10 total
[2026-04-10T22:13:59.217-0700][2.384s][info][gc,marking  ] GC(109) Concurrent Mark 87.662ms
[2026-04-10T22:13:59.217-0700][2.384s][info][gc,marking  ] GC(109) Concurrent Rebuild Remembered Sets and Scrub Regions
[2026-04-10T22:13:59.219-0700][2.386s][info][gc,marking  ] GC(109) Concurrent Rebuild Remembered Sets and Scrub Regions 1.857ms
[2026-04-10T22:13:59.221-0700][2.388s][info][gc,start    ] GC(109) Pause Cleanup
[2026-04-10T22:13:59.221-0700][2.388s][info][gc          ] GC(109) Pause Cleanup 127M->127M(256M) 0.027ms
[2026-04-10T22:13:59.221-0700][2.388s][info][gc,cpu      ] GC(109) User=0.00s Sys=0.00s Real=0.00s
[2026-04-10T22:13:59.221-0700][2.388s][info][safepoint   ] Safepoint "G1PauseCleanup", Time since last: 1892541 ns, Reaching safepoint: 2260875 ns, At safepoint: 47000 ns, Leaving safepoint: 2250 ns, Total: 2310125 ns, Threads: 1 runnable, 10 total
[2026-04-10T22:13:59.221-0700][2.388s][info][gc,marking  ] GC(109) Concurrent Clear Claimed Marks
[2026-04-10T22:13:59.221-0700][2.388s][info][gc,marking  ] GC(109) Concurrent Clear Claimed Marks 0.016ms
[2026-04-10T22:13:59.221-0700][2.388s][info][gc,marking  ] GC(109) Concurrent Cleanup for Next Mark
[2026-04-10T22:13:59.221-0700][2.388s][info][gc,marking  ] GC(109) Concurrent Cleanup for Next Mark 0.107ms
[2026-04-10T22:13:59.221-0700][2.388s][info][gc          ] GC(109) Concurrent Mark Cycle 92.357ms
[2026-04-10T22:13:59.230-0700][2.397s][info][gc,start    ] GC(111) Pause Young (Prepare Mixed) (G1 Evacuation Pause)
[2026-04-10T22:13:59.230-0700][2.397s][info][gc,task     ] GC(111) Using 6 workers of 9 for evacuation
[2026-04-10T22:13:59.231-0700][2.398s][info][gc,phases   ] GC(111)   Pre Evacuate Collection Set: 0.04ms
[2026-04-10T22:13:59.231-0700][2.398s][info][gc,phases   ] GC(111)   Merge Heap Roots: 0.03ms
[2026-04-10T22:13:59.231-0700][2.398s][info][gc,phases   ] GC(111)   Evacuate Collection Set: 0.65ms
[2026-04-10T22:13:59.231-0700][2.398s][info][gc,phases   ] GC(111)   Post Evacuate Collection Set: 0.12ms
[2026-04-10T22:13:59.231-0700][2.398s][info][gc,phases   ] GC(111)   Other: 0.04ms
[2026-04-10T22:13:59.231-0700][2.398s][info][gc,heap     ] GC(111) Eden regions: 17->0(37)
[2026-04-10T22:13:59.231-0700][2.398s][info][gc,heap     ] GC(111) Survivor regions: 3->3(3)
[2026-04-10T22:13:59.231-0700][2.398s][info][gc,heap     ] GC(111) Old regions: 115->133
[2026-04-10T22:13:59.231-0700][2.398s][info][gc,heap     ] GC(111) Humongous regions: 0->0
[2026-04-10T22:13:59.231-0700][2.398s][info][gc,metaspace] GC(111) Metaspace: 9812K(9984K)->9812K(9984K) NonClass: 8610K(8704K)->8610K(8704K) Class: 1202K(1280K)->1202K(1280K)
[2026-04-10T22:13:59.231-0700][2.398s][info][gc          ] GC(111) Pause Young (Prepare Mixed) (G1 Evacuation Pause) 134M->135M(256M) 0.981ms
[2026-04-10T22:13:59.231-0700][2.398s][info][gc,cpu      ] GC(111) User=0.00s Sys=0.00s Real=0.00s
[2026-04-10T22:13:59.231-0700][2.398s][info][safepoint   ] Safepoint "G1CollectForAllocation", Time since last: 9126375 ns, Reaching safepoint: 1125 ns, At safepoint: 998625 ns, Leaving safepoint: 5875 ns, Total: 1005625 ns, Threads: 0 runnable, 10 total
[2026-04-10T22:13:59.232-0700][2.400s][info][gc,start    ] GC(112) Pause Young (Mixed) (G1 Evacuation Pause)
[2026-04-10T22:13:59.233-0700][2.400s][info][gc,task     ] GC(112) Using 6 workers of 9 for evacuation
[2026-04-10T22:13:59.234-0700][2.401s][info][gc,phases   ] GC(112)   Pre Evacuate Collection Set: 0.04ms
[2026-04-10T22:13:59.234-0700][2.401s][info][gc,phases   ] GC(112)   Merge Heap Roots: 0.02ms
[2026-04-10T22:13:59.234-0700][2.401s][info][gc,phases   ] GC(112)   Evacuate Collection Set: 0.88ms
[2026-04-10T22:13:59.234-0700][2.401s][info][gc,phases   ] GC(112)   Post Evacuate Collection Set: 0.11ms
[2026-04-10T22:13:59.234-0700][2.401s][info][gc,phases   ] GC(112)   Other: 0.05ms
[2026-04-10T22:13:59.234-0700][2.401s][info][gc,heap     ] GC(112) Eden regions: 37->0(26)
[2026-04-10T22:13:59.234-0700][2.401s][info][gc,heap     ] GC(112) Survivor regions: 3->5(5)
[2026-04-10T22:13:59.234-0700][2.401s][info][gc,heap     ] GC(112) Old regions: 133->166
[2026-04-10T22:13:59.234-0700][2.401s][info][gc,heap     ] GC(112) Humongous regions: 0->0
[2026-04-10T22:13:59.234-0700][2.401s][info][gc,metaspace] GC(112) Metaspace: 9812K(9984K)->9812K(9984K) NonClass: 8610K(8704K)->8610K(8704K) Class: 1202K(1280K)->1202K(1280K)
[2026-04-10T22:13:59.234-0700][2.401s][info][gc          ] GC(112) Pause Young (Mixed) (G1 Evacuation Pause) 172M->171M(256M) 1.204ms
[2026-04-10T22:13:59.234-0700][2.401s][info][gc,cpu      ] GC(112) User=0.01s Sys=0.00s Real=0.00s
[2026-04-10T22:13:59.234-0700][2.401s][info][safepoint   ] Safepoint "G1CollectForAllocation", Time since last: 1509834 ns, Reaching safepoint: 1250 ns, At safepoint: 1222833 ns, Leaving safepoint: 2833 ns, Total: 1226916 ns, Threads: 0 runnable, 10 total
[2026-04-10T22:13:59.249-0700][2.416s][info][gc,start    ] GC(113) Pause Young (Concurrent Start) (G1 Evacuation Pause)
[2026-04-10T22:13:59.249-0700][2.416s][info][gc,task     ] GC(113) Using 6 workers of 9 for evacuation
[2026-04-10T22:13:59.250-0700][2.417s][info][gc,phases   ] GC(113)   Pre Evacuate Collection Set: 0.10ms
[2026-04-10T22:13:59.250-0700][2.417s][info][gc,phases   ] GC(113)   Merge Heap Roots: 0.03ms
[2026-04-10T22:13:59.250-0700][2.417s][info][gc,phases   ] GC(113)   Evacuate Collection Set: 0.96ms
[2026-04-10T22:13:59.250-0700][2.417s][info][gc,phases   ] GC(113)   Post Evacuate Collection Set: 0.12ms
[2026-04-10T22:13:59.250-0700][2.417s][info][gc,phases   ] GC(113)   Other: 0.04ms
[2026-04-10T22:13:59.250-0700][2.417s][info][gc,heap     ] GC(113) Eden regions: 26->0(17)
[2026-04-10T22:13:59.250-0700][2.417s][info][gc,heap     ] GC(113) Survivor regions: 5->4(4)
[2026-04-10T22:13:59.250-0700][2.417s][info][gc,heap     ] GC(113) Old regions: 166->195
[2026-04-10T22:13:59.250-0700][2.417s][info][gc,heap     ] GC(113) Humongous regions: 0->0
[2026-04-10T22:13:59.250-0700][2.417s][info][gc,metaspace] GC(113) Metaspace: 9812K(9984K)->9812K(9984K) NonClass: 8610K(8704K)->8610K(8704K) Class: 1202K(1280K)->1202K(1280K)
[2026-04-10T22:13:59.250-0700][2.417s][info][gc          ] GC(113) Pause Young (Concurrent Start) (G1 Evacuation Pause) 197M->198M(256M) 1.358ms
[2026-04-10T22:13:59.250-0700][2.417s][info][gc,cpu      ] GC(113) User=0.01s Sys=0.00s Real=0.01s
[2026-04-10T22:13:59.250-0700][2.417s][info][gc          ] GC(114) Concurrent Mark Cycle
[2026-04-10T22:13:59.250-0700][2.417s][info][safepoint   ] Safepoint "G1CollectForAllocation", Time since last: 14887375 ns, Reaching safepoint: 1625 ns, At safepoint: 1379542 ns, Leaving safepoint: 3500 ns, Total: 1384667 ns, Threads: 0 runnable, 10 total
[2026-04-10T22:13:59.250-0700][2.417s][info][gc,marking  ] GC(114) Concurrent Scan Root Regions
[2026-04-10T22:13:59.250-0700][2.418s][info][gc,marking  ] GC(114) Concurrent Scan Root Regions 0.251ms
[2026-04-10T22:13:59.250-0700][2.418s][info][gc,marking  ] GC(114) Concurrent Mark
[2026-04-10T22:13:59.250-0700][2.418s][info][gc,marking  ] GC(114) Concurrent Mark From Roots
[2026-04-10T22:13:59.250-0700][2.418s][info][gc,task     ] GC(114) Using 2 workers of 2 for marking
[2026-04-10T22:13:59.251-0700][2.418s][info][gc,start    ] GC(115) Pause Young (Normal) (G1 Evacuation Pause)
[2026-04-10T22:13:59.251-0700][2.418s][info][gc,task     ] GC(115) Using 6 workers of 9 for evacuation
[2026-04-10T22:13:59.252-0700][2.419s][info][gc,phases   ] GC(115)   Pre Evacuate Collection Set: 0.05ms
[2026-04-10T22:13:59.252-0700][2.419s][info][gc,phases   ] GC(115)   Merge Heap Roots: 0.02ms
[2026-04-10T22:13:59.252-0700][2.419s][info][gc,phases   ] GC(115)   Evacuate Collection Set: 0.74ms
[2026-04-10T22:13:59.252-0700][2.419s][info][gc,phases   ] GC(115)   Post Evacuate Collection Set: 0.10ms
[2026-04-10T22:13:59.252-0700][2.419s][info][gc,phases   ] GC(115)   Other: 0.04ms
[2026-04-10T22:13:59.252-0700][2.419s][info][gc,heap     ] GC(115) Eden regions: 17->0(17)
[2026-04-10T22:13:59.252-0700][2.419s][info][gc,heap     ] GC(115) Survivor regions: 4->3(3)
[2026-04-10T22:13:59.252-0700][2.419s][info][gc,heap     ] GC(115) Old regions: 195->214
[2026-04-10T22:13:59.252-0700][2.419s][info][gc,heap     ] GC(115) Humongous regions: 0->0
[2026-04-10T22:13:59.252-0700][2.419s][info][gc,metaspace] GC(115) Metaspace: 9812K(9984K)->9812K(9984K) NonClass: 8610K(8704K)->8610K(8704K) Class: 1202K(1280K)->1202K(1280K)
[2026-04-10T22:13:59.252-0700][2.419s][info][gc          ] GC(115) Pause Young (Normal) (G1 Evacuation Pause) 215M->217M(256M) 1.052ms
[2026-04-10T22:13:59.252-0700][2.419s][info][gc,cpu      ] GC(115) User=0.01s Sys=0.00s Real=0.00s
[2026-04-10T22:13:59.252-0700][2.419s][info][safepoint   ] Safepoint "G1CollectForAllocation", Time since last: 848125 ns, Reaching safepoint: 14750 ns, At safepoint: 1074625 ns, Leaving safepoint: 3500 ns, Total: 1092875 ns, Threads: 0 runnable, 10 total
[2026-04-10T22:13:59.254-0700][2.421s][info][gc,marking  ] GC(114) Concurrent Mark From Roots 3.596ms
[2026-04-10T22:13:59.254-0700][2.421s][info][gc,marking  ] GC(114) Concurrent Preclean
[2026-04-10T22:13:59.254-0700][2.421s][info][gc,marking  ] GC(114) Concurrent Preclean 0.007ms
[2026-04-10T22:13:59.338-0700][2.505s][info][gc,start    ] GC(114) Pause Remark
[2026-04-10T22:13:59.338-0700][2.506s][info][gc          ] GC(114) Pause Remark 228M->125M(256M) 0.562ms
[2026-04-10T22:13:59.338-0700][2.506s][info][gc,cpu      ] GC(114) User=0.01s Sys=0.00s Real=0.00s
[2026-04-10T22:13:59.338-0700][2.506s][info][safepoint   ] Safepoint "G1PauseRemark", Time since last: 1988125 ns, Reaching safepoint: 83797500 ns, At safepoint: 604542 ns, Leaving safepoint: 3208 ns, Total: 84405250 ns, Threads: 1 runnable, 10 total
[2026-04-10T22:13:59.338-0700][2.506s][info][gc,marking  ] GC(114) Concurrent Mark 88.051ms
[2026-04-10T22:13:59.338-0700][2.506s][info][gc,marking  ] GC(114) Concurrent Rebuild Remembered Sets and Scrub Regions
[2026-04-10T22:13:59.340-0700][2.508s][info][gc,marking  ] GC(114) Concurrent Rebuild Remembered Sets and Scrub Regions 1.872ms
[2026-04-10T22:13:59.342-0700][2.510s][info][gc,start    ] GC(114) Pause Cleanup
[2026-04-10T22:13:59.343-0700][2.510s][info][gc          ] GC(114) Pause Cleanup 125M->125M(256M) 0.034ms
[2026-04-10T22:13:59.343-0700][2.510s][info][gc,cpu      ] GC(114) User=0.00s Sys=0.00s Real=0.00s
[2026-04-10T22:13:59.343-0700][2.510s][info][safepoint   ] Safepoint "G1PauseCleanup", Time since last: 1905000 ns, Reaching safepoint: 2273167 ns, At safepoint: 52291 ns, Leaving safepoint: 1584 ns, Total: 2327042 ns, Threads: 1 runnable, 10 total
[2026-04-10T22:13:59.343-0700][2.510s][info][gc,marking  ] GC(114) Concurrent Clear Claimed Marks
[2026-04-10T22:13:59.343-0700][2.510s][info][gc,marking  ] GC(114) Concurrent Clear Claimed Marks 0.012ms
[2026-04-10T22:13:59.343-0700][2.510s][info][gc,marking  ] GC(114) Concurrent Cleanup for Next Mark
[2026-04-10T22:13:59.343-0700][2.510s][info][gc,marking  ] GC(114) Concurrent Cleanup for Next Mark 0.116ms
[2026-04-10T22:13:59.343-0700][2.510s][info][gc          ] GC(114) Concurrent Mark Cycle 92.750ms
[2026-04-10T22:13:59.352-0700][2.519s][info][gc,start    ] GC(116) Pause Young (Prepare Mixed) (G1 Evacuation Pause)
[2026-04-10T22:13:59.352-0700][2.519s][info][gc,task     ] GC(116) Using 6 workers of 9 for evacuation
[2026-04-10T22:13:59.353-0700][2.520s][info][gc,phases   ] GC(116)   Pre Evacuate Collection Set: 0.04ms
[2026-04-10T22:13:59.353-0700][2.520s][info][gc,phases   ] GC(116)   Merge Heap Roots: 0.03ms
[2026-04-10T22:13:59.353-0700][2.520s][info][gc,phases   ] GC(116)   Evacuate Collection Set: 0.70ms
[2026-04-10T22:13:59.353-0700][2.520s][info][gc,phases   ] GC(116)   Post Evacuate Collection Set: 0.11ms
[2026-04-10T22:13:59.353-0700][2.520s][info][gc,phases   ] GC(116)   Other: 0.05ms
[2026-04-10T22:13:59.353-0700][2.520s][info][gc,heap     ] GC(116) Eden regions: 17->0(38)
[2026-04-10T22:13:59.353-0700][2.520s][info][gc,heap     ] GC(116) Survivor regions: 3->3(3)
[2026-04-10T22:13:59.353-0700][2.520s][info][gc,heap     ] GC(116) Old regions: 111->130
[2026-04-10T22:13:59.353-0700][2.520s][info][gc,heap     ] GC(116) Humongous regions: 0->0
[2026-04-10T22:13:59.353-0700][2.520s][info][gc,metaspace] GC(116) Metaspace: 9812K(9984K)->9812K(9984K) NonClass: 8610K(8704K)->8610K(8704K) Class: 1202K(1280K)->1202K(1280K)
[2026-04-10T22:13:59.353-0700][2.520s][info][gc          ] GC(116) Pause Young (Prepare Mixed) (G1 Evacuation Pause) 131M->132M(256M) 1.046ms
[2026-04-10T22:13:59.353-0700][2.520s][info][gc,cpu      ] GC(116) User=0.01s Sys=0.00s Real=0.00s
[2026-04-10T22:13:59.353-0700][2.520s][info][safepoint   ] Safepoint "G1CollectForAllocation", Time since last: 9148416 ns, Reaching safepoint: 667 ns, At safepoint: 1065292 ns, Leaving safepoint: 5458 ns, Total: 1071417 ns, Threads: 0 runnable, 10 total
[2026-04-10T22:13:59.354-0700][2.522s][info][gc,start    ] GC(117) Pause Young (Mixed) (G1 Evacuation Pause)
[2026-04-10T22:13:59.354-0700][2.522s][info][gc,task     ] GC(117) Using 6 workers of 9 for evacuation
[2026-04-10T22:13:59.356-0700][2.523s][info][gc,phases   ] GC(117)   Pre Evacuate Collection Set: 0.05ms
[2026-04-10T22:13:59.356-0700][2.523s][info][gc,phases   ] GC(117)   Merge Heap Roots: 0.02ms
[2026-04-10T22:13:59.356-0700][2.523s][info][gc,phases   ] GC(117)   Evacuate Collection Set: 0.90ms
[2026-04-10T22:13:59.356-0700][2.523s][info][gc,phases   ] GC(117)   Post Evacuate Collection Set: 0.13ms
[2026-04-10T22:13:59.356-0700][2.523s][info][gc,phases   ] GC(117)   Other: 0.04ms
[2026-04-10T22:13:59.356-0700][2.523s][info][gc,heap     ] GC(117) Eden regions: 38->0(27)
[2026-04-10T22:13:59.356-0700][2.523s][info][gc,heap     ] GC(117) Survivor regions: 3->6(6)
[2026-04-10T22:13:59.356-0700][2.523s][info][gc,heap     ] GC(117) Old regions: 130->164
[2026-04-10T22:13:59.356-0700][2.523s][info][gc,heap     ] GC(117) Humongous regions: 0->0
[2026-04-10T22:13:59.356-0700][2.523s][info][gc,metaspace] GC(117) Metaspace: 9812K(9984K)->9812K(9984K) NonClass: 8610K(8704K)->8610K(8704K) Class: 1202K(1280K)->1202K(1280K)
[2026-04-10T22:13:59.356-0700][2.523s][info][gc          ] GC(117) Pause Young (Mixed) (G1 Evacuation Pause) 170M->169M(256M) 1.243ms
[2026-04-10T22:13:59.356-0700][2.523s][info][gc,cpu      ] GC(117) User=0.00s Sys=0.00s Real=0.00s
[2026-04-10T22:13:59.356-0700][2.523s][info][safepoint   ] Safepoint "G1CollectForAllocation", Time since last: 1576375 ns, Reaching safepoint: 1167 ns, At safepoint: 1264083 ns, Leaving safepoint: 3458 ns, Total: 1268708 ns, Threads: 0 runnable, 10 total
[2026-04-10T22:13:59.371-0700][2.538s][info][gc,start    ] GC(118) Pause Young (Concurrent Start) (G1 Evacuation Pause)
[2026-04-10T22:13:59.371-0700][2.538s][info][gc,task     ] GC(118) Using 6 workers of 9 for evacuation
[2026-04-10T22:13:59.372-0700][2.539s][info][gc,phases   ] GC(118)   Pre Evacuate Collection Set: 0.07ms
[2026-04-10T22:13:59.372-0700][2.539s][info][gc,phases   ] GC(118)   Merge Heap Roots: 0.03ms
[2026-04-10T22:13:59.372-0700][2.539s][info][gc,phases   ] GC(118)   Evacuate Collection Set: 0.96ms
[2026-04-10T22:13:59.372-0700][2.539s][info][gc,phases   ] GC(118)   Post Evacuate Collection Set: 0.17ms
[2026-04-10T22:13:59.372-0700][2.539s][info][gc,phases   ] GC(118)   Other: 0.04ms
[2026-04-10T22:13:59.372-0700][2.539s][info][gc,heap     ] GC(118) Eden regions: 27->0(18)
[2026-04-10T22:13:59.372-0700][2.539s][info][gc,heap     ] GC(118) Survivor regions: 6->5(5)
[2026-04-10T22:13:59.372-0700][2.539s][info][gc,heap     ] GC(118) Old regions: 164->193
[2026-04-10T22:13:59.372-0700][2.539s][info][gc,heap     ] GC(118) Humongous regions: 0->0
[2026-04-10T22:13:59.372-0700][2.539s][info][gc,metaspace] GC(118) Metaspace: 9812K(9984K)->9812K(9984K) NonClass: 8610K(8704K)->8610K(8704K) Class: 1202K(1280K)->1202K(1280K)
[2026-04-10T22:13:59.372-0700][2.539s][info][gc          ] GC(118) Pause Young (Concurrent Start) (G1 Evacuation Pause) 196M->197M(256M) 1.369ms
[2026-04-10T22:13:59.372-0700][2.539s][info][gc,cpu      ] GC(118) User=0.00s Sys=0.00s Real=0.00s
[2026-04-10T22:13:59.372-0700][2.539s][info][gc          ] GC(119) Concurrent Mark Cycle
[2026-04-10T22:13:59.372-0700][2.539s][info][safepoint   ] Safepoint "G1CollectForAllocation", Time since last: 14931625 ns, Reaching safepoint: 1709 ns, At safepoint: 1392541 ns, Leaving safepoint: 4042 ns, Total: 1398292 ns, Threads: 0 runnable, 10 total
[2026-04-10T22:13:59.372-0700][2.539s][info][gc,marking  ] GC(119) Concurrent Scan Root Regions
[2026-04-10T22:13:59.372-0700][2.540s][info][gc,marking  ] GC(119) Concurrent Scan Root Regions 0.290ms
[2026-04-10T22:13:59.372-0700][2.540s][info][gc,marking  ] GC(119) Concurrent Mark
[2026-04-10T22:13:59.372-0700][2.540s][info][gc,marking  ] GC(119) Concurrent Mark From Roots
[2026-04-10T22:13:59.372-0700][2.540s][info][gc,task     ] GC(119) Using 2 workers of 2 for marking
[2026-04-10T22:13:59.373-0700][2.540s][info][gc,start    ] GC(120) Pause Young (Normal) (G1 Evacuation Pause)
[2026-04-10T22:13:59.373-0700][2.540s][info][gc,task     ] GC(120) Using 6 workers of 9 for evacuation
[2026-04-10T22:13:59.374-0700][2.541s][info][gc,phases   ] GC(120)   Pre Evacuate Collection Set: 0.05ms
[2026-04-10T22:13:59.374-0700][2.541s][info][gc,phases   ] GC(120)   Merge Heap Roots: 0.03ms
[2026-04-10T22:13:59.374-0700][2.541s][info][gc,phases   ] GC(120)   Evacuate Collection Set: 0.76ms
[2026-04-10T22:13:59.374-0700][2.541s][info][gc,phases   ] GC(120)   Post Evacuate Collection Set: 0.11ms
[2026-04-10T22:13:59.374-0700][2.541s][info][gc,phases   ] GC(120)   Other: 0.04ms
[2026-04-10T22:13:59.374-0700][2.541s][info][gc,heap     ] GC(120) Eden regions: 18->0(17)
[2026-04-10T22:13:59.374-0700][2.541s][info][gc,heap     ] GC(120) Survivor regions: 5->3(3)
[2026-04-10T22:13:59.374-0700][2.541s][info][gc,heap     ] GC(120) Old regions: 193->214
[2026-04-10T22:13:59.374-0700][2.541s][info][gc,heap     ] GC(120) Humongous regions: 0->0
[2026-04-10T22:13:59.374-0700][2.541s][info][gc,metaspace] GC(120) Metaspace: 9812K(9984K)->9812K(9984K) NonClass: 8610K(8704K)->8610K(8704K) Class: 1202K(1280K)->1202K(1280K)
[2026-04-10T22:13:59.374-0700][2.541s][info][gc          ] GC(120) Pause Young (Normal) (G1 Evacuation Pause) 215M->217M(256M) 1.093ms
[2026-04-10T22:13:59.374-0700][2.541s][info][gc,cpu      ] GC(120) User=0.00s Sys=0.00s Real=0.00s
[2026-04-10T22:13:59.374-0700][2.541s][info][safepoint   ] Safepoint "G1CollectForAllocation", Time since last: 853083 ns, Reaching safepoint: 17250 ns, At safepoint: 1113709 ns, Leaving safepoint: 3791 ns, Total: 1134750 ns, Threads: 0 runnable, 10 total
[2026-04-10T22:13:59.376-0700][2.543s][info][gc,marking  ] GC(119) Concurrent Mark From Roots 3.601ms
[2026-04-10T22:13:59.376-0700][2.543s][info][gc,marking  ] GC(119) Concurrent Preclean
[2026-04-10T22:13:59.376-0700][2.543s][info][gc,marking  ] GC(119) Concurrent Preclean 0.012ms
[2026-04-10T22:13:59.460-0700][2.627s][info][gc,start    ] GC(119) Pause Remark
[2026-04-10T22:13:59.460-0700][2.627s][info][gc          ] GC(119) Pause Remark 227M->128M(256M) 0.585ms
[2026-04-10T22:13:59.460-0700][2.627s][info][gc,cpu      ] GC(119) User=0.00s Sys=0.00s Real=0.00s
[2026-04-10T22:13:59.460-0700][2.627s][info][safepoint   ] Safepoint "G1PauseRemark", Time since last: 1984250 ns, Reaching safepoint: 83647167 ns, At safepoint: 613917 ns, Leaving safepoint: 1708 ns, Total: 84262792 ns, Threads: 1 runnable, 10 total
[2026-04-10T22:13:59.460-0700][2.628s][info][gc,marking  ] GC(119) Concurrent Mark 87.936ms
[2026-04-10T22:13:59.460-0700][2.628s][info][gc,marking  ] GC(119) Concurrent Rebuild Remembered Sets and Scrub Regions
[2026-04-10T22:13:59.462-0700][2.629s][info][gc,marking  ] GC(119) Concurrent Rebuild Remembered Sets and Scrub Regions 1.751ms
[2026-04-10T22:13:59.464-0700][2.632s][info][gc,start    ] GC(119) Pause Cleanup
[2026-04-10T22:13:59.464-0700][2.632s][info][gc          ] GC(119) Pause Cleanup 128M->128M(256M) 0.026ms
[2026-04-10T22:13:59.464-0700][2.632s][info][gc,cpu      ] GC(119) User=0.00s Sys=0.00s Real=0.00s
[2026-04-10T22:13:59.464-0700][2.632s][info][safepoint   ] Safepoint "G1PauseCleanup", Time since last: 1801417 ns, Reaching safepoint: 2258458 ns, At safepoint: 42542 ns, Leaving safepoint: 1416 ns, Total: 2302416 ns, Threads: 1 runnable, 10 total
[2026-04-10T22:13:59.464-0700][2.632s][info][gc,marking  ] GC(119) Concurrent Clear Claimed Marks
[2026-04-10T22:13:59.464-0700][2.632s][info][gc,marking  ] GC(119) Concurrent Clear Claimed Marks 0.010ms
[2026-04-10T22:13:59.464-0700][2.632s][info][gc,marking  ] GC(119) Concurrent Cleanup for Next Mark
[2026-04-10T22:13:59.464-0700][2.632s][info][gc,marking  ] GC(119) Concurrent Cleanup for Next Mark 0.118ms
[2026-04-10T22:13:59.464-0700][2.632s][info][gc          ] GC(119) Concurrent Mark Cycle 92.500ms
[2026-04-10T22:13:59.473-0700][2.641s][info][gc,start    ] GC(121) Pause Young (Prepare Mixed) (G1 Evacuation Pause)
[2026-04-10T22:13:59.473-0700][2.641s][info][gc,task     ] GC(121) Using 6 workers of 9 for evacuation
[2026-04-10T22:13:59.474-0700][2.642s][info][gc,phases   ] GC(121)   Pre Evacuate Collection Set: 0.08ms
[2026-04-10T22:13:59.474-0700][2.642s][info][gc,phases   ] GC(121)   Merge Heap Roots: 0.02ms
[2026-04-10T22:13:59.474-0700][2.642s][info][gc,phases   ] GC(121)   Evacuate Collection Set: 0.62ms
[2026-04-10T22:13:59.474-0700][2.642s][info][gc,phases   ] GC(121)   Post Evacuate Collection Set: 0.10ms
[2026-04-10T22:13:59.474-0700][2.642s][info][gc,phases   ] GC(121)   Other: 0.04ms
[2026-04-10T22:13:59.474-0700][2.642s][info][gc,heap     ] GC(121) Eden regions: 17->0(37)
[2026-04-10T22:13:59.474-0700][2.642s][info][gc,heap     ] GC(121) Survivor regions: 3->3(3)
[2026-04-10T22:13:59.474-0700][2.642s][info][gc,heap     ] GC(121) Old regions: 115->134
[2026-04-10T22:13:59.474-0700][2.642s][info][gc,heap     ] GC(121) Humongous regions: 0->0
[2026-04-10T22:13:59.474-0700][2.642s][info][gc,metaspace] GC(121) Metaspace: 9812K(9984K)->9812K(9984K) NonClass: 8610K(8704K)->8610K(8704K) Class: 1202K(1280K)->1202K(1280K)
[2026-04-10T22:13:59.474-0700][2.642s][info][gc          ] GC(121) Pause Young (Prepare Mixed) (G1 Evacuation Pause) 135M->137M(256M) 0.981ms
[2026-04-10T22:13:59.474-0700][2.642s][info][gc,cpu      ] GC(121) User=0.00s Sys=0.00s Real=0.00s
[2026-04-10T22:13:59.474-0700][2.642s][info][safepoint   ] Safepoint "G1CollectForAllocation", Time since last: 9056042 ns, Reaching safepoint: 1417 ns, At safepoint: 1001666 ns, Leaving safepoint: 4625 ns, Total: 1007708 ns, Threads: 0 runnable, 10 total
[2026-04-10T22:13:59.476-0700][2.643s][info][gc,start    ] GC(122) Pause Young (Mixed) (G1 Evacuation Pause)
[2026-04-10T22:13:59.476-0700][2.643s][info][gc,task     ] GC(122) Using 6 workers of 9 for evacuation
[2026-04-10T22:13:59.477-0700][2.644s][info][gc,phases   ] GC(122)   Pre Evacuate Collection Set: 0.04ms
[2026-04-10T22:13:59.477-0700][2.644s][info][gc,phases   ] GC(122)   Merge Heap Roots: 0.03ms
[2026-04-10T22:13:59.477-0700][2.644s][info][gc,phases   ] GC(122)   Evacuate Collection Set: 0.89ms
[2026-04-10T22:13:59.477-0700][2.644s][info][gc,phases   ] GC(122)   Post Evacuate Collection Set: 0.13ms
[2026-04-10T22:13:59.477-0700][2.644s][info][gc,phases   ] GC(122)   Other: 0.05ms
[2026-04-10T22:13:59.477-0700][2.644s][info][gc,heap     ] GC(122) Eden regions: 37->0(26)
[2026-04-10T22:13:59.477-0700][2.644s][info][gc,heap     ] GC(122) Survivor regions: 3->5(5)
[2026-04-10T22:13:59.477-0700][2.644s][info][gc,heap     ] GC(122) Old regions: 134->168
[2026-04-10T22:13:59.477-0700][2.644s][info][gc,heap     ] GC(122) Humongous regions: 0->0
[2026-04-10T22:13:59.477-0700][2.644s][info][gc,metaspace] GC(122) Metaspace: 9812K(9984K)->9812K(9984K) NonClass: 8610K(8704K)->8610K(8704K) Class: 1202K(1280K)->1202K(1280K)
[2026-04-10T22:13:59.477-0700][2.644s][info][gc          ] GC(122) Pause Young (Mixed) (G1 Evacuation Pause) 174M->172M(256M) 1.253ms
[2026-04-10T22:13:59.477-0700][2.644s][info][gc,cpu      ] GC(122) User=0.01s Sys=0.00s Real=0.00s
[2026-04-10T22:13:59.477-0700][2.644s][info][safepoint   ] Safepoint "G1CollectForAllocation", Time since last: 1549625 ns, Reaching safepoint: 1375 ns, At safepoint: 1271917 ns, Leaving safepoint: 3292 ns, Total: 1276584 ns, Threads: 0 runnable, 10 total
[2026-04-10T22:13:59.492-0700][2.659s][info][gc,start    ] GC(123) Pause Young (Concurrent Start) (G1 Evacuation Pause)
[2026-04-10T22:13:59.492-0700][2.659s][info][gc,task     ] GC(123) Using 6 workers of 9 for evacuation
[2026-04-10T22:13:59.493-0700][2.660s][info][gc,phases   ] GC(123)   Pre Evacuate Collection Set: 0.11ms
[2026-04-10T22:13:59.493-0700][2.660s][info][gc,phases   ] GC(123)   Merge Heap Roots: 0.04ms
[2026-04-10T22:13:59.493-0700][2.660s][info][gc,phases   ] GC(123)   Evacuate Collection Set: 0.82ms
[2026-04-10T22:13:59.493-0700][2.661s][info][gc,phases   ] GC(123)   Post Evacuate Collection Set: 0.10ms
[2026-04-10T22:13:59.493-0700][2.661s][info][gc,phases   ] GC(123)   Other: 0.05ms
[2026-04-10T22:13:59.493-0700][2.661s][info][gc,heap     ] GC(123) Eden regions: 26->0(17)
[2026-04-10T22:13:59.493-0700][2.661s][info][gc,heap     ] GC(123) Survivor regions: 5->4(4)
[2026-04-10T22:13:59.493-0700][2.661s][info][gc,heap     ] GC(123) Old regions: 168->196
[2026-04-10T22:13:59.493-0700][2.661s][info][gc,heap     ] GC(123) Humongous regions: 0->0
[2026-04-10T22:13:59.493-0700][2.661s][info][gc,metaspace] GC(123) Metaspace: 9812K(9984K)->9812K(9984K) NonClass: 8610K(8704K)->8610K(8704K) Class: 1202K(1280K)->1202K(1280K)
[2026-04-10T22:13:59.493-0700][2.661s][info][gc          ] GC(123) Pause Young (Concurrent Start) (G1 Evacuation Pause) 198M->200M(256M) 1.255ms
[2026-04-10T22:13:59.493-0700][2.661s][info][gc,cpu      ] GC(123) User=0.01s Sys=0.00s Real=0.00s
[2026-04-10T22:13:59.493-0700][2.661s][info][safepoint   ] Safepoint "G1CollectForAllocation", Time since last: 14788625 ns, Reaching safepoint: 1875 ns, At safepoint: 1281833 ns, Leaving safepoint: 2292 ns, Total: 1286000 ns, Threads: 0 runnable, 10 total
[2026-04-10T22:13:59.493-0700][2.661s][info][gc          ] GC(124) Concurrent Mark Cycle
[2026-04-10T22:13:59.493-0700][2.661s][info][gc,marking  ] GC(124) Concurrent Scan Root Regions
[2026-04-10T22:13:59.494-0700][2.661s][info][gc,marking  ] GC(124) Concurrent Scan Root Regions 0.244ms
[2026-04-10T22:13:59.494-0700][2.661s][info][gc,marking  ] GC(124) Concurrent Mark
[2026-04-10T22:13:59.494-0700][2.661s][info][gc,marking  ] GC(124) Concurrent Mark From Roots
[2026-04-10T22:13:59.494-0700][2.661s][info][gc,task     ] GC(124) Using 2 workers of 2 for marking
[2026-04-10T22:13:59.494-0700][2.661s][info][gc,start    ] GC(125) Pause Young (Normal) (G1 Evacuation Pause)
[2026-04-10T22:13:59.494-0700][2.661s][info][gc,task     ] GC(125) Using 6 workers of 9 for evacuation
[2026-04-10T22:13:59.495-0700][2.662s][info][gc,phases   ] GC(125)   Pre Evacuate Collection Set: 0.07ms
[2026-04-10T22:13:59.495-0700][2.662s][info][gc,phases   ] GC(125)   Merge Heap Roots: 0.02ms
[2026-04-10T22:13:59.495-0700][2.662s][info][gc,phases   ] GC(125)   Evacuate Collection Set: 0.72ms
[2026-04-10T22:13:59.495-0700][2.662s][info][gc,phases   ] GC(125)   Post Evacuate Collection Set: 0.11ms
[2026-04-10T22:13:59.495-0700][2.662s][info][gc,phases   ] GC(125)   Other: 0.04ms
[2026-04-10T22:13:59.495-0700][2.662s][info][gc,heap     ] GC(125) Eden regions: 17->0(18)
[2026-04-10T22:13:59.495-0700][2.662s][info][gc,heap     ] GC(125) Survivor regions: 4->3(3)
[2026-04-10T22:13:59.495-0700][2.662s][info][gc,heap     ] GC(125) Old regions: 196->216
[2026-04-10T22:13:59.495-0700][2.662s][info][gc,heap     ] GC(125) Humongous regions: 0->0
[2026-04-10T22:13:59.495-0700][2.662s][info][gc,metaspace] GC(125) Metaspace: 9812K(9984K)->9812K(9984K) NonClass: 8610K(8704K)->8610K(8704K) Class: 1202K(1280K)->1202K(1280K)
[2026-04-10T22:13:59.495-0700][2.662s][info][gc          ] GC(125) Pause Young (Normal) (G1 Evacuation Pause) 217M->218M(256M) 1.095ms
[2026-04-10T22:13:59.495-0700][2.662s][info][gc,cpu      ] GC(125) User=0.00s Sys=0.00s Real=0.00s
[2026-04-10T22:13:59.495-0700][2.662s][info][safepoint   ] Safepoint "G1CollectForAllocation", Time since last: 627291 ns, Reaching safepoint: 16584 ns, At safepoint: 1119916 ns, Leaving safepoint: 5084 ns, Total: 1141584 ns, Threads: 0 runnable, 10 total
[2026-04-10T22:13:59.497-0700][2.665s][info][gc,marking  ] GC(124) Concurrent Mark From Roots 3.658ms
[2026-04-10T22:13:59.497-0700][2.665s][info][gc,marking  ] GC(124) Concurrent Preclean
[2026-04-10T22:13:59.497-0700][2.665s][info][gc,marking  ] GC(124) Concurrent Preclean 0.013ms
[2026-04-10T22:13:59.581-0700][2.748s][info][gc,start    ] GC(124) Pause Remark
[2026-04-10T22:13:59.581-0700][2.749s][info][gc          ] GC(124) Pause Remark 231M->127M(256M) 0.548ms
[2026-04-10T22:13:59.581-0700][2.749s][info][gc,cpu      ] GC(124) User=0.00s Sys=0.00s Real=0.00s
[2026-04-10T22:13:59.581-0700][2.749s][info][safepoint   ] Safepoint "G1PauseRemark", Time since last: 2224541 ns, Reaching safepoint: 83575750 ns, At safepoint: 592459 ns, Leaving safepoint: 3250 ns, Total: 84171459 ns, Threads: 1 runnable, 10 total
[2026-04-10T22:13:59.581-0700][2.749s][info][gc,marking  ] GC(124) Concurrent Mark 87.908ms
[2026-04-10T22:13:59.581-0700][2.749s][info][gc,marking  ] GC(124) Concurrent Rebuild Remembered Sets and Scrub Regions
[2026-04-10T22:13:59.583-0700][2.751s][info][gc,marking  ] GC(124) Concurrent Rebuild Remembered Sets and Scrub Regions 1.855ms
[2026-04-10T22:13:59.586-0700][2.753s][info][gc,start    ] GC(124) Pause Cleanup
[2026-04-10T22:13:59.586-0700][2.753s][info][gc          ] GC(124) Pause Cleanup 127M->127M(256M) 0.034ms
[2026-04-10T22:13:59.586-0700][2.753s][info][gc,cpu      ] GC(124) User=0.00s Sys=0.00s Real=0.00s
[2026-04-10T22:13:59.586-0700][2.753s][info][safepoint   ] Safepoint "G1PauseCleanup", Time since last: 1891125 ns, Reaching safepoint: 2272458 ns, At safepoint: 51458 ns, Leaving safepoint: 1709 ns, Total: 2325625 ns, Threads: 1 runnable, 10 total
[2026-04-10T22:13:59.586-0700][2.753s][info][gc,marking  ] GC(124) Concurrent Clear Claimed Marks
[2026-04-10T22:13:59.586-0700][2.753s][info][gc,marking  ] GC(124) Concurrent Clear Claimed Marks 0.015ms
[2026-04-10T22:13:59.586-0700][2.753s][info][gc,marking  ] GC(124) Concurrent Cleanup for Next Mark
[2026-04-10T22:13:59.586-0700][2.753s][info][gc,marking  ] GC(124) Concurrent Cleanup for Next Mark 0.113ms
[2026-04-10T22:13:59.586-0700][2.753s][info][gc          ] GC(124) Concurrent Mark Cycle 92.550ms
[2026-04-10T22:13:59.595-0700][2.762s][info][gc,start    ] GC(126) Pause Young (Prepare Mixed) (G1 Evacuation Pause)
[2026-04-10T22:13:59.595-0700][2.762s][info][gc,task     ] GC(126) Using 6 workers of 9 for evacuation
[2026-04-10T22:13:59.596-0700][2.763s][info][gc,phases   ] GC(126)   Pre Evacuate Collection Set: 0.08ms
[2026-04-10T22:13:59.596-0700][2.763s][info][gc,phases   ] GC(126)   Merge Heap Roots: 0.03ms
[2026-04-10T22:13:59.596-0700][2.763s][info][gc,phases   ] GC(126)   Evacuate Collection Set: 0.71ms
[2026-04-10T22:13:59.596-0700][2.763s][info][gc,phases   ] GC(126)   Post Evacuate Collection Set: 0.11ms
[2026-04-10T22:13:59.596-0700][2.763s][info][gc,phases   ] GC(126)   Other: 0.04ms
[2026-04-10T22:13:59.596-0700][2.763s][info][gc,heap     ] GC(126) Eden regions: 18->0(38)
[2026-04-10T22:13:59.596-0700][2.763s][info][gc,heap     ] GC(126) Survivor regions: 3->3(3)
[2026-04-10T22:13:59.596-0700][2.763s][info][gc,heap     ] GC(126) Old regions: 112->131
[2026-04-10T22:13:59.596-0700][2.763s][info][gc,heap     ] GC(126) Humongous regions: 0->0
[2026-04-10T22:13:59.596-0700][2.763s][info][gc,metaspace] GC(126) Metaspace: 9812K(9984K)->9812K(9984K) NonClass: 8610K(8704K)->8610K(8704K) Class: 1202K(1280K)->1202K(1280K)
[2026-04-10T22:13:59.596-0700][2.763s][info][gc          ] GC(126) Pause Young (Prepare Mixed) (G1 Evacuation Pause) 132M->133M(256M) 1.102ms
[2026-04-10T22:13:59.596-0700][2.763s][info][gc,cpu      ] GC(126) User=0.00s Sys=0.00s Real=0.00s
[2026-04-10T22:13:59.596-0700][2.763s][info][safepoint   ] Safepoint "G1CollectForAllocation", Time since last: 9063458 ns, Reaching safepoint: 1000 ns, At safepoint: 1127083 ns, Leaving safepoint: 2875 ns, Total: 1130958 ns, Threads: 0 runnable, 10 total
[2026-04-10T22:13:59.597-0700][2.765s][info][gc,start    ] GC(127) Pause Young (Mixed) (G1 Evacuation Pause)
[2026-04-10T22:13:59.597-0700][2.765s][info][gc,task     ] GC(127) Using 6 workers of 9 for evacuation
[2026-04-10T22:13:59.599-0700][2.766s][info][gc,phases   ] GC(127)   Pre Evacuate Collection Set: 0.04ms
[2026-04-10T22:13:59.599-0700][2.766s][info][gc,phases   ] GC(127)   Merge Heap Roots: 0.02ms
[2026-04-10T22:13:59.599-0700][2.766s][info][gc,phases   ] GC(127)   Evacuate Collection Set: 1.10ms
[2026-04-10T22:13:59.599-0700][2.766s][info][gc,phases   ] GC(127)   Post Evacuate Collection Set: 0.13ms
[2026-04-10T22:13:59.599-0700][2.766s][info][gc,phases   ] GC(127)   Other: 0.04ms
[2026-04-10T22:13:59.599-0700][2.766s][info][gc,heap     ] GC(127) Eden regions: 38->0(27)
[2026-04-10T22:13:59.599-0700][2.766s][info][gc,heap     ] GC(127) Survivor regions: 3->6(6)
[2026-04-10T22:13:59.599-0700][2.766s][info][gc,heap     ] GC(127) Old regions: 131->164
[2026-04-10T22:13:59.599-0700][2.766s][info][gc,heap     ] GC(127) Humongous regions: 0->0
[2026-04-10T22:13:59.599-0700][2.766s][info][gc,metaspace] GC(127) Metaspace: 9812K(9984K)->9812K(9984K) NonClass: 8610K(8704K)->8610K(8704K) Class: 1202K(1280K)->1202K(1280K)
[2026-04-10T22:13:59.599-0700][2.766s][info][gc          ] GC(127) Pause Young (Mixed) (G1 Evacuation Pause) 171M->170M(256M) 1.450ms
[2026-04-10T22:13:59.599-0700][2.766s][info][gc,cpu      ] GC(127) User=0.01s Sys=0.00s Real=0.00s
[2026-04-10T22:13:59.599-0700][2.766s][info][safepoint   ] Safepoint "G1CollectForAllocation", Time since last: 1622292 ns, Reaching safepoint: 1250 ns, At safepoint: 1471083 ns, Leaving safepoint: 4125 ns, Total: 1476458 ns, Threads: 0 runnable, 10 total
[2026-04-10T22:13:59.614-0700][2.781s][info][gc,start    ] GC(128) Pause Young (Concurrent Start) (G1 Evacuation Pause)
[2026-04-10T22:13:59.614-0700][2.781s][info][gc,task     ] GC(128) Using 6 workers of 9 for evacuation
[2026-04-10T22:13:59.615-0700][2.782s][info][gc,phases   ] GC(128)   Pre Evacuate Collection Set: 0.07ms
[2026-04-10T22:13:59.615-0700][2.782s][info][gc,phases   ] GC(128)   Merge Heap Roots: 0.02ms
[2026-04-10T22:13:59.615-0700][2.782s][info][gc,phases   ] GC(128)   Evacuate Collection Set: 0.91ms
[2026-04-10T22:13:59.615-0700][2.782s][info][gc,phases   ] GC(128)   Post Evacuate Collection Set: 0.12ms
[2026-04-10T22:13:59.615-0700][2.782s][info][gc,phases   ] GC(128)   Other: 0.05ms
[2026-04-10T22:13:59.615-0700][2.782s][info][gc,heap     ] GC(128) Eden regions: 27->0(18)
[2026-04-10T22:13:59.615-0700][2.782s][info][gc,heap     ] GC(128) Survivor regions: 6->5(5)
[2026-04-10T22:13:59.615-0700][2.782s][info][gc,heap     ] GC(128) Old regions: 164->193
[2026-04-10T22:13:59.615-0700][2.782s][info][gc,heap     ] GC(128) Humongous regions: 0->0
[2026-04-10T22:13:59.615-0700][2.782s][info][gc,metaspace] GC(128) Metaspace: 9812K(9984K)->9812K(9984K) NonClass: 8610K(8704K)->8610K(8704K) Class: 1202K(1280K)->1202K(1280K)
[2026-04-10T22:13:59.615-0700][2.782s][info][gc          ] GC(128) Pause Young (Concurrent Start) (G1 Evacuation Pause) 197M->198M(256M) 1.299ms
[2026-04-10T22:13:59.615-0700][2.782s][info][gc,cpu      ] GC(128) User=0.00s Sys=0.00s Real=0.00s
[2026-04-10T22:13:59.615-0700][2.782s][info][safepoint   ] Safepoint "G1CollectForAllocation", Time since last: 14854417 ns, Reaching safepoint: 2375 ns, At safepoint: 1326625 ns, Leaving safepoint: 6042 ns, Total: 1335042 ns, Threads: 0 runnable, 10 total
[2026-04-10T22:13:59.615-0700][2.782s][info][gc          ] GC(129) Concurrent Mark Cycle
[2026-04-10T22:13:59.615-0700][2.782s][info][gc,marking  ] GC(129) Concurrent Scan Root Regions
[2026-04-10T22:13:59.615-0700][2.783s][info][gc,marking  ] GC(129) Concurrent Scan Root Regions 0.261ms
[2026-04-10T22:13:59.615-0700][2.783s][info][gc,marking  ] GC(129) Concurrent Mark
[2026-04-10T22:13:59.615-0700][2.783s][info][gc,marking  ] GC(129) Concurrent Mark From Roots
[2026-04-10T22:13:59.615-0700][2.783s][info][gc,task     ] GC(129) Using 2 workers of 2 for marking
[2026-04-10T22:13:59.616-0700][2.783s][info][gc,start    ] GC(130) Pause Young (Normal) (G1 Evacuation Pause)
[2026-04-10T22:13:59.616-0700][2.783s][info][gc,task     ] GC(130) Using 6 workers of 9 for evacuation
[2026-04-10T22:13:59.617-0700][2.784s][info][gc,phases   ] GC(130)   Pre Evacuate Collection Set: 0.05ms
[2026-04-10T22:13:59.617-0700][2.784s][info][gc,phases   ] GC(130)   Merge Heap Roots: 0.02ms
[2026-04-10T22:13:59.617-0700][2.784s][info][gc,phases   ] GC(130)   Evacuate Collection Set: 0.77ms
[2026-04-10T22:13:59.617-0700][2.784s][info][gc,phases   ] GC(130)   Post Evacuate Collection Set: 0.10ms
[2026-04-10T22:13:59.617-0700][2.784s][info][gc,phases   ] GC(130)   Other: 0.04ms
[2026-04-10T22:13:59.617-0700][2.784s][info][gc,heap     ] GC(130) Eden regions: 18->0(18)
[2026-04-10T22:13:59.617-0700][2.784s][info][gc,heap     ] GC(130) Survivor regions: 5->3(3)
[2026-04-10T22:13:59.617-0700][2.784s][info][gc,heap     ] GC(130) Old regions: 193->215
[2026-04-10T22:13:59.617-0700][2.784s][info][gc,heap     ] GC(130) Humongous regions: 0->0
[2026-04-10T22:13:59.617-0700][2.784s][info][gc,metaspace] GC(130) Metaspace: 9812K(9984K)->9812K(9984K) NonClass: 8610K(8704K)->8610K(8704K) Class: 1202K(1280K)->1202K(1280K)
[2026-04-10T22:13:59.617-0700][2.784s][info][gc          ] GC(130) Pause Young (Normal) (G1 Evacuation Pause) 216M->217M(256M) 1.097ms
[2026-04-10T22:13:59.617-0700][2.784s][info][gc,cpu      ] GC(130) User=0.01s Sys=0.00s Real=0.00s
[2026-04-10T22:13:59.617-0700][2.784s][info][safepoint   ] Safepoint "G1CollectForAllocation", Time since last: 701750 ns, Reaching safepoint: 22125 ns, At safepoint: 1123375 ns, Leaving safepoint: 4708 ns, Total: 1150208 ns, Threads: 0 runnable, 10 total
[2026-04-10T22:13:59.619-0700][2.786s][info][gc,marking  ] GC(129) Concurrent Mark From Roots 3.617ms
[2026-04-10T22:13:59.619-0700][2.786s][info][gc,marking  ] GC(129) Concurrent Preclean
[2026-04-10T22:13:59.619-0700][2.786s][info][gc,marking  ] GC(129) Concurrent Preclean 0.010ms
[2026-04-10T22:13:59.703-0700][2.870s][info][gc,start    ] GC(129) Pause Remark
[2026-04-10T22:13:59.704-0700][2.871s][info][gc          ] GC(129) Pause Remark 227M->126M(256M) 0.624ms
[2026-04-10T22:13:59.704-0700][2.871s][info][gc,cpu      ] GC(129) User=0.00s Sys=0.00s Real=0.00s
[2026-04-10T22:13:59.704-0700][2.871s][info][safepoint   ] Safepoint "G1PauseRemark", Time since last: 2087917 ns, Reaching safepoint: 83921416 ns, At safepoint: 658209 ns, Leaving safepoint: 2250 ns, Total: 84581875 ns, Threads: 1 runnable, 10 total
[2026-04-10T22:13:59.704-0700][2.871s][info][gc,marking  ] GC(129) Concurrent Mark 88.263ms
[2026-04-10T22:13:59.704-0700][2.871s][info][gc,marking  ] GC(129) Concurrent Rebuild Remembered Sets and Scrub Regions
[2026-04-10T22:13:59.706-0700][2.873s][info][gc,marking  ] GC(129) Concurrent Rebuild Remembered Sets and Scrub Regions 1.930ms
[2026-04-10T22:13:59.708-0700][2.875s][info][gc,start    ] GC(129) Pause Cleanup
[2026-04-10T22:13:59.708-0700][2.875s][info][gc          ] GC(129) Pause Cleanup 126M->126M(256M) 0.023ms
[2026-04-10T22:13:59.708-0700][2.875s][info][gc,cpu      ] GC(129) User=0.00s Sys=0.00s Real=0.00s
[2026-04-10T22:13:59.708-0700][2.875s][info][safepoint   ] Safepoint "G1PauseCleanup", Time since last: 2003583 ns, Reaching safepoint: 2188958 ns, At safepoint: 40625 ns, Leaving safepoint: 1625 ns, Total: 2231208 ns, Threads: 1 runnable, 10 total
[2026-04-10T22:13:59.708-0700][2.875s][info][gc,marking  ] GC(129) Concurrent Clear Claimed Marks
[2026-04-10T22:13:59.708-0700][2.875s][info][gc,marking  ] GC(129) Concurrent Clear Claimed Marks 0.015ms
[2026-04-10T22:13:59.708-0700][2.875s][info][gc,marking  ] GC(129) Concurrent Cleanup for Next Mark
[2026-04-10T22:13:59.708-0700][2.875s][info][gc,marking  ] GC(129) Concurrent Cleanup for Next Mark 0.107ms
[2026-04-10T22:13:59.708-0700][2.875s][info][gc          ] GC(129) Concurrent Mark Cycle 92.915ms
[2026-04-10T22:13:59.717-0700][2.884s][info][gc,start    ] GC(131) Pause Young (Prepare Mixed) (G1 Evacuation Pause)
[2026-04-10T22:13:59.717-0700][2.884s][info][gc,task     ] GC(131) Using 6 workers of 9 for evacuation
[2026-04-10T22:13:59.718-0700][2.885s][info][gc,phases   ] GC(131)   Pre Evacuate Collection Set: 0.04ms
[2026-04-10T22:13:59.718-0700][2.885s][info][gc,phases   ] GC(131)   Merge Heap Roots: 0.04ms
[2026-04-10T22:13:59.718-0700][2.885s][info][gc,phases   ] GC(131)   Evacuate Collection Set: 0.67ms
[2026-04-10T22:13:59.718-0700][2.885s][info][gc,phases   ] GC(131)   Post Evacuate Collection Set: 0.12ms
[2026-04-10T22:13:59.718-0700][2.885s][info][gc,phases   ] GC(131)   Other: 0.05ms
[2026-04-10T22:13:59.718-0700][2.885s][info][gc,heap     ] GC(131) Eden regions: 18->0(37)
[2026-04-10T22:13:59.718-0700][2.885s][info][gc,heap     ] GC(131) Survivor regions: 3->3(3)
[2026-04-10T22:13:59.718-0700][2.885s][info][gc,heap     ] GC(131) Old regions: 114->133
[2026-04-10T22:13:59.718-0700][2.885s][info][gc,heap     ] GC(131) Humongous regions: 0->0
[2026-04-10T22:13:59.718-0700][2.885s][info][gc,metaspace] GC(131) Metaspace: 9812K(9984K)->9812K(9984K) NonClass: 8610K(8704K)->8610K(8704K) Class: 1202K(1280K)->1202K(1280K)
[2026-04-10T22:13:59.718-0700][2.885s][info][gc          ] GC(131) Pause Young (Prepare Mixed) (G1 Evacuation Pause) 134M->136M(256M) 1.025ms
[2026-04-10T22:13:59.718-0700][2.885s][info][gc,cpu      ] GC(131) User=0.01s Sys=0.00s Real=0.00s
[2026-04-10T22:13:59.718-0700][2.885s][info][safepoint   ] Safepoint "G1CollectForAllocation", Time since last: 9190459 ns, Reaching safepoint: 541 ns, At safepoint: 1044209 ns, Leaving safepoint: 6125 ns, Total: 1050875 ns, Threads: 0 runnable, 10 total
[2026-04-10T22:13:59.720-0700][2.887s][info][gc,start    ] GC(132) Pause Young (Mixed) (G1 Evacuation Pause)
[2026-04-10T22:13:59.720-0700][2.887s][info][gc,task     ] GC(132) Using 6 workers of 9 for evacuation
[2026-04-10T22:13:59.721-0700][2.888s][info][gc,phases   ] GC(132)   Pre Evacuate Collection Set: 0.04ms
[2026-04-10T22:13:59.721-0700][2.888s][info][gc,phases   ] GC(132)   Merge Heap Roots: 0.02ms
[2026-04-10T22:13:59.721-0700][2.888s][info][gc,phases   ] GC(132)   Evacuate Collection Set: 0.90ms
[2026-04-10T22:13:59.721-0700][2.888s][info][gc,phases   ] GC(132)   Post Evacuate Collection Set: 0.15ms
[2026-04-10T22:13:59.721-0700][2.888s][info][gc,phases   ] GC(132)   Other: 0.05ms
[2026-04-10T22:13:59.721-0700][2.888s][info][gc,heap     ] GC(132) Eden regions: 37->0(26)
[2026-04-10T22:13:59.721-0700][2.888s][info][gc,heap     ] GC(132) Survivor regions: 3->5(5)
[2026-04-10T22:13:59.721-0700][2.888s][info][gc,heap     ] GC(132) Old regions: 133->167
[2026-04-10T22:13:59.721-0700][2.888s][info][gc,heap     ] GC(132) Humongous regions: 0->0
[2026-04-10T22:13:59.721-0700][2.888s][info][gc,metaspace] GC(132) Metaspace: 9812K(9984K)->9812K(9984K) NonClass: 8610K(8704K)->8610K(8704K) Class: 1202K(1280K)->1202K(1280K)
[2026-04-10T22:13:59.721-0700][2.888s][info][gc          ] GC(132) Pause Young (Mixed) (G1 Evacuation Pause) 173M->171M(256M) 1.275ms
[2026-04-10T22:13:59.721-0700][2.888s][info][gc,cpu      ] GC(132) User=0.00s Sys=0.00s Real=0.00s
[2026-04-10T22:13:59.721-0700][2.888s][info][safepoint   ] Safepoint "G1CollectForAllocation", Time since last: 1557250 ns, Reaching safepoint: 1166 ns, At safepoint: 1293375 ns, Leaving safepoint: 2375 ns, Total: 1296916 ns, Threads: 0 runnable, 10 total
[2026-04-10T22:13:59.736-0700][2.903s][info][gc,start    ] GC(133) Pause Young (Concurrent Start) (G1 Evacuation Pause)
[2026-04-10T22:13:59.736-0700][2.903s][info][gc,task     ] GC(133) Using 6 workers of 9 for evacuation
[2026-04-10T22:13:59.737-0700][2.904s][info][gc,phases   ] GC(133)   Pre Evacuate Collection Set: 0.10ms
[2026-04-10T22:13:59.737-0700][2.904s][info][gc,phases   ] GC(133)   Merge Heap Roots: 0.02ms
[2026-04-10T22:13:59.737-0700][2.904s][info][gc,phases   ] GC(133)   Evacuate Collection Set: 0.95ms
[2026-04-10T22:13:59.737-0700][2.904s][info][gc,phases   ] GC(133)   Post Evacuate Collection Set: 0.13ms
[2026-04-10T22:13:59.737-0700][2.904s][info][gc,phases   ] GC(133)   Other: 0.04ms
[2026-04-10T22:13:59.737-0700][2.904s][info][gc,heap     ] GC(133) Eden regions: 26->0(17)
[2026-04-10T22:13:59.737-0700][2.904s][info][gc,heap     ] GC(133) Survivor regions: 5->4(4)
[2026-04-10T22:13:59.737-0700][2.904s][info][gc,heap     ] GC(133) Old regions: 167->195
[2026-04-10T22:13:59.737-0700][2.904s][info][gc,heap     ] GC(133) Humongous regions: 0->0
[2026-04-10T22:13:59.737-0700][2.904s][info][gc,metaspace] GC(133) Metaspace: 9812K(9984K)->9812K(9984K) NonClass: 8610K(8704K)->8610K(8704K) Class: 1202K(1280K)->1202K(1280K)
[2026-04-10T22:13:59.737-0700][2.904s][info][gc          ] GC(133) Pause Young (Concurrent Start) (G1 Evacuation Pause) 197M->199M(256M) 1.378ms
[2026-04-10T22:13:59.737-0700][2.904s][info][gc,cpu      ] GC(133) User=0.00s Sys=0.00s Real=0.00s
[2026-04-10T22:13:59.737-0700][2.904s][info][safepoint   ] Safepoint "G1CollectForAllocation", Time since last: 14783375 ns, Reaching safepoint: 2375 ns, At safepoint: 1410375 ns, Leaving safepoint: 2375 ns, Total: 1415125 ns, Threads: 0 runnable, 10 total
[2026-04-10T22:13:59.737-0700][2.905s][info][gc          ] GC(134) Concurrent Mark Cycle
[2026-04-10T22:13:59.737-0700][2.905s][info][gc,marking  ] GC(134) Concurrent Scan Root Regions
[2026-04-10T22:13:59.737-0700][2.905s][info][gc,marking  ] GC(134) Concurrent Scan Root Regions 0.232ms
[2026-04-10T22:13:59.737-0700][2.905s][info][gc,marking  ] GC(134) Concurrent Mark
[2026-04-10T22:13:59.737-0700][2.905s][info][gc,marking  ] GC(134) Concurrent Mark From Roots
[2026-04-10T22:13:59.737-0700][2.905s][info][gc,task     ] GC(134) Using 2 workers of 2 for marking
[2026-04-10T22:13:59.738-0700][2.905s][info][gc,start    ] GC(135) Pause Young (Normal) (G1 Evacuation Pause)
[2026-04-10T22:13:59.738-0700][2.905s][info][gc,task     ] GC(135) Using 6 workers of 9 for evacuation
[2026-04-10T22:13:59.739-0700][2.906s][info][gc,phases   ] GC(135)   Pre Evacuate Collection Set: 0.04ms
[2026-04-10T22:13:59.739-0700][2.906s][info][gc,phases   ] GC(135)   Merge Heap Roots: 0.03ms
[2026-04-10T22:13:59.739-0700][2.906s][info][gc,phases   ] GC(135)   Evacuate Collection Set: 0.71ms
[2026-04-10T22:13:59.739-0700][2.906s][info][gc,phases   ] GC(135)   Post Evacuate Collection Set: 0.12ms
[2026-04-10T22:13:59.739-0700][2.906s][info][gc,phases   ] GC(135)   Other: 0.04ms
[2026-04-10T22:13:59.739-0700][2.906s][info][gc,heap     ] GC(135) Eden regions: 17->0(16)
[2026-04-10T22:13:59.739-0700][2.906s][info][gc,heap     ] GC(135) Survivor regions: 4->3(3)
[2026-04-10T22:13:59.739-0700][2.906s][info][gc,heap     ] GC(135) Old regions: 195->215
[2026-04-10T22:13:59.739-0700][2.906s][info][gc,heap     ] GC(135) Humongous regions: 0->0
[2026-04-10T22:13:59.739-0700][2.906s][info][gc,metaspace] GC(135) Metaspace: 9812K(9984K)->9812K(9984K) NonClass: 8610K(8704K)->8610K(8704K) Class: 1202K(1280K)->1202K(1280K)
[2026-04-10T22:13:59.739-0700][2.906s][info][gc          ] GC(135) Pause Young (Normal) (G1 Evacuation Pause) 216M->217M(256M) 1.029ms
[2026-04-10T22:13:59.739-0700][2.906s][info][gc,cpu      ] GC(135) User=0.00s Sys=0.00s Real=0.00s
[2026-04-10T22:13:59.739-0700][2.906s][info][safepoint   ] Safepoint "G1CollectForAllocation", Time since last: 841667 ns, Reaching safepoint: 29375 ns, At safepoint: 1051125 ns, Leaving safepoint: 4917 ns, Total: 1085417 ns, Threads: 0 runnable, 10 total
[2026-04-10T22:13:59.741-0700][2.908s][info][gc,marking  ] GC(134) Concurrent Mark From Roots 3.627ms
[2026-04-10T22:13:59.741-0700][2.908s][info][gc,marking  ] GC(134) Concurrent Preclean
[2026-04-10T22:13:59.741-0700][2.908s][info][gc,marking  ] GC(134) Concurrent Preclean 0.012ms
[2026-04-10T22:13:59.826-0700][2.993s][info][gc,start    ] GC(134) Pause Remark
[2026-04-10T22:13:59.826-0700][2.994s][info][gc          ] GC(134) Pause Remark 228M->126M(256M) 0.581ms
[2026-04-10T22:13:59.826-0700][2.994s][info][gc,cpu      ] GC(134) User=0.00s Sys=0.00s Real=0.00s
[2026-04-10T22:13:59.826-0700][2.994s][info][safepoint   ] Safepoint "G1PauseRemark", Time since last: 2074666 ns, Reaching safepoint: 84606417 ns, At safepoint: 611750 ns, Leaving safepoint: 1583 ns, Total: 85219750 ns, Threads: 1 runnable, 10 total
[2026-04-10T22:13:59.826-0700][2.994s][info][gc,marking  ] GC(134) Concurrent Mark 88.946ms
[2026-04-10T22:13:59.826-0700][2.994s][info][gc,marking  ] GC(134) Concurrent Rebuild Remembered Sets and Scrub Regions
[2026-04-10T22:13:59.828-0700][2.996s][info][gc,marking  ] GC(134) Concurrent Rebuild Remembered Sets and Scrub Regions 1.890ms
[2026-04-10T22:13:59.831-0700][2.998s][info][gc,start    ] GC(134) Pause Cleanup
[2026-04-10T22:13:59.831-0700][2.998s][info][gc          ] GC(134) Pause Cleanup 126M->126M(256M) 0.020ms
[2026-04-10T22:13:59.831-0700][2.998s][info][gc,cpu      ] GC(134) User=0.00s Sys=0.00s Real=0.00s
[2026-04-10T22:13:59.831-0700][2.998s][info][safepoint   ] Safepoint "G1PauseCleanup", Time since last: 1945000 ns, Reaching safepoint: 2263750 ns, At safepoint: 35709 ns, Leaving safepoint: 1458 ns, Total: 2300917 ns, Threads: 1 runnable, 10 total
[2026-04-10T22:13:59.831-0700][2.998s][info][gc,marking  ] GC(134) Concurrent Clear Claimed Marks
[2026-04-10T22:13:59.831-0700][2.998s][info][gc,marking  ] GC(134) Concurrent Clear Claimed Marks 0.009ms
[2026-04-10T22:13:59.831-0700][2.998s][info][gc,marking  ] GC(134) Concurrent Cleanup for Next Mark
[2026-04-10T22:13:59.831-0700][2.998s][info][gc,marking  ] GC(134) Concurrent Cleanup for Next Mark 0.119ms
[2026-04-10T22:13:59.831-0700][2.998s][info][gc          ] GC(134) Concurrent Mark Cycle 93.587ms
[2026-04-10T22:13:59.840-0700][3.007s][info][gc,start    ] GC(136) Pause Young (Prepare Mixed) (G1 Evacuation Pause)
[2026-04-10T22:13:59.840-0700][3.007s][info][gc,task     ] GC(136) Using 6 workers of 9 for evacuation
[2026-04-10T22:13:59.841-0700][3.008s][info][gc,phases   ] GC(136)   Pre Evacuate Collection Set: 0.06ms
[2026-04-10T22:13:59.841-0700][3.008s][info][gc,phases   ] GC(136)   Merge Heap Roots: 0.03ms
[2026-04-10T22:13:59.841-0700][3.008s][info][gc,phases   ] GC(136)   Evacuate Collection Set: 0.66ms
[2026-04-10T22:13:59.841-0700][3.008s][info][gc,phases   ] GC(136)   Post Evacuate Collection Set: 0.12ms
[2026-04-10T22:13:59.841-0700][3.008s][info][gc,phases   ] GC(136)   Other: 0.04ms
[2026-04-10T22:13:59.841-0700][3.008s][info][gc,heap     ] GC(136) Eden regions: 16->0(38)
[2026-04-10T22:13:59.841-0700][3.008s][info][gc,heap     ] GC(136) Survivor regions: 3->3(3)
[2026-04-10T22:13:59.841-0700][3.008s][info][gc,heap     ] GC(136) Old regions: 113->130
[2026-04-10T22:13:59.841-0700][3.008s][info][gc,heap     ] GC(136) Humongous regions: 0->0
[2026-04-10T22:13:59.841-0700][3.008s][info][gc,metaspace] GC(136) Metaspace: 9812K(9984K)->9812K(9984K) NonClass: 8610K(8704K)->8610K(8704K) Class: 1202K(1280K)->1202K(1280K)
[2026-04-10T22:13:59.841-0700][3.008s][info][gc          ] GC(136) Pause Young (Prepare Mixed) (G1 Evacuation Pause) 131M->133M(256M) 1.051ms
[2026-04-10T22:13:59.841-0700][3.008s][info][gc,cpu      ] GC(136) User=0.00s Sys=0.00s Real=0.00s
[2026-04-10T22:13:59.841-0700][3.008s][info][safepoint   ] Safepoint "G1CollectForAllocation", Time since last: 9074083 ns, Reaching safepoint: 2334 ns, At safepoint: 1073958 ns, Leaving safepoint: 5333 ns, Total: 1081625 ns, Threads: 0 runnable, 10 total
[2026-04-10T22:13:59.842-0700][3.010s][info][gc,start    ] GC(137) Pause Young (Mixed) (G1 Evacuation Pause)
[2026-04-10T22:13:59.842-0700][3.010s][info][gc,task     ] GC(137) Using 6 workers of 9 for evacuation
[2026-04-10T22:13:59.844-0700][3.011s][info][gc,phases   ] GC(137)   Pre Evacuate Collection Set: 0.04ms
[2026-04-10T22:13:59.844-0700][3.011s][info][gc,phases   ] GC(137)   Merge Heap Roots: 0.03ms
[2026-04-10T22:13:59.844-0700][3.011s][info][gc,phases   ] GC(137)   Evacuate Collection Set: 1.07ms
[2026-04-10T22:13:59.844-0700][3.011s][info][gc,phases   ] GC(137)   Post Evacuate Collection Set: 0.12ms
[2026-04-10T22:13:59.844-0700][3.011s][info][gc,phases   ] GC(137)   Other: 0.04ms
[2026-04-10T22:13:59.844-0700][3.011s][info][gc,heap     ] GC(137) Eden regions: 38->0(26)
[2026-04-10T22:13:59.844-0700][3.011s][info][gc,heap     ] GC(137) Survivor regions: 3->6(6)
[2026-04-10T22:13:59.844-0700][3.011s][info][gc,heap     ] GC(137) Old regions: 130->165
[2026-04-10T22:13:59.844-0700][3.011s][info][gc,heap     ] GC(137) Humongous regions: 0->0
[2026-04-10T22:13:59.844-0700][3.011s][info][gc,metaspace] GC(137) Metaspace: 9812K(9984K)->9812K(9984K) NonClass: 8610K(8704K)->8610K(8704K) Class: 1202K(1280K)->1202K(1280K)
[2026-04-10T22:13:59.844-0700][3.011s][info][gc          ] GC(137) Pause Young (Mixed) (G1 Evacuation Pause) 171M->170M(256M) 1.418ms
[2026-04-10T22:13:59.844-0700][3.011s][info][gc,cpu      ] GC(137) User=0.01s Sys=0.00s Real=0.00s
[2026-04-10T22:13:59.844-0700][3.011s][info][safepoint   ] Safepoint "G1CollectForAllocation", Time since last: 1642334 ns, Reaching safepoint: 1208 ns, At safepoint: 1437250 ns, Leaving safepoint: 2208 ns, Total: 1440666 ns, Threads: 0 runnable, 10 total
[2026-04-10T22:13:59.859-0700][3.026s][info][gc,start    ] GC(138) Pause Young (Concurrent Start) (G1 Evacuation Pause)
[2026-04-10T22:13:59.859-0700][3.026s][info][gc,task     ] GC(138) Using 6 workers of 9 for evacuation
[2026-04-10T22:13:59.860-0700][3.027s][info][gc,phases   ] GC(138)   Pre Evacuate Collection Set: 0.06ms
[2026-04-10T22:13:59.860-0700][3.027s][info][gc,phases   ] GC(138)   Merge Heap Roots: 0.02ms
[2026-04-10T22:13:59.860-0700][3.027s][info][gc,phases   ] GC(138)   Evacuate Collection Set: 0.90ms
[2026-04-10T22:13:59.860-0700][3.027s][info][gc,phases   ] GC(138)   Post Evacuate Collection Set: 0.11ms
[2026-04-10T22:13:59.860-0700][3.027s][info][gc,phases   ] GC(138)   Other: 0.05ms
[2026-04-10T22:13:59.860-0700][3.027s][info][gc,heap     ] GC(138) Eden regions: 26->0(18)
[2026-04-10T22:13:59.860-0700][3.027s][info][gc,heap     ] GC(138) Survivor regions: 6->4(4)
[2026-04-10T22:13:59.860-0700][3.027s][info][gc,heap     ] GC(138) Old regions: 165->194
[2026-04-10T22:13:59.860-0700][3.027s][info][gc,heap     ] GC(138) Humongous regions: 0->0
[2026-04-10T22:13:59.860-0700][3.027s][info][gc,metaspace] GC(138) Metaspace: 9812K(9984K)->9812K(9984K) NonClass: 8610K(8704K)->8610K(8704K) Class: 1202K(1280K)->1202K(1280K)
[2026-04-10T22:13:59.860-0700][3.027s][info][gc          ] GC(138) Pause Young (Concurrent Start) (G1 Evacuation Pause) 196M->197M(256M) 1.250ms
[2026-04-10T22:13:59.860-0700][3.027s][info][gc,cpu      ] GC(138) User=0.01s Sys=0.00s Real=0.01s
[2026-04-10T22:13:59.860-0700][3.027s][info][safepoint   ] Safepoint "G1CollectForAllocation", Time since last: 14838209 ns, Reaching safepoint: 2000 ns, At safepoint: 1274708 ns, Leaving safepoint: 1667 ns, Total: 1278375 ns, Threads: 0 runnable, 10 total
[2026-04-10T22:13:59.860-0700][3.027s][info][gc          ] GC(139) Concurrent Mark Cycle
[2026-04-10T22:13:59.860-0700][3.027s][info][gc,marking  ] GC(139) Concurrent Scan Root Regions
[2026-04-10T22:13:59.860-0700][3.028s][info][gc,marking  ] GC(139) Concurrent Scan Root Regions 0.246ms
[2026-04-10T22:13:59.860-0700][3.028s][info][gc,marking  ] GC(139) Concurrent Mark
[2026-04-10T22:13:59.860-0700][3.028s][info][gc,marking  ] GC(139) Concurrent Mark From Roots
[2026-04-10T22:13:59.860-0700][3.028s][info][gc,task     ] GC(139) Using 2 workers of 2 for marking
[2026-04-10T22:13:59.861-0700][3.028s][info][gc,start    ] GC(140) Pause Young (Normal) (G1 Evacuation Pause)
[2026-04-10T22:13:59.861-0700][3.028s][info][gc,task     ] GC(140) Using 6 workers of 9 for evacuation
[2026-04-10T22:13:59.862-0700][3.029s][info][gc,phases   ] GC(140)   Pre Evacuate Collection Set: 0.04ms
[2026-04-10T22:13:59.862-0700][3.029s][info][gc,phases   ] GC(140)   Merge Heap Roots: 0.02ms
[2026-04-10T22:13:59.862-0700][3.029s][info][gc,phases   ] GC(140)   Evacuate Collection Set: 0.72ms
[2026-04-10T22:13:59.862-0700][3.029s][info][gc,phases   ] GC(140)   Post Evacuate Collection Set: 0.11ms
[2026-04-10T22:13:59.862-0700][3.029s][info][gc,phases   ] GC(140)   Other: 0.04ms
[2026-04-10T22:13:59.862-0700][3.029s][info][gc,heap     ] GC(140) Eden regions: 18->0(17)
[2026-04-10T22:13:59.862-0700][3.029s][info][gc,heap     ] GC(140) Survivor regions: 4->3(3)
[2026-04-10T22:13:59.862-0700][3.029s][info][gc,heap     ] GC(140) Old regions: 194->215
[2026-04-10T22:13:59.862-0700][3.029s][info][gc,heap     ] GC(140) Humongous regions: 0->0
[2026-04-10T22:13:59.862-0700][3.029s][info][gc,metaspace] GC(140) Metaspace: 9812K(9984K)->9812K(9984K) NonClass: 8610K(8704K)->8610K(8704K) Class: 1202K(1280K)->1202K(1280K)
[2026-04-10T22:13:59.862-0700][3.029s][info][gc          ] GC(140) Pause Young (Normal) (G1 Evacuation Pause) 215M->217M(256M) 1.035ms
[2026-04-10T22:13:59.862-0700][3.029s][info][gc,cpu      ] GC(140) User=0.01s Sys=0.00s Real=0.00s
[2026-04-10T22:13:59.862-0700][3.029s][info][safepoint   ] Safepoint "G1CollectForAllocation", Time since last: 746208 ns, Reaching safepoint: 20250 ns, At safepoint: 1054708 ns, Leaving safepoint: 4084 ns, Total: 1079042 ns, Threads: 0 runnable, 10 total
[2026-04-10T22:13:59.864-0700][3.031s][info][gc,marking  ] GC(139) Concurrent Mark From Roots 3.556ms
[2026-04-10T22:13:59.864-0700][3.031s][info][gc,marking  ] GC(139) Concurrent Preclean
[2026-04-10T22:13:59.864-0700][3.031s][info][gc,marking  ] GC(139) Concurrent Preclean 0.007ms
[2026-04-10T22:13:59.947-0700][3.114s][info][gc,start    ] GC(139) Pause Remark
[2026-04-10T22:13:59.948-0700][3.115s][info][gc          ] GC(139) Pause Remark 230M->128M(256M) 0.548ms
[2026-04-10T22:13:59.948-0700][3.115s][info][gc,cpu      ] GC(139) User=0.01s Sys=0.00s Real=0.00s
[2026-04-10T22:13:59.948-0700][3.115s][info][safepoint   ] Safepoint "G1PauseRemark", Time since last: 2078333 ns, Reaching safepoint: 83261917 ns, At safepoint: 605625 ns, Leaving safepoint: 2458 ns, Total: 83870000 ns, Threads: 1 runnable, 10 total
[2026-04-10T22:13:59.948-0700][3.115s][info][gc,marking  ] GC(139) Concurrent Mark 87.486ms
[2026-04-10T22:13:59.948-0700][3.115s][info][gc,marking  ] GC(139) Concurrent Rebuild Remembered Sets and Scrub Regions
[2026-04-10T22:13:59.949-0700][3.117s][info][gc,marking  ] GC(139) Concurrent Rebuild Remembered Sets and Scrub Regions 1.665ms
[2026-04-10T22:13:59.950-0700][3.117s][info][gc,start    ] GC(139) Pause Cleanup
[2026-04-10T22:13:59.950-0700][3.117s][info][gc          ] GC(139) Pause Cleanup 128M->128M(256M) 0.022ms
[2026-04-10T22:13:59.950-0700][3.117s][info][gc,cpu      ] GC(139) User=0.00s Sys=0.00s Real=0.00s
[2026-04-10T22:13:59.950-0700][3.117s][info][safepoint   ] Safepoint "G1PauseCleanup", Time since last: 1712167 ns, Reaching safepoint: 70916 ns, At safepoint: 36917 ns, Leaving safepoint: 1083 ns, Total: 108916 ns, Threads: 1 runnable, 10 total
[2026-04-10T22:13:59.950-0700][3.117s][info][gc,marking  ] GC(139) Concurrent Clear Claimed Marks
[2026-04-10T22:13:59.950-0700][3.117s][info][gc,marking  ] GC(139) Concurrent Clear Claimed Marks 0.014ms
[2026-04-10T22:13:59.950-0700][3.117s][info][gc,marking  ] GC(139) Concurrent Cleanup for Next Mark
[2026-04-10T22:13:59.950-0700][3.117s][info][gc,marking  ] GC(139) Concurrent Cleanup for Next Mark 0.117ms
[2026-04-10T22:13:59.950-0700][3.117s][info][gc          ] GC(139) Concurrent Mark Cycle 89.756ms
[2026-04-10T22:13:59.960-0700][3.128s][info][gc,start    ] GC(141) Pause Young (Prepare Mixed) (G1 Evacuation Pause)
[2026-04-10T22:13:59.960-0700][3.128s][info][gc,task     ] GC(141) Using 6 workers of 9 for evacuation
[2026-04-10T22:13:59.961-0700][3.129s][info][gc,phases   ] GC(141)   Pre Evacuate Collection Set: 0.06ms
[2026-04-10T22:13:59.961-0700][3.129s][info][gc,phases   ] GC(141)   Merge Heap Roots: 0.02ms
[2026-04-10T22:13:59.961-0700][3.129s][info][gc,phases   ] GC(141)   Evacuate Collection Set: 0.72ms
[2026-04-10T22:13:59.961-0700][3.129s][info][gc,phases   ] GC(141)   Post Evacuate Collection Set: 0.10ms
[2026-04-10T22:13:59.961-0700][3.129s][info][gc,phases   ] GC(141)   Other: 0.05ms
[2026-04-10T22:13:59.961-0700][3.129s][info][gc,heap     ] GC(141) Eden regions: 17->0(38)
[2026-04-10T22:13:59.961-0700][3.129s][info][gc,heap     ] GC(141) Survivor regions: 3->3(3)
[2026-04-10T22:13:59.961-0700][3.129s][info][gc,heap     ] GC(141) Old regions: 113->131
[2026-04-10T22:13:59.961-0700][3.129s][info][gc,heap     ] GC(141) Humongous regions: 0->0
[2026-04-10T22:13:59.961-0700][3.129s][info][gc,metaspace] GC(141) Metaspace: 9812K(9984K)->9812K(9984K) NonClass: 8610K(8704K)->8610K(8704K) Class: 1202K(1280K)->1202K(1280K)
[2026-04-10T22:13:59.961-0700][3.129s][info][gc          ] GC(141) Pause Young (Prepare Mixed) (G1 Evacuation Pause) 132M->133M(256M) 1.091ms
[2026-04-10T22:13:59.961-0700][3.129s][info][gc,cpu      ] GC(141) User=0.01s Sys=0.00s Real=0.00s
[2026-04-10T22:13:59.961-0700][3.129s][info][safepoint   ] Safepoint "G1CollectForAllocation", Time since last: 10671500 ns, Reaching safepoint: 1709 ns, At safepoint: 1114875 ns, Leaving safepoint: 2208 ns, Total: 1118792 ns, Threads: 0 runnable, 10 total
[2026-04-10T22:13:59.963-0700][3.130s][info][gc,start    ] GC(142) Pause Young (Mixed) (G1 Evacuation Pause)
[2026-04-10T22:13:59.963-0700][3.130s][info][gc,task     ] GC(142) Using 6 workers of 9 for evacuation
[2026-04-10T22:13:59.964-0700][3.131s][info][gc,phases   ] GC(142)   Pre Evacuate Collection Set: 0.07ms
[2026-04-10T22:13:59.964-0700][3.131s][info][gc,phases   ] GC(142)   Merge Heap Roots: 0.02ms
[2026-04-10T22:13:59.964-0700][3.131s][info][gc,phases   ] GC(142)   Evacuate Collection Set: 0.92ms
[2026-04-10T22:13:59.964-0700][3.131s][info][gc,phases   ] GC(142)   Post Evacuate Collection Set: 0.11ms
[2026-04-10T22:13:59.964-0700][3.132s][info][gc,phases   ] GC(142)   Other: 0.05ms
[2026-04-10T22:13:59.964-0700][3.132s][info][gc,heap     ] GC(142) Eden regions: 38->0(27)
[2026-04-10T22:13:59.964-0700][3.132s][info][gc,heap     ] GC(142) Survivor regions: 3->6(6)
[2026-04-10T22:13:59.964-0700][3.132s][info][gc,heap     ] GC(142) Old regions: 131->164
[2026-04-10T22:13:59.964-0700][3.132s][info][gc,heap     ] GC(142) Humongous regions: 0->0
[2026-04-10T22:13:59.964-0700][3.132s][info][gc,metaspace] GC(142) Metaspace: 9812K(9984K)->9812K(9984K) NonClass: 8610K(8704K)->8610K(8704K) Class: 1202K(1280K)->1202K(1280K)
[2026-04-10T22:13:59.964-0700][3.132s][info][gc          ] GC(142) Pause Young (Mixed) (G1 Evacuation Pause) 171M->170M(256M) 1.273ms
[2026-04-10T22:13:59.964-0700][3.132s][info][gc,cpu      ] GC(142) User=0.00s Sys=0.00s Real=0.00s
[2026-04-10T22:13:59.964-0700][3.132s][info][safepoint   ] Safepoint "G1CollectForAllocation", Time since last: 1572875 ns, Reaching safepoint: 1667 ns, At safepoint: 1293208 ns, Leaving safepoint: 2125 ns, Total: 1297000 ns, Threads: 0 runnable, 10 total
[2026-04-10T22:13:59.979-0700][3.146s][info][gc,start    ] GC(143) Pause Young (Concurrent Start) (G1 Evacuation Pause)
[2026-04-10T22:13:59.979-0700][3.146s][info][gc,task     ] GC(143) Using 6 workers of 9 for evacuation
[2026-04-10T22:13:59.980-0700][3.148s][info][gc,phases   ] GC(143)   Pre Evacuate Collection Set: 0.10ms
[2026-04-10T22:13:59.980-0700][3.148s][info][gc,phases   ] GC(143)   Merge Heap Roots: 0.03ms
[2026-04-10T22:13:59.980-0700][3.148s][info][gc,phases   ] GC(143)   Evacuate Collection Set: 0.96ms
[2026-04-10T22:13:59.980-0700][3.148s][info][gc,phases   ] GC(143)   Post Evacuate Collection Set: 0.10ms
[2026-04-10T22:13:59.980-0700][3.148s][info][gc,phases   ] GC(143)   Other: 0.04ms
[2026-04-10T22:13:59.980-0700][3.148s][info][gc,heap     ] GC(143) Eden regions: 27->0(18)
[2026-04-10T22:13:59.980-0700][3.148s][info][gc,heap     ] GC(143) Survivor regions: 6->5(5)
[2026-04-10T22:13:59.980-0700][3.148s][info][gc,heap     ] GC(143) Old regions: 164->193
[2026-04-10T22:13:59.980-0700][3.148s][info][gc,heap     ] GC(143) Humongous regions: 0->0
[2026-04-10T22:13:59.980-0700][3.148s][info][gc,metaspace] GC(143) Metaspace: 9812K(9984K)->9812K(9984K) NonClass: 8610K(8704K)->8610K(8704K) Class: 1202K(1280K)->1202K(1280K)
[2026-04-10T22:13:59.980-0700][3.148s][info][gc          ] GC(143) Pause Young (Concurrent Start) (G1 Evacuation Pause) 197M->198M(256M) 1.347ms
[2026-04-10T22:13:59.980-0700][3.148s][info][gc,cpu      ] GC(143) User=0.00s Sys=0.00s Real=0.01s
[2026-04-10T22:13:59.980-0700][3.148s][info][safepoint   ] Safepoint "G1CollectForAllocation", Time since last: 14773583 ns, Reaching safepoint: 1584 ns, At safepoint: 1371000 ns, Leaving safepoint: 2750 ns, Total: 1375334 ns, Threads: 0 runnable, 10 total
[2026-04-10T22:13:59.980-0700][3.148s][info][gc          ] GC(144) Concurrent Mark Cycle
[2026-04-10T22:13:59.980-0700][3.148s][info][gc,marking  ] GC(144) Concurrent Scan Root Regions
[2026-04-10T22:13:59.981-0700][3.148s][info][gc,marking  ] GC(144) Concurrent Scan Root Regions 0.241ms
[2026-04-10T22:13:59.981-0700][3.148s][info][gc,marking  ] GC(144) Concurrent Mark
[2026-04-10T22:13:59.981-0700][3.148s][info][gc,marking  ] GC(144) Concurrent Mark From Roots
[2026-04-10T22:13:59.981-0700][3.148s][info][gc,task     ] GC(144) Using 2 workers of 2 for marking
[2026-04-10T22:13:59.981-0700][3.148s][info][gc,start    ] GC(145) Pause Young (Normal) (G1 Evacuation Pause)
[2026-04-10T22:13:59.981-0700][3.148s][info][gc,task     ] GC(145) Using 6 workers of 9 for evacuation
[2026-04-10T22:13:59.982-0700][3.149s][info][gc,phases   ] GC(145)   Pre Evacuate Collection Set: 0.05ms
[2026-04-10T22:13:59.982-0700][3.149s][info][gc,phases   ] GC(145)   Merge Heap Roots: 0.03ms
[2026-04-10T22:13:59.982-0700][3.149s][info][gc,phases   ] GC(145)   Evacuate Collection Set: 0.76ms
[2026-04-10T22:13:59.982-0700][3.149s][info][gc,phases   ] GC(145)   Post Evacuate Collection Set: 0.11ms
[2026-04-10T22:13:59.982-0700][3.150s][info][gc,phases   ] GC(145)   Other: 0.04ms
[2026-04-10T22:13:59.982-0700][3.150s][info][gc,heap     ] GC(145) Eden regions: 18->0(18)
[2026-04-10T22:13:59.982-0700][3.150s][info][gc,heap     ] GC(145) Survivor regions: 5->3(3)
[2026-04-10T22:13:59.982-0700][3.150s][info][gc,heap     ] GC(145) Old regions: 193->214
[2026-04-10T22:13:59.982-0700][3.150s][info][gc,heap     ] GC(145) Humongous regions: 0->0
[2026-04-10T22:13:59.982-0700][3.150s][info][gc,metaspace] GC(145) Metaspace: 9812K(9984K)->9812K(9984K) NonClass: 8610K(8704K)->8610K(8704K) Class: 1202K(1280K)->1202K(1280K)
[2026-04-10T22:13:59.982-0700][3.150s][info][gc          ] GC(145) Pause Young (Normal) (G1 Evacuation Pause) 216M->217M(256M) 1.081ms
[2026-04-10T22:13:59.982-0700][3.150s][info][gc,cpu      ] GC(145) User=0.01s Sys=0.01s Real=0.00s
[2026-04-10T22:13:59.982-0700][3.150s][info][safepoint   ] Safepoint "G1CollectForAllocation", Time since last: 742458 ns, Reaching safepoint: 13250 ns, At safepoint: 1099250 ns, Leaving safepoint: 11667 ns, Total: 1124167 ns, Threads: 0 runnable, 10 total
[2026-04-10T22:13:59.984-0700][3.152s][info][gc,marking  ] GC(144) Concurrent Mark From Roots 3.606ms
[2026-04-10T22:13:59.984-0700][3.152s][info][gc,marking  ] GC(144) Concurrent Preclean
[2026-04-10T22:13:59.984-0700][3.152s][info][gc,marking  ] GC(144) Concurrent Preclean 0.006ms
[2026-04-10T22:14:00.067-0700][3.234s][info][gc,start    ] GC(144) Pause Remark
[2026-04-10T22:14:00.067-0700][3.235s][info][gc          ] GC(144) Pause Remark 228M->126M(256M) 0.550ms
[2026-04-10T22:14:00.067-0700][3.235s][info][gc,cpu      ] GC(144) User=0.00s Sys=0.00s Real=0.00s
[2026-04-10T22:14:00.067-0700][3.235s][info][safepoint   ] Safepoint "G1PauseRemark", Time since last: 2040208 ns, Reaching safepoint: 82438500 ns, At safepoint: 579542 ns, Leaving safepoint: 1541 ns, Total: 83019583 ns, Threads: 1 runnable, 10 total
[2026-04-10T22:14:00.067-0700][3.235s][info][gc,marking  ] GC(144) Concurrent Mark 86.668ms
[2026-04-10T22:14:00.067-0700][3.235s][info][gc,marking  ] GC(144) Concurrent Rebuild Remembered Sets and Scrub Regions
[2026-04-10T22:14:00.069-0700][3.236s][info][gc,marking  ] GC(144) Concurrent Rebuild Remembered Sets and Scrub Regions 1.648ms
[2026-04-10T22:14:00.069-0700][3.236s][info][gc,start    ] GC(144) Pause Cleanup
[2026-04-10T22:14:00.069-0700][3.237s][info][gc          ] GC(144) Pause Cleanup 126M->126M(256M) 0.029ms
[2026-04-10T22:14:00.069-0700][3.237s][info][gc,cpu      ] GC(144) User=0.00s Sys=0.00s Real=0.00s
[2026-04-10T22:14:00.069-0700][3.237s][info][safepoint   ] Safepoint "G1PauseCleanup", Time since last: 1681500 ns, Reaching safepoint: 153084 ns, At safepoint: 46875 ns, Leaving safepoint: 1625 ns, Total: 201584 ns, Threads: 1 runnable, 10 total
[2026-04-10T22:14:00.069-0700][3.237s][info][gc,marking  ] GC(144) Concurrent Clear Claimed Marks
[2026-04-10T22:14:00.069-0700][3.237s][info][gc,marking  ] GC(144) Concurrent Clear Claimed Marks 0.014ms
[2026-04-10T22:14:00.069-0700][3.237s][info][gc,marking  ] GC(144) Concurrent Cleanup for Next Mark
[2026-04-10T22:14:00.069-0700][3.237s][info][gc,marking  ] GC(144) Concurrent Cleanup for Next Mark 0.112ms
[2026-04-10T22:14:00.069-0700][3.237s][info][gc          ] GC(144) Concurrent Mark Cycle 88.972ms
[2026-04-10T22:14:00.080-0700][3.247s][info][gc,start    ] GC(146) Pause Young (Prepare Mixed) (G1 Evacuation Pause)
[2026-04-10T22:14:00.080-0700][3.247s][info][gc,task     ] GC(146) Using 6 workers of 9 for evacuation
[2026-04-10T22:14:00.081-0700][3.248s][info][gc,phases   ] GC(146)   Pre Evacuate Collection Set: 0.05ms
[2026-04-10T22:14:00.081-0700][3.248s][info][gc,phases   ] GC(146)   Merge Heap Roots: 0.05ms
[2026-04-10T22:14:00.081-0700][3.248s][info][gc,phases   ] GC(146)   Evacuate Collection Set: 0.65ms
[2026-04-10T22:14:00.081-0700][3.248s][info][gc,phases   ] GC(146)   Post Evacuate Collection Set: 0.12ms
[2026-04-10T22:14:00.081-0700][3.248s][info][gc,phases   ] GC(146)   Other: 0.04ms
[2026-04-10T22:14:00.081-0700][3.248s][info][gc,heap     ] GC(146) Eden regions: 18->0(38)
[2026-04-10T22:14:00.081-0700][3.248s][info][gc,heap     ] GC(146) Survivor regions: 3->3(3)
[2026-04-10T22:14:00.081-0700][3.248s][info][gc,heap     ] GC(146) Old regions: 112->132
[2026-04-10T22:14:00.081-0700][3.248s][info][gc,heap     ] GC(146) Humongous regions: 0->0
[2026-04-10T22:14:00.081-0700][3.248s][info][gc,metaspace] GC(146) Metaspace: 9812K(9984K)->9812K(9984K) NonClass: 8610K(8704K)->8610K(8704K) Class: 1202K(1280K)->1202K(1280K)
[2026-04-10T22:14:00.081-0700][3.248s][info][gc          ] GC(146) Pause Young (Prepare Mixed) (G1 Evacuation Pause) 133M->134M(256M) 1.014ms
[2026-04-10T22:14:00.081-0700][3.248s][info][gc,cpu      ] GC(146) User=0.01s Sys=0.00s Real=0.00s
[2026-04-10T22:14:00.081-0700][3.248s][info][safepoint   ] Safepoint "G1CollectForAllocation", Time since last: 10688583 ns, Reaching safepoint: 1000 ns, At safepoint: 1035542 ns, Leaving safepoint: 4791 ns, Total: 1041333 ns, Threads: 0 runnable, 10 total
[2026-04-10T22:14:00.082-0700][3.250s][info][gc,start    ] GC(147) Pause Young (Mixed) (G1 Evacuation Pause)
[2026-04-10T22:14:00.083-0700][3.250s][info][gc,task     ] GC(147) Using 6 workers of 9 for evacuation
[2026-04-10T22:14:00.084-0700][3.251s][info][gc,phases   ] GC(147)   Pre Evacuate Collection Set: 0.04ms
[2026-04-10T22:14:00.084-0700][3.251s][info][gc,phases   ] GC(147)   Merge Heap Roots: 0.02ms
[2026-04-10T22:14:00.084-0700][3.251s][info][gc,phases   ] GC(147)   Evacuate Collection Set: 1.21ms
[2026-04-10T22:14:00.084-0700][3.251s][info][gc,phases   ] GC(147)   Post Evacuate Collection Set: 0.11ms
[2026-04-10T22:14:00.084-0700][3.251s][info][gc,phases   ] GC(147)   Other: 0.04ms
[2026-04-10T22:14:00.084-0700][3.251s][info][gc,heap     ] GC(147) Eden regions: 38->0(26)
[2026-04-10T22:14:00.084-0700][3.251s][info][gc,heap     ] GC(147) Survivor regions: 3->6(6)
[2026-04-10T22:14:00.084-0700][3.251s][info][gc,heap     ] GC(147) Old regions: 132->166
[2026-04-10T22:14:00.084-0700][3.251s][info][gc,heap     ] GC(147) Humongous regions: 0->0
[2026-04-10T22:14:00.084-0700][3.251s][info][gc,metaspace] GC(147) Metaspace: 9812K(9984K)->9812K(9984K) NonClass: 8610K(8704K)->8610K(8704K) Class: 1202K(1280K)->1202K(1280K)
[2026-04-10T22:14:00.084-0700][3.251s][info][gc          ] GC(147) Pause Young (Mixed) (G1 Evacuation Pause) 172M->172M(256M) 1.526ms
[2026-04-10T22:14:00.084-0700][3.251s][info][gc,cpu      ] GC(147) User=0.01s Sys=0.00s Real=0.00s
[2026-04-10T22:14:00.084-0700][3.251s][info][safepoint   ] Safepoint "G1CollectForAllocation", Time since last: 1567917 ns, Reaching safepoint: 1292 ns, At safepoint: 1543041 ns, Leaving safepoint: 3542 ns, Total: 1547875 ns, Threads: 0 runnable, 10 total
[2026-04-10T22:14:00.099-0700][3.266s][info][gc,start    ] GC(148) Pause Young (Concurrent Start) (G1 Evacuation Pause)
[2026-04-10T22:14:00.099-0700][3.266s][info][gc,task     ] GC(148) Using 6 workers of 9 for evacuation
[2026-04-10T22:14:00.100-0700][3.267s][info][gc,phases   ] GC(148)   Pre Evacuate Collection Set: 0.06ms
[2026-04-10T22:14:00.100-0700][3.267s][info][gc,phases   ] GC(148)   Merge Heap Roots: 0.03ms
[2026-04-10T22:14:00.100-0700][3.267s][info][gc,phases   ] GC(148)   Evacuate Collection Set: 0.89ms
[2026-04-10T22:14:00.100-0700][3.267s][info][gc,phases   ] GC(148)   Post Evacuate Collection Set: 0.12ms
[2026-04-10T22:14:00.100-0700][3.267s][info][gc,phases   ] GC(148)   Other: 0.04ms
[2026-04-10T22:14:00.100-0700][3.267s][info][gc,heap     ] GC(148) Eden regions: 26->0(17)
[2026-04-10T22:14:00.100-0700][3.267s][info][gc,heap     ] GC(148) Survivor regions: 6->4(4)
[2026-04-10T22:14:00.100-0700][3.267s][info][gc,heap     ] GC(148) Old regions: 166->196
[2026-04-10T22:14:00.100-0700][3.267s][info][gc,heap     ] GC(148) Humongous regions: 0->0
[2026-04-10T22:14:00.100-0700][3.267s][info][gc,metaspace] GC(148) Metaspace: 9812K(9984K)->9812K(9984K) NonClass: 8610K(8704K)->8610K(8704K) Class: 1202K(1280K)->1202K(1280K)
[2026-04-10T22:14:00.100-0700][3.267s][info][gc          ] GC(148) Pause Young (Concurrent Start) (G1 Evacuation Pause) 198M->200M(256M) 1.239ms
[2026-04-10T22:14:00.100-0700][3.267s][info][gc,cpu      ] GC(148) User=0.01s Sys=0.00s Real=0.01s
[2026-04-10T22:14:00.100-0700][3.267s][info][safepoint   ] Safepoint "G1CollectForAllocation", Time since last: 14859208 ns, Reaching safepoint: 1334 ns, At safepoint: 1263875 ns, Leaving safepoint: 2625 ns, Total: 1267834 ns, Threads: 0 runnable, 10 total
[2026-04-10T22:14:00.100-0700][3.267s][info][gc          ] GC(149) Concurrent Mark Cycle
[2026-04-10T22:14:00.100-0700][3.268s][info][gc,marking  ] GC(149) Concurrent Scan Root Regions
[2026-04-10T22:14:00.100-0700][3.268s][info][gc,marking  ] GC(149) Concurrent Scan Root Regions 0.240ms
[2026-04-10T22:14:00.100-0700][3.268s][info][gc,marking  ] GC(149) Concurrent Mark
[2026-04-10T22:14:00.100-0700][3.268s][info][gc,marking  ] GC(149) Concurrent Mark From Roots
[2026-04-10T22:14:00.100-0700][3.268s][info][gc,task     ] GC(149) Using 2 workers of 2 for marking
[2026-04-10T22:14:00.101-0700][3.268s][info][gc,start    ] GC(150) Pause Young (Normal) (G1 Evacuation Pause)
[2026-04-10T22:14:00.101-0700][3.268s][info][gc,task     ] GC(150) Using 6 workers of 9 for evacuation
[2026-04-10T22:14:00.102-0700][3.269s][info][gc,phases   ] GC(150)   Pre Evacuate Collection Set: 0.04ms
[2026-04-10T22:14:00.102-0700][3.269s][info][gc,phases   ] GC(150)   Merge Heap Roots: 0.03ms
[2026-04-10T22:14:00.102-0700][3.269s][info][gc,phases   ] GC(150)   Evacuate Collection Set: 0.73ms
[2026-04-10T22:14:00.102-0700][3.269s][info][gc,phases   ] GC(150)   Post Evacuate Collection Set: 0.10ms
[2026-04-10T22:14:00.102-0700][3.269s][info][gc,phases   ] GC(150)   Other: 0.04ms
[2026-04-10T22:14:00.102-0700][3.269s][info][gc,heap     ] GC(150) Eden regions: 17->0(17)
[2026-04-10T22:14:00.102-0700][3.269s][info][gc,heap     ] GC(150) Survivor regions: 4->3(3)
[2026-04-10T22:14:00.102-0700][3.269s][info][gc,heap     ] GC(150) Old regions: 196->216
[2026-04-10T22:14:00.102-0700][3.269s][info][gc,heap     ] GC(150) Humongous regions: 0->0
[2026-04-10T22:14:00.102-0700][3.269s][info][gc,metaspace] GC(150) Metaspace: 9812K(9984K)->9812K(9984K) NonClass: 8610K(8704K)->8610K(8704K) Class: 1202K(1280K)->1202K(1280K)
[2026-04-10T22:14:00.102-0700][3.269s][info][gc          ] GC(150) Pause Young (Normal) (G1 Evacuation Pause) 217M->218M(256M) 1.040ms
[2026-04-10T22:14:00.102-0700][3.269s][info][gc,cpu      ] GC(150) User=0.00s Sys=0.00s Real=0.00s
[2026-04-10T22:14:00.102-0700][3.269s][info][safepoint   ] Safepoint "G1CollectForAllocation", Time since last: 866541 ns, Reaching safepoint: 12917 ns, At safepoint: 1059458 ns, Leaving safepoint: 3792 ns, Total: 1076167 ns, Threads: 0 runnable, 10 total
[2026-04-10T22:14:00.104-0700][3.271s][info][gc,marking  ] GC(149) Concurrent Mark From Roots 3.577ms
[2026-04-10T22:14:00.104-0700][3.271s][info][gc,marking  ] GC(149) Concurrent Preclean
[2026-04-10T22:14:00.104-0700][3.271s][info][gc,marking  ] GC(149) Concurrent Preclean 0.006ms
[2026-04-10T22:14:00.189-0700][3.356s][info][gc,start    ] GC(149) Pause Remark
[2026-04-10T22:14:00.190-0700][3.357s][info][gc          ] GC(149) Pause Remark 230M->130M(256M) 0.637ms
[2026-04-10T22:14:00.190-0700][3.357s][info][gc,cpu      ] GC(149) User=0.00s Sys=0.00s Real=0.01s
[2026-04-10T22:14:00.190-0700][3.357s][info][safepoint   ] Safepoint "G1PauseRemark", Time since last: 1952958 ns, Reaching safepoint: 85035709 ns, At safepoint: 664958 ns, Leaving safepoint: 1750 ns, Total: 85702417 ns, Threads: 1 runnable, 10 total
[2026-04-10T22:14:00.190-0700][3.357s][info][gc,marking  ] GC(149) Concurrent Mark 89.335ms
[2026-04-10T22:14:00.190-0700][3.357s][info][gc,marking  ] GC(149) Concurrent Rebuild Remembered Sets and Scrub Regions
[2026-04-10T22:14:00.192-0700][3.359s][info][gc,marking  ] GC(149) Concurrent Rebuild Remembered Sets and Scrub Regions 1.895ms
[2026-04-10T22:14:00.194-0700][3.361s][info][gc,start    ] GC(149) Pause Cleanup
[2026-04-10T22:14:00.194-0700][3.361s][info][gc          ] GC(149) Pause Cleanup 130M->130M(256M) 0.021ms
[2026-04-10T22:14:00.194-0700][3.361s][info][gc,cpu      ] GC(149) User=0.00s Sys=0.00s Real=0.00s
[2026-04-10T22:14:00.194-0700][3.361s][info][safepoint   ] Safepoint "G1PauseCleanup", Time since last: 1973875 ns, Reaching safepoint: 2257792 ns, At safepoint: 37875 ns, Leaving safepoint: 1625 ns, Total: 2297292 ns, Threads: 1 runnable, 10 total
[2026-04-10T22:14:00.194-0700][3.361s][info][gc,marking  ] GC(149) Concurrent Clear Claimed Marks
[2026-04-10T22:14:00.194-0700][3.361s][info][gc,marking  ] GC(149) Concurrent Clear Claimed Marks 0.010ms
[2026-04-10T22:14:00.194-0700][3.361s][info][gc,marking  ] GC(149) Concurrent Cleanup for Next Mark
[2026-04-10T22:14:00.194-0700][3.362s][info][gc,marking  ] GC(149) Concurrent Cleanup for Next Mark 0.124ms
[2026-04-10T22:14:00.194-0700][3.362s][info][gc          ] GC(149) Concurrent Mark Cycle 94.051ms
[2026-04-10T22:14:00.203-0700][3.371s][info][gc,start    ] GC(151) Pause Young (Prepare Mixed) (G1 Evacuation Pause)
[2026-04-10T22:14:00.203-0700][3.371s][info][gc,task     ] GC(151) Using 6 workers of 9 for evacuation
[2026-04-10T22:14:00.204-0700][3.372s][info][gc,phases   ] GC(151)   Pre Evacuate Collection Set: 0.09ms
[2026-04-10T22:14:00.204-0700][3.372s][info][gc,phases   ] GC(151)   Merge Heap Roots: 0.04ms
[2026-04-10T22:14:00.204-0700][3.372s][info][gc,phases   ] GC(151)   Evacuate Collection Set: 0.64ms
[2026-04-10T22:14:00.204-0700][3.372s][info][gc,phases   ] GC(151)   Post Evacuate Collection Set: 0.14ms
[2026-04-10T22:14:00.204-0700][3.372s][info][gc,phases   ] GC(151)   Other: 0.05ms
[2026-04-10T22:14:00.204-0700][3.372s][info][gc,heap     ] GC(151) Eden regions: 17->0(37)
[2026-04-10T22:14:00.204-0700][3.372s][info][gc,heap     ] GC(151) Survivor regions: 3->3(3)
[2026-04-10T22:14:00.204-0700][3.372s][info][gc,heap     ] GC(151) Old regions: 116->135
[2026-04-10T22:14:00.204-0700][3.372s][info][gc,heap     ] GC(151) Humongous regions: 0->0
[2026-04-10T22:14:00.204-0700][3.372s][info][gc,metaspace] GC(151) Metaspace: 9812K(9984K)->9812K(9984K) NonClass: 8610K(8704K)->8610K(8704K) Class: 1202K(1280K)->1202K(1280K)
[2026-04-10T22:14:00.204-0700][3.372s][info][gc          ] GC(151) Pause Young (Prepare Mixed) (G1 Evacuation Pause) 135M->137M(256M) 1.092ms
[2026-04-10T22:14:00.204-0700][3.372s][info][gc,cpu      ] GC(151) User=0.00s Sys=0.00s Real=0.00s
[2026-04-10T22:14:00.204-0700][3.372s][info][safepoint   ] Safepoint "G1CollectForAllocation", Time since last: 9156750 ns, Reaching safepoint: 1833 ns, At safepoint: 1114083 ns, Leaving safepoint: 2667 ns, Total: 1118583 ns, Threads: 0 runnable, 10 total
[2026-04-10T22:14:00.206-0700][3.373s][info][gc,start    ] GC(152) Pause Young (Mixed) (G1 Evacuation Pause)
[2026-04-10T22:14:00.206-0700][3.373s][info][gc,task     ] GC(152) Using 6 workers of 9 for evacuation
[2026-04-10T22:14:00.207-0700][3.374s][info][gc,phases   ] GC(152)   Pre Evacuate Collection Set: 0.05ms
[2026-04-10T22:14:00.207-0700][3.374s][info][gc,phases   ] GC(152)   Merge Heap Roots: 0.02ms
[2026-04-10T22:14:00.207-0700][3.374s][info][gc,phases   ] GC(152)   Evacuate Collection Set: 0.92ms
[2026-04-10T22:14:00.207-0700][3.374s][info][gc,phases   ] GC(152)   Post Evacuate Collection Set: 0.14ms
[2026-04-10T22:14:00.207-0700][3.374s][info][gc,phases   ] GC(152)   Other: 0.04ms
[2026-04-10T22:14:00.207-0700][3.374s][info][gc,heap     ] GC(152) Eden regions: 37->0(26)
[2026-04-10T22:14:00.207-0700][3.374s][info][gc,heap     ] GC(152) Survivor regions: 3->5(5)
[2026-04-10T22:14:00.207-0700][3.374s][info][gc,heap     ] GC(152) Old regions: 135->168
[2026-04-10T22:14:00.207-0700][3.374s][info][gc,heap     ] GC(152) Humongous regions: 0->0
[2026-04-10T22:14:00.207-0700][3.374s][info][gc,metaspace] GC(152) Metaspace: 9812K(9984K)->9812K(9984K) NonClass: 8610K(8704K)->8610K(8704K) Class: 1202K(1280K)->1202K(1280K)
[2026-04-10T22:14:00.207-0700][3.374s][info][gc          ] GC(152) Pause Young (Mixed) (G1 Evacuation Pause) 174M->172M(256M) 1.295ms
[2026-04-10T22:14:00.207-0700][3.374s][info][gc,cpu      ] GC(152) User=0.01s Sys=0.00s Real=0.00s
[2026-04-10T22:14:00.207-0700][3.374s][info][safepoint   ] Safepoint "G1CollectForAllocation", Time since last: 1476458 ns, Reaching safepoint: 1750 ns, At safepoint: 1314750 ns, Leaving safepoint: 2792 ns, Total: 1319292 ns, Threads: 0 runnable, 10 total
[2026-04-10T22:14:00.222-0700][3.389s][info][gc,start    ] GC(153) Pause Young (Concurrent Start) (G1 Evacuation Pause)
[2026-04-10T22:14:00.222-0700][3.389s][info][gc,task     ] GC(153) Using 6 workers of 9 for evacuation
[2026-04-10T22:14:00.223-0700][3.390s][info][gc,phases   ] GC(153)   Pre Evacuate Collection Set: 0.08ms
[2026-04-10T22:14:00.223-0700][3.390s][info][gc,phases   ] GC(153)   Merge Heap Roots: 0.04ms
[2026-04-10T22:14:00.223-0700][3.390s][info][gc,phases   ] GC(153)   Evacuate Collection Set: 0.83ms
[2026-04-10T22:14:00.223-0700][3.390s][info][gc,phases   ] GC(153)   Post Evacuate Collection Set: 0.12ms
[2026-04-10T22:14:00.223-0700][3.390s][info][gc,phases   ] GC(153)   Other: 0.05ms
[2026-04-10T22:14:00.223-0700][3.390s][info][gc,heap     ] GC(153) Eden regions: 26->0(17)
[2026-04-10T22:14:00.223-0700][3.390s][info][gc,heap     ] GC(153) Survivor regions: 5->4(4)
[2026-04-10T22:14:00.223-0700][3.390s][info][gc,heap     ] GC(153) Old regions: 168->196
[2026-04-10T22:14:00.223-0700][3.390s][info][gc,heap     ] GC(153) Humongous regions: 0->0
[2026-04-10T22:14:00.223-0700][3.390s][info][gc,metaspace] GC(153) Metaspace: 9812K(9984K)->9812K(9984K) NonClass: 8610K(8704K)->8610K(8704K) Class: 1202K(1280K)->1202K(1280K)
[2026-04-10T22:14:00.223-0700][3.390s][info][gc          ] GC(153) Pause Young (Concurrent Start) (G1 Evacuation Pause) 198M->200M(256M) 1.242ms
[2026-04-10T22:14:00.223-0700][3.390s][info][gc,cpu      ] GC(153) User=0.01s Sys=0.00s Real=0.00s
[2026-04-10T22:14:00.223-0700][3.390s][info][safepoint   ] Safepoint "G1CollectForAllocation", Time since last: 14721917 ns, Reaching safepoint: 1958 ns, At safepoint: 1269292 ns, Leaving safepoint: 7750 ns, Total: 1279000 ns, Threads: 0 runnable, 10 total
[2026-04-10T22:14:00.223-0700][3.390s][info][gc          ] GC(154) Concurrent Mark Cycle
[2026-04-10T22:14:00.223-0700][3.390s][info][gc,marking  ] GC(154) Concurrent Scan Root Regions
[2026-04-10T22:14:00.223-0700][3.391s][info][gc,marking  ] GC(154) Concurrent Scan Root Regions 0.268ms
[2026-04-10T22:14:00.223-0700][3.391s][info][gc,marking  ] GC(154) Concurrent Mark
[2026-04-10T22:14:00.223-0700][3.391s][info][gc,marking  ] GC(154) Concurrent Mark From Roots
[2026-04-10T22:14:00.223-0700][3.391s][info][gc,task     ] GC(154) Using 2 workers of 2 for marking
[2026-04-10T22:14:00.224-0700][3.391s][info][gc,start    ] GC(155) Pause Young (Normal) (G1 Evacuation Pause)
[2026-04-10T22:14:00.224-0700][3.391s][info][gc,task     ] GC(155) Using 6 workers of 9 for evacuation
[2026-04-10T22:14:00.225-0700][3.392s][info][gc,phases   ] GC(155)   Pre Evacuate Collection Set: 0.05ms
[2026-04-10T22:14:00.225-0700][3.392s][info][gc,phases   ] GC(155)   Merge Heap Roots: 0.03ms
[2026-04-10T22:14:00.225-0700][3.392s][info][gc,phases   ] GC(155)   Evacuate Collection Set: 0.68ms
[2026-04-10T22:14:00.225-0700][3.392s][info][gc,phases   ] GC(155)   Post Evacuate Collection Set: 0.11ms
[2026-04-10T22:14:00.225-0700][3.392s][info][gc,phases   ] GC(155)   Other: 0.04ms
[2026-04-10T22:14:00.225-0700][3.392s][info][gc,heap     ] GC(155) Eden regions: 17->0(17)
[2026-04-10T22:14:00.225-0700][3.392s][info][gc,heap     ] GC(155) Survivor regions: 4->3(3)
[2026-04-10T22:14:00.225-0700][3.392s][info][gc,heap     ] GC(155) Old regions: 196->216
[2026-04-10T22:14:00.225-0700][3.392s][info][gc,heap     ] GC(155) Humongous regions: 0->0
[2026-04-10T22:14:00.225-0700][3.392s][info][gc,metaspace] GC(155) Metaspace: 9812K(9984K)->9812K(9984K) NonClass: 8610K(8704K)->8610K(8704K) Class: 1202K(1280K)->1202K(1280K)
[2026-04-10T22:14:00.225-0700][3.392s][info][gc          ] GC(155) Pause Young (Normal) (G1 Evacuation Pause) 217M->218M(256M) 1.012ms
[2026-04-10T22:14:00.225-0700][3.392s][info][gc,cpu      ] GC(155) User=0.01s Sys=0.00s Real=0.00s
[2026-04-10T22:14:00.225-0700][3.392s][info][safepoint   ] Safepoint "G1CollectForAllocation", Time since last: 799458 ns, Reaching safepoint: 17708 ns, At safepoint: 1030459 ns, Leaving safepoint: 5875 ns, Total: 1054042 ns, Threads: 0 runnable, 10 total
[2026-04-10T22:14:00.227-0700][3.394s][info][gc,marking  ] GC(154) Concurrent Mark From Roots 3.547ms
[2026-04-10T22:14:00.227-0700][3.394s][info][gc,marking  ] GC(154) Concurrent Preclean
[2026-04-10T22:14:00.227-0700][3.394s][info][gc,marking  ] GC(154) Concurrent Preclean 0.015ms
[2026-04-10T22:14:00.311-0700][3.478s][info][gc,start    ] GC(154) Pause Remark
[2026-04-10T22:14:00.311-0700][3.478s][info][gc          ] GC(154) Pause Remark 233M->128M(256M) 0.526ms
[2026-04-10T22:14:00.311-0700][3.478s][info][gc,cpu      ] GC(154) User=0.00s Sys=0.00s Real=0.00s
[2026-04-10T22:14:00.311-0700][3.478s][info][safepoint   ] Safepoint "G1PauseRemark", Time since last: 2071916 ns, Reaching safepoint: 83476375 ns, At safepoint: 557459 ns, Leaving safepoint: 2500 ns, Total: 84036334 ns, Threads: 1 runnable, 10 total
[2026-04-10T22:14:00.311-0700][3.478s][info][gc,marking  ] GC(154) Concurrent Mark 87.673ms
[2026-04-10T22:14:00.311-0700][3.478s][info][gc,marking  ] GC(154) Concurrent Rebuild Remembered Sets and Scrub Regions
[2026-04-10T22:14:00.313-0700][3.480s][info][gc,marking  ] GC(154) Concurrent Rebuild Remembered Sets and Scrub Regions 1.640ms
[2026-04-10T22:14:00.313-0700][3.480s][info][gc,start    ] GC(154) Pause Cleanup
[2026-04-10T22:14:00.313-0700][3.480s][info][gc          ] GC(154) Pause Cleanup 128M->128M(256M) 0.018ms
[2026-04-10T22:14:00.313-0700][3.480s][info][gc,cpu      ] GC(154) User=0.00s Sys=0.00s Real=0.00s
[2026-04-10T22:14:00.313-0700][3.480s][info][safepoint   ] Safepoint "G1PauseCleanup", Time since last: 1697875 ns, Reaching safepoint: 105500 ns, At safepoint: 32875 ns, Leaving safepoint: 958 ns, Total: 139333 ns, Threads: 1 runnable, 10 total
[2026-04-10T22:14:00.313-0700][3.480s][info][gc,marking  ] GC(154) Concurrent Clear Claimed Marks
[2026-04-10T22:14:00.313-0700][3.480s][info][gc,marking  ] GC(154) Concurrent Clear Claimed Marks 0.011ms
[2026-04-10T22:14:00.313-0700][3.480s][info][gc,marking  ] GC(154) Concurrent Cleanup for Next Mark
[2026-04-10T22:14:00.313-0700][3.480s][info][gc,marking  ] GC(154) Concurrent Cleanup for Next Mark 0.113ms
[2026-04-10T22:14:00.313-0700][3.480s][info][gc          ] GC(154) Concurrent Mark Cycle 89.976ms
[2026-04-10T22:14:00.324-0700][3.491s][info][gc,start    ] GC(156) Pause Young (Prepare Mixed) (G1 Evacuation Pause)
[2026-04-10T22:14:00.324-0700][3.491s][info][gc,task     ] GC(156) Using 6 workers of 9 for evacuation
[2026-04-10T22:14:00.325-0700][3.492s][info][gc,phases   ] GC(156)   Pre Evacuate Collection Set: 0.05ms
[2026-04-10T22:14:00.325-0700][3.492s][info][gc,phases   ] GC(156)   Merge Heap Roots: 0.02ms
[2026-04-10T22:14:00.325-0700][3.492s][info][gc,phases   ] GC(156)   Evacuate Collection Set: 0.77ms
[2026-04-10T22:14:00.325-0700][3.492s][info][gc,phases   ] GC(156)   Post Evacuate Collection Set: 0.11ms
[2026-04-10T22:14:00.325-0700][3.492s][info][gc,phases   ] GC(156)   Other: 0.04ms
[2026-04-10T22:14:00.325-0700][3.492s][info][gc,heap     ] GC(156) Eden regions: 17->0(38)
[2026-04-10T22:14:00.325-0700][3.492s][info][gc,heap     ] GC(156) Survivor regions: 3->3(3)
[2026-04-10T22:14:00.325-0700][3.492s][info][gc,heap     ] GC(156) Old regions: 111->129
[2026-04-10T22:14:00.325-0700][3.492s][info][gc,heap     ] GC(156) Humongous regions: 0->0
[2026-04-10T22:14:00.325-0700][3.492s][info][gc,metaspace] GC(156) Metaspace: 9812K(9984K)->9812K(9984K) NonClass: 8610K(8704K)->8610K(8704K) Class: 1202K(1280K)->1202K(1280K)
[2026-04-10T22:14:00.325-0700][3.492s][info][gc          ] GC(156) Pause Young (Prepare Mixed) (G1 Evacuation Pause) 130M->132M(256M) 1.116ms
[2026-04-10T22:14:00.325-0700][3.492s][info][gc,cpu      ] GC(156) User=0.00s Sys=0.00s Real=0.00s
[2026-04-10T22:14:00.325-0700][3.492s][info][safepoint   ] Safepoint "G1CollectForAllocation", Time since last: 10675542 ns, Reaching safepoint: 1333 ns, At safepoint: 1135250 ns, Leaving safepoint: 3583 ns, Total: 1140166 ns, Threads: 0 runnable, 10 total
[2026-04-10T22:14:00.326-0700][3.494s][info][gc,start    ] GC(157) Pause Young (Mixed) (G1 Evacuation Pause)
[2026-04-10T22:14:00.326-0700][3.494s][info][gc,task     ] GC(157) Using 6 workers of 9 for evacuation
[2026-04-10T22:14:00.328-0700][3.495s][info][gc,phases   ] GC(157)   Pre Evacuate Collection Set: 0.06ms
[2026-04-10T22:14:00.328-0700][3.495s][info][gc,phases   ] GC(157)   Merge Heap Roots: 0.04ms
[2026-04-10T22:14:00.328-0700][3.495s][info][gc,phases   ] GC(157)   Evacuate Collection Set: 0.95ms
[2026-04-10T22:14:00.328-0700][3.495s][info][gc,phases   ] GC(157)   Post Evacuate Collection Set: 0.13ms
[2026-04-10T22:14:00.328-0700][3.495s][info][gc,phases   ] GC(157)   Other: 0.04ms
[2026-04-10T22:14:00.328-0700][3.495s][info][gc,heap     ] GC(157) Eden regions: 38->0(27)
[2026-04-10T22:14:00.328-0700][3.495s][info][gc,heap     ] GC(157) Survivor regions: 3->6(6)
[2026-04-10T22:14:00.328-0700][3.495s][info][gc,heap     ] GC(157) Old regions: 129->162
[2026-04-10T22:14:00.328-0700][3.495s][info][gc,heap     ] GC(157) Humongous regions: 0->0
[2026-04-10T22:14:00.328-0700][3.495s][info][gc,metaspace] GC(157) Metaspace: 9812K(9984K)->9812K(9984K) NonClass: 8610K(8704K)->8610K(8704K) Class: 1202K(1280K)->1202K(1280K)
[2026-04-10T22:14:00.328-0700][3.495s][info][gc          ] GC(157) Pause Young (Mixed) (G1 Evacuation Pause) 170M->168M(256M) 1.347ms
[2026-04-10T22:14:00.328-0700][3.495s][info][gc,cpu      ] GC(157) User=0.00s Sys=0.00s Real=0.00s
[2026-04-10T22:14:00.328-0700][3.495s][info][safepoint   ] Safepoint "G1CollectForAllocation", Time since last: 1571000 ns, Reaching safepoint: 2459 ns, At safepoint: 1368875 ns, Leaving safepoint: 3708 ns, Total: 1375042 ns, Threads: 0 runnable, 10 total
[2026-04-10T22:14:00.342-0700][3.510s][info][gc,start    ] GC(158) Pause Young (Concurrent Start) (G1 Evacuation Pause)
[2026-04-10T22:14:00.343-0700][3.510s][info][gc,task     ] GC(158) Using 6 workers of 9 for evacuation
[2026-04-10T22:14:00.344-0700][3.511s][info][gc,phases   ] GC(158)   Pre Evacuate Collection Set: 0.06ms
[2026-04-10T22:14:00.344-0700][3.511s][info][gc,phases   ] GC(158)   Merge Heap Roots: 0.04ms
[2026-04-10T22:14:00.344-0700][3.511s][info][gc,phases   ] GC(158)   Evacuate Collection Set: 0.90ms
[2026-04-10T22:14:00.344-0700][3.511s][info][gc,phases   ] GC(158)   Post Evacuate Collection Set: 0.13ms
[2026-04-10T22:14:00.344-0700][3.511s][info][gc,phases   ] GC(158)   Other: 0.05ms
[2026-04-10T22:14:00.344-0700][3.511s][info][gc,heap     ] GC(158) Eden regions: 27->0(19)
[2026-04-10T22:14:00.344-0700][3.511s][info][gc,heap     ] GC(158) Survivor regions: 6->5(5)
[2026-04-10T22:14:00.344-0700][3.511s][info][gc,heap     ] GC(158) Old regions: 162->190
[2026-04-10T22:14:00.344-0700][3.511s][info][gc,heap     ] GC(158) Humongous regions: 0->0
[2026-04-10T22:14:00.344-0700][3.511s][info][gc,metaspace] GC(158) Metaspace: 9812K(9984K)->9812K(9984K) NonClass: 8610K(8704K)->8610K(8704K) Class: 1202K(1280K)->1202K(1280K)
[2026-04-10T22:14:00.344-0700][3.511s][info][gc          ] GC(158) Pause Young (Concurrent Start) (G1 Evacuation Pause) 195M->195M(256M) 1.317ms
[2026-04-10T22:14:00.344-0700][3.511s][info][gc,cpu      ] GC(158) User=0.00s Sys=0.00s Real=0.00s
[2026-04-10T22:14:00.344-0700][3.511s][info][gc          ] GC(159) Concurrent Mark Cycle
[2026-04-10T22:14:00.344-0700][3.511s][info][safepoint   ] Safepoint "G1CollectForAllocation", Time since last: 14806000 ns, Reaching safepoint: 2292 ns, At safepoint: 1348166 ns, Leaving safepoint: 3834 ns, Total: 1354292 ns, Threads: 0 runnable, 10 total
[2026-04-10T22:14:00.344-0700][3.511s][info][gc,marking  ] GC(159) Concurrent Scan Root Regions
[2026-04-10T22:14:00.344-0700][3.511s][info][gc,marking  ] GC(159) Concurrent Scan Root Regions 0.249ms
[2026-04-10T22:14:00.344-0700][3.511s][info][gc,marking  ] GC(159) Concurrent Mark
[2026-04-10T22:14:00.344-0700][3.511s][info][gc,marking  ] GC(159) Concurrent Mark From Roots
[2026-04-10T22:14:00.344-0700][3.511s][info][gc,task     ] GC(159) Using 2 workers of 2 for marking
[2026-04-10T22:14:00.345-0700][3.512s][info][gc,start    ] GC(160) Pause Young (Normal) (G1 Evacuation Pause)
[2026-04-10T22:14:00.345-0700][3.512s][info][gc,task     ] GC(160) Using 6 workers of 9 for evacuation
[2026-04-10T22:14:00.346-0700][3.513s][info][gc,phases   ] GC(160)   Pre Evacuate Collection Set: 0.04ms
[2026-04-10T22:14:00.346-0700][3.513s][info][gc,phases   ] GC(160)   Merge Heap Roots: 0.02ms
[2026-04-10T22:14:00.346-0700][3.513s][info][gc,phases   ] GC(160)   Evacuate Collection Set: 0.73ms
[2026-04-10T22:14:00.346-0700][3.513s][info][gc,phases   ] GC(160)   Post Evacuate Collection Set: 0.11ms
[2026-04-10T22:14:00.346-0700][3.513s][info][gc,phases   ] GC(160)   Other: 0.04ms
[2026-04-10T22:14:00.346-0700][3.513s][info][gc,heap     ] GC(160) Eden regions: 19->0(17)
[2026-04-10T22:14:00.346-0700][3.513s][info][gc,heap     ] GC(160) Survivor regions: 5->3(3)
[2026-04-10T22:14:00.346-0700][3.513s][info][gc,heap     ] GC(160) Old regions: 190->212
[2026-04-10T22:14:00.346-0700][3.513s][info][gc,heap     ] GC(160) Humongous regions: 0->0
[2026-04-10T22:14:00.346-0700][3.513s][info][gc,metaspace] GC(160) Metaspace: 9812K(9984K)->9812K(9984K) NonClass: 8610K(8704K)->8610K(8704K) Class: 1202K(1280K)->1202K(1280K)
[2026-04-10T22:14:00.346-0700][3.513s][info][gc          ] GC(160) Pause Young (Normal) (G1 Evacuation Pause) 214M->215M(256M) 1.045ms
[2026-04-10T22:14:00.346-0700][3.513s][info][gc,cpu      ] GC(160) User=0.01s Sys=0.01s Real=0.00s
[2026-04-10T22:14:00.346-0700][3.513s][info][safepoint   ] Safepoint "G1CollectForAllocation", Time since last: 773916 ns, Reaching safepoint: 38667 ns, At safepoint: 1068375 ns, Leaving safepoint: 5083 ns, Total: 1112125 ns, Threads: 0 runnable, 10 total
[2026-04-10T22:14:00.348-0700][3.515s][info][gc,marking  ] GC(159) Concurrent Mark From Roots 3.550ms
[2026-04-10T22:14:00.348-0700][3.515s][info][gc,marking  ] GC(159) Concurrent Preclean
[2026-04-10T22:14:00.348-0700][3.515s][info][gc,marking  ] GC(159) Concurrent Preclean 0.006ms
[2026-04-10T22:14:00.431-0700][3.599s][info][gc,start    ] GC(159) Pause Remark
[2026-04-10T22:14:00.432-0700][3.599s][info][gc          ] GC(159) Pause Remark 227M->124M(256M) 0.631ms
[2026-04-10T22:14:00.432-0700][3.599s][info][gc,cpu      ] GC(159) User=0.00s Sys=0.00s Real=0.00s
[2026-04-10T22:14:00.432-0700][3.599s][info][safepoint   ] Safepoint "G1PauseRemark", Time since last: 1976459 ns, Reaching safepoint: 83730041 ns, At safepoint: 675459 ns, Leaving safepoint: 2958 ns, Total: 84408458 ns, Threads: 1 runnable, 10 total
[2026-04-10T22:14:00.432-0700][3.599s][info][gc,marking  ] GC(159) Concurrent Mark 88.009ms
[2026-04-10T22:14:00.432-0700][3.599s][info][gc,marking  ] GC(159) Concurrent Rebuild Remembered Sets and Scrub Regions
[2026-04-10T22:14:00.434-0700][3.601s][info][gc,marking  ] GC(159) Concurrent Rebuild Remembered Sets and Scrub Regions 1.878ms
[2026-04-10T22:14:00.436-0700][3.604s][info][gc,start    ] GC(159) Pause Cleanup
[2026-04-10T22:14:00.436-0700][3.604s][info][gc          ] GC(159) Pause Cleanup 124M->124M(256M) 0.022ms
[2026-04-10T22:14:00.436-0700][3.604s][info][gc,cpu      ] GC(159) User=0.00s Sys=0.00s Real=0.00s
[2026-04-10T22:14:00.436-0700][3.604s][info][safepoint   ] Safepoint "G1PauseCleanup", Time since last: 1926792 ns, Reaching safepoint: 2270000 ns, At safepoint: 39583 ns, Leaving safepoint: 1042 ns, Total: 2310625 ns, Threads: 1 runnable, 10 total
[2026-04-10T22:14:00.436-0700][3.604s][info][gc,marking  ] GC(159) Concurrent Clear Claimed Marks
[2026-04-10T22:14:00.436-0700][3.604s][info][gc,marking  ] GC(159) Concurrent Clear Claimed Marks 0.018ms
[2026-04-10T22:14:00.436-0700][3.604s][info][gc,marking  ] GC(159) Concurrent Cleanup for Next Mark
[2026-04-10T22:14:00.437-0700][3.604s][info][gc,marking  ] GC(159) Concurrent Cleanup for Next Mark 0.114ms
[2026-04-10T22:14:00.437-0700][3.604s][info][gc          ] GC(159) Concurrent Mark Cycle 92.690ms
[2026-04-10T22:14:00.446-0700][3.613s][info][gc,start    ] GC(161) Pause Young (Prepare Mixed) (G1 Evacuation Pause)
[2026-04-10T22:14:00.446-0700][3.613s][info][gc,task     ] GC(161) Using 6 workers of 9 for evacuation
[2026-04-10T22:14:00.447-0700][3.614s][info][gc,phases   ] GC(161)   Pre Evacuate Collection Set: 0.08ms
[2026-04-10T22:14:00.447-0700][3.614s][info][gc,phases   ] GC(161)   Merge Heap Roots: 0.05ms
[2026-04-10T22:14:00.447-0700][3.614s][info][gc,phases   ] GC(161)   Evacuate Collection Set: 0.78ms
[2026-04-10T22:14:00.447-0700][3.614s][info][gc,phases   ] GC(161)   Post Evacuate Collection Set: 0.12ms
[2026-04-10T22:14:00.447-0700][3.614s][info][gc,phases   ] GC(161)   Other: 0.04ms
[2026-04-10T22:14:00.447-0700][3.614s][info][gc,heap     ] GC(161) Eden regions: 17->0(39)
[2026-04-10T22:14:00.447-0700][3.614s][info][gc,heap     ] GC(161) Survivor regions: 3->3(3)
[2026-04-10T22:14:00.447-0700][3.614s][info][gc,heap     ] GC(161) Old regions: 109->128
[2026-04-10T22:14:00.447-0700][3.614s][info][gc,heap     ] GC(161) Humongous regions: 0->0
[2026-04-10T22:14:00.447-0700][3.614s][info][gc,metaspace] GC(161) Metaspace: 9812K(9984K)->9812K(9984K) NonClass: 8610K(8704K)->8610K(8704K) Class: 1202K(1280K)->1202K(1280K)
[2026-04-10T22:14:00.447-0700][3.614s][info][gc          ] GC(161) Pause Young (Prepare Mixed) (G1 Evacuation Pause) 129M->130M(256M) 1.198ms
[2026-04-10T22:14:00.447-0700][3.614s][info][gc,cpu      ] GC(161) User=0.01s Sys=0.00s Real=0.00s
[2026-04-10T22:14:00.447-0700][3.614s][info][safepoint   ] Safepoint "G1CollectForAllocation", Time since last: 9230083 ns, Reaching safepoint: 2083 ns, At safepoint: 1220042 ns, Leaving safepoint: 3625 ns, Total: 1225750 ns, Threads: 0 runnable, 10 total
[2026-04-10T22:14:00.448-0700][3.616s][info][gc,start    ] GC(162) Pause Young (Mixed) (G1 Evacuation Pause)
[2026-04-10T22:14:00.449-0700][3.616s][info][gc,task     ] GC(162) Using 6 workers of 9 for evacuation
[2026-04-10T22:14:00.450-0700][3.617s][info][gc,phases   ] GC(162)   Pre Evacuate Collection Set: 0.05ms
[2026-04-10T22:14:00.450-0700][3.617s][info][gc,phases   ] GC(162)   Merge Heap Roots: 0.03ms
[2026-04-10T22:14:00.450-0700][3.617s][info][gc,phases   ] GC(162)   Evacuate Collection Set: 1.11ms
[2026-04-10T22:14:00.450-0700][3.617s][info][gc,phases   ] GC(162)   Post Evacuate Collection Set: 0.13ms
[2026-04-10T22:14:00.450-0700][3.617s][info][gc,phases   ] GC(162)   Other: 0.04ms
[2026-04-10T22:14:00.450-0700][3.617s][info][gc,heap     ] GC(162) Eden regions: 39->0(27)
[2026-04-10T22:14:00.450-0700][3.617s][info][gc,heap     ] GC(162) Survivor regions: 3->6(6)
[2026-04-10T22:14:00.450-0700][3.617s][info][gc,heap     ] GC(162) Old regions: 128->163
[2026-04-10T22:14:00.450-0700][3.617s][info][gc,heap     ] GC(162) Humongous regions: 0->0
[2026-04-10T22:14:00.450-0700][3.617s][info][gc,metaspace] GC(162) Metaspace: 9812K(9984K)->9812K(9984K) NonClass: 8610K(8704K)->8610K(8704K) Class: 1202K(1280K)->1202K(1280K)
[2026-04-10T22:14:00.450-0700][3.617s][info][gc          ] GC(162) Pause Young (Mixed) (G1 Evacuation Pause) 169M->169M(256M) 1.494ms
[2026-04-10T22:14:00.450-0700][3.617s][info][gc,cpu      ] GC(162) User=0.01s Sys=0.00s Real=0.01s
[2026-04-10T22:14:00.450-0700][3.617s][info][safepoint   ] Safepoint "G1CollectForAllocation", Time since last: 1667750 ns, Reaching safepoint: 2125 ns, At safepoint: 1517000 ns, Leaving safepoint: 2667 ns, Total: 1521792 ns, Threads: 0 runnable, 10 total
[2026-04-10T22:14:00.465-0700][3.632s][info][gc,start    ] GC(163) Pause Young (Concurrent Start) (G1 Evacuation Pause)
[2026-04-10T22:14:00.465-0700][3.632s][info][gc,task     ] GC(163) Using 6 workers of 9 for evacuation
[2026-04-10T22:14:00.466-0700][3.634s][info][gc,phases   ] GC(163)   Pre Evacuate Collection Set: 0.07ms
[2026-04-10T22:14:00.466-0700][3.634s][info][gc,phases   ] GC(163)   Merge Heap Roots: 0.04ms
[2026-04-10T22:14:00.466-0700][3.634s][info][gc,phases   ] GC(163)   Evacuate Collection Set: 0.99ms
[2026-04-10T22:14:00.466-0700][3.634s][info][gc,phases   ] GC(163)   Post Evacuate Collection Set: 0.12ms
[2026-04-10T22:14:00.466-0700][3.634s][info][gc,phases   ] GC(163)   Other: 0.04ms
[2026-04-10T22:14:00.466-0700][3.634s][info][gc,heap     ] GC(163) Eden regions: 27->0(18)
[2026-04-10T22:14:00.466-0700][3.634s][info][gc,heap     ] GC(163) Survivor regions: 6->5(5)
[2026-04-10T22:14:00.466-0700][3.634s][info][gc,heap     ] GC(163) Old regions: 163->192
[2026-04-10T22:14:00.466-0700][3.634s][info][gc,heap     ] GC(163) Humongous regions: 0->0
[2026-04-10T22:14:00.466-0700][3.634s][info][gc,metaspace] GC(163) Metaspace: 9812K(9984K)->9812K(9984K) NonClass: 8610K(8704K)->8610K(8704K) Class: 1202K(1280K)->1202K(1280K)
[2026-04-10T22:14:00.466-0700][3.634s][info][gc          ] GC(163) Pause Young (Concurrent Start) (G1 Evacuation Pause) 196M->197M(256M) 1.403ms
[2026-04-10T22:14:00.466-0700][3.634s][info][gc,cpu      ] GC(163) User=0.01s Sys=0.00s Real=0.00s
[2026-04-10T22:14:00.466-0700][3.634s][info][safepoint   ] Safepoint "G1CollectForAllocation", Time since last: 15064583 ns, Reaching safepoint: 2375 ns, At safepoint: 1427500 ns, Leaving safepoint: 2875 ns, Total: 1432750 ns, Threads: 0 runnable, 10 total
[2026-04-10T22:14:00.466-0700][3.634s][info][gc          ] GC(164) Concurrent Mark Cycle
[2026-04-10T22:14:00.467-0700][3.634s][info][gc,marking  ] GC(164) Concurrent Scan Root Regions
[2026-04-10T22:14:00.467-0700][3.634s][info][gc,marking  ] GC(164) Concurrent Scan Root Regions 0.246ms
[2026-04-10T22:14:00.467-0700][3.634s][info][gc,marking  ] GC(164) Concurrent Mark
[2026-04-10T22:14:00.467-0700][3.634s][info][gc,marking  ] GC(164) Concurrent Mark From Roots
[2026-04-10T22:14:00.467-0700][3.634s][info][gc,task     ] GC(164) Using 2 workers of 2 for marking
[2026-04-10T22:14:00.467-0700][3.635s][info][gc,start    ] GC(165) Pause Young (Normal) (G1 Evacuation Pause)
[2026-04-10T22:14:00.467-0700][3.635s][info][gc,task     ] GC(165) Using 6 workers of 9 for evacuation
[2026-04-10T22:14:00.468-0700][3.636s][info][gc,phases   ] GC(165)   Pre Evacuate Collection Set: 0.04ms
[2026-04-10T22:14:00.468-0700][3.636s][info][gc,phases   ] GC(165)   Merge Heap Roots: 0.02ms
[2026-04-10T22:14:00.468-0700][3.636s][info][gc,phases   ] GC(165)   Evacuate Collection Set: 0.76ms
[2026-04-10T22:14:00.468-0700][3.636s][info][gc,phases   ] GC(165)   Post Evacuate Collection Set: 0.11ms
[2026-04-10T22:14:00.468-0700][3.636s][info][gc,phases   ] GC(165)   Other: 0.04ms
[2026-04-10T22:14:00.468-0700][3.636s][info][gc,heap     ] GC(165) Eden regions: 18->0(17)
[2026-04-10T22:14:00.468-0700][3.636s][info][gc,heap     ] GC(165) Survivor regions: 5->3(3)
[2026-04-10T22:14:00.468-0700][3.636s][info][gc,heap     ] GC(165) Old regions: 192->214
[2026-04-10T22:14:00.468-0700][3.636s][info][gc,heap     ] GC(165) Humongous regions: 0->0
[2026-04-10T22:14:00.468-0700][3.636s][info][gc,metaspace] GC(165) Metaspace: 9812K(9984K)->9812K(9984K) NonClass: 8610K(8704K)->8610K(8704K) Class: 1202K(1280K)->1202K(1280K)
[2026-04-10T22:14:00.468-0700][3.636s][info][gc          ] GC(165) Pause Young (Normal) (G1 Evacuation Pause) 215M->216M(256M) 1.093ms
[2026-04-10T22:14:00.468-0700][3.636s][info][gc,cpu      ] GC(165) User=0.00s Sys=0.00s Real=0.00s
[2026-04-10T22:14:00.468-0700][3.636s][info][safepoint   ] Safepoint "G1CollectForAllocation", Time since last: 858542 ns, Reaching safepoint: 14291 ns, At safepoint: 1118334 ns, Leaving safepoint: 3291 ns, Total: 1135916 ns, Threads: 0 runnable, 10 total
[2026-04-10T22:14:00.470-0700][3.638s][info][gc,marking  ] GC(164) Concurrent Mark From Roots 3.430ms
[2026-04-10T22:14:00.470-0700][3.638s][info][gc,marking  ] GC(164) Concurrent Preclean
[2026-04-10T22:14:00.470-0700][3.638s][info][gc,marking  ] GC(164) Concurrent Preclean 0.007ms
[2026-04-10T22:14:00.555-0700][3.722s][info][gc,start    ] GC(164) Pause Remark
[2026-04-10T22:14:00.556-0700][3.723s][info][gc          ] GC(164) Pause Remark 227M->128M(256M) 0.592ms
[2026-04-10T22:14:00.556-0700][3.723s][info][gc,cpu      ] GC(164) User=0.00s Sys=0.00s Real=0.00s
[2026-04-10T22:14:00.556-0700][3.723s][info][safepoint   ] Safepoint "G1PauseRemark", Time since last: 1797292 ns, Reaching safepoint: 84739208 ns, At safepoint: 636792 ns, Leaving safepoint: 2583 ns, Total: 85378583 ns, Threads: 1 runnable, 10 total
[2026-04-10T22:14:00.556-0700][3.723s][info][gc,marking  ] GC(164) Concurrent Mark 88.881ms
[2026-04-10T22:14:00.556-0700][3.723s][info][gc,marking  ] GC(164) Concurrent Rebuild Remembered Sets and Scrub Regions
[2026-04-10T22:14:00.558-0700][3.725s][info][gc,marking  ] GC(164) Concurrent Rebuild Remembered Sets and Scrub Regions 1.883ms
[2026-04-10T22:14:00.560-0700][3.727s][info][gc,start    ] GC(164) Pause Cleanup
[2026-04-10T22:14:00.560-0700][3.727s][info][gc          ] GC(164) Pause Cleanup 128M->128M(256M) 0.019ms
[2026-04-10T22:14:00.560-0700][3.727s][info][gc,cpu      ] GC(164) User=0.00s Sys=0.00s Real=0.00s
[2026-04-10T22:14:00.560-0700][3.727s][info][safepoint   ] Safepoint "G1PauseCleanup", Time since last: 1932042 ns, Reaching safepoint: 2263167 ns, At safepoint: 34666 ns, Leaving safepoint: 1459 ns, Total: 2299292 ns, Threads: 1 runnable, 10 total
[2026-04-10T22:14:00.560-0700][3.727s][info][gc,marking  ] GC(164) Concurrent Clear Claimed Marks
[2026-04-10T22:14:00.560-0700][3.727s][info][gc,marking  ] GC(164) Concurrent Clear Claimed Marks 0.014ms
[2026-04-10T22:14:00.560-0700][3.727s][info][gc,marking  ] GC(164) Concurrent Cleanup for Next Mark
[2026-04-10T22:14:00.560-0700][3.727s][info][gc,marking  ] GC(164) Concurrent Cleanup for Next Mark 0.127ms
[2026-04-10T22:14:00.560-0700][3.727s][info][gc          ] GC(164) Concurrent Mark Cycle 93.605ms
[2026-04-10T22:14:00.569-0700][3.736s][info][gc,start    ] GC(166) Pause Young (Prepare Mixed) (G1 Evacuation Pause)
[2026-04-10T22:14:00.569-0700][3.736s][info][gc,task     ] GC(166) Using 6 workers of 9 for evacuation
[2026-04-10T22:14:00.570-0700][3.737s][info][gc,phases   ] GC(166)   Pre Evacuate Collection Set: 0.04ms
[2026-04-10T22:14:00.570-0700][3.737s][info][gc,phases   ] GC(166)   Merge Heap Roots: 0.06ms
[2026-04-10T22:14:00.570-0700][3.737s][info][gc,phases   ] GC(166)   Evacuate Collection Set: 0.66ms
[2026-04-10T22:14:00.570-0700][3.737s][info][gc,phases   ] GC(166)   Post Evacuate Collection Set: 0.12ms
[2026-04-10T22:14:00.570-0700][3.737s][info][gc,phases   ] GC(166)   Other: 0.04ms
[2026-04-10T22:14:00.570-0700][3.737s][info][gc,heap     ] GC(166) Eden regions: 17->0(37)
[2026-04-10T22:14:00.570-0700][3.737s][info][gc,heap     ] GC(166) Survivor regions: 3->3(3)
[2026-04-10T22:14:00.570-0700][3.737s][info][gc,heap     ] GC(166) Old regions: 115->134
[2026-04-10T22:14:00.570-0700][3.737s][info][gc,heap     ] GC(166) Humongous regions: 0->0
[2026-04-10T22:14:00.570-0700][3.737s][info][gc,metaspace] GC(166) Metaspace: 9812K(9984K)->9812K(9984K) NonClass: 8610K(8704K)->8610K(8704K) Class: 1202K(1280K)->1202K(1280K)
[2026-04-10T22:14:00.570-0700][3.737s][info][gc          ] GC(166) Pause Young (Prepare Mixed) (G1 Evacuation Pause) 134M->136M(256M) 1.052ms
[2026-04-10T22:14:00.570-0700][3.737s][info][gc,cpu      ] GC(166) User=0.00s Sys=0.00s Real=0.01s
[2026-04-10T22:14:00.570-0700][3.737s][info][safepoint   ] Safepoint "G1CollectForAllocation", Time since last: 9115791 ns, Reaching safepoint: 792 ns, At safepoint: 1073292 ns, Leaving safepoint: 3125 ns, Total: 1077209 ns, Threads: 0 runnable, 10 total
[2026-04-10T22:14:00.572-0700][3.739s][info][gc,start    ] GC(167) Pause Young (Mixed) (G1 Evacuation Pause)
[2026-04-10T22:14:00.572-0700][3.739s][info][gc,task     ] GC(167) Using 6 workers of 9 for evacuation
[2026-04-10T22:14:00.573-0700][3.740s][info][gc,phases   ] GC(167)   Pre Evacuate Collection Set: 0.03ms
[2026-04-10T22:14:00.573-0700][3.740s][info][gc,phases   ] GC(167)   Merge Heap Roots: 0.03ms
[2026-04-10T22:14:00.573-0700][3.740s][info][gc,phases   ] GC(167)   Evacuate Collection Set: 0.88ms
[2026-04-10T22:14:00.573-0700][3.740s][info][gc,phases   ] GC(167)   Post Evacuate Collection Set: 0.13ms
[2026-04-10T22:14:00.573-0700][3.740s][info][gc,phases   ] GC(167)   Other: 0.04ms
[2026-04-10T22:14:00.573-0700][3.740s][info][gc,heap     ] GC(167) Eden regions: 37->0(26)
[2026-04-10T22:14:00.573-0700][3.740s][info][gc,heap     ] GC(167) Survivor regions: 3->5(5)
[2026-04-10T22:14:00.573-0700][3.740s][info][gc,heap     ] GC(167) Old regions: 134->167
[2026-04-10T22:14:00.573-0700][3.740s][info][gc,heap     ] GC(167) Humongous regions: 0->0
[2026-04-10T22:14:00.573-0700][3.740s][info][gc,metaspace] GC(167) Metaspace: 9812K(9984K)->9812K(9984K) NonClass: 8610K(8704K)->8610K(8704K) Class: 1202K(1280K)->1202K(1280K)
[2026-04-10T22:14:00.573-0700][3.740s][info][gc          ] GC(167) Pause Young (Mixed) (G1 Evacuation Pause) 173M->172M(256M) 1.224ms
[2026-04-10T22:14:00.573-0700][3.740s][info][gc,cpu      ] GC(167) User=0.00s Sys=0.00s Real=0.00s
[2026-04-10T22:14:00.573-0700][3.740s][info][safepoint   ] Safepoint "G1CollectForAllocation", Time since last: 1539000 ns, Reaching safepoint: 1625 ns, At safepoint: 1242625 ns, Leaving safepoint: 2416 ns, Total: 1246666 ns, Threads: 0 runnable, 10 total
[2026-04-10T22:14:00.588-0700][3.755s][info][gc,start    ] GC(168) Pause Young (Concurrent Start) (G1 Evacuation Pause)
[2026-04-10T22:14:00.588-0700][3.755s][info][gc,task     ] GC(168) Using 6 workers of 9 for evacuation
[2026-04-10T22:14:00.589-0700][3.756s][info][gc,phases   ] GC(168)   Pre Evacuate Collection Set: 0.08ms
[2026-04-10T22:14:00.589-0700][3.756s][info][gc,phases   ] GC(168)   Merge Heap Roots: 0.05ms
[2026-04-10T22:14:00.589-0700][3.756s][info][gc,phases   ] GC(168)   Evacuate Collection Set: 0.95ms
[2026-04-10T22:14:00.589-0700][3.756s][info][gc,phases   ] GC(168)   Post Evacuate Collection Set: 0.12ms
[2026-04-10T22:14:00.589-0700][3.756s][info][gc,phases   ] GC(168)   Other: 0.04ms
[2026-04-10T22:14:00.589-0700][3.756s][info][gc,heap     ] GC(168) Eden regions: 26->0(17)
[2026-04-10T22:14:00.589-0700][3.756s][info][gc,heap     ] GC(168) Survivor regions: 5->4(4)
[2026-04-10T22:14:00.589-0700][3.756s][info][gc,heap     ] GC(168) Old regions: 167->196
[2026-04-10T22:14:00.589-0700][3.756s][info][gc,heap     ] GC(168) Humongous regions: 0->0
[2026-04-10T22:14:00.589-0700][3.756s][info][gc,metaspace] GC(168) Metaspace: 9812K(9984K)->9812K(9984K) NonClass: 8610K(8704K)->8610K(8704K) Class: 1202K(1280K)->1202K(1280K)
[2026-04-10T22:14:00.589-0700][3.756s][info][gc          ] GC(168) Pause Young (Concurrent Start) (G1 Evacuation Pause) 198M->199M(256M) 1.341ms
[2026-04-10T22:14:00.589-0700][3.756s][info][gc,cpu      ] GC(168) User=0.00s Sys=0.00s Real=0.00s
[2026-04-10T22:14:00.589-0700][3.756s][info][gc          ] GC(169) Concurrent Mark Cycle
[2026-04-10T22:14:00.589-0700][3.756s][info][safepoint   ] Safepoint "G1CollectForAllocation", Time since last: 14806167 ns, Reaching safepoint: 1333 ns, At safepoint: 1367209 ns, Leaving safepoint: 3916 ns, Total: 1372458 ns, Threads: 0 runnable, 10 total
[2026-04-10T22:14:00.589-0700][3.756s][info][gc,marking  ] GC(169) Concurrent Scan Root Regions
[2026-04-10T22:14:00.589-0700][3.757s][info][gc,marking  ] GC(169) Concurrent Scan Root Regions 0.242ms
[2026-04-10T22:14:00.589-0700][3.757s][info][gc,marking  ] GC(169) Concurrent Mark
[2026-04-10T22:14:00.589-0700][3.757s][info][gc,marking  ] GC(169) Concurrent Mark From Roots
[2026-04-10T22:14:00.589-0700][3.757s][info][gc,task     ] GC(169) Using 2 workers of 2 for marking
[2026-04-10T22:14:00.590-0700][3.757s][info][gc,start    ] GC(170) Pause Young (Normal) (G1 Evacuation Pause)
[2026-04-10T22:14:00.590-0700][3.757s][info][gc,task     ] GC(170) Using 6 workers of 9 for evacuation
[2026-04-10T22:14:00.591-0700][3.758s][info][gc,phases   ] GC(170)   Pre Evacuate Collection Set: 0.07ms
[2026-04-10T22:14:00.591-0700][3.758s][info][gc,phases   ] GC(170)   Merge Heap Roots: 0.02ms
[2026-04-10T22:14:00.591-0700][3.758s][info][gc,phases   ] GC(170)   Evacuate Collection Set: 0.71ms
[2026-04-10T22:14:00.591-0700][3.758s][info][gc,phases   ] GC(170)   Post Evacuate Collection Set: 0.12ms
[2026-04-10T22:14:00.591-0700][3.758s][info][gc,phases   ] GC(170)   Other: 0.04ms
[2026-04-10T22:14:00.591-0700][3.758s][info][gc,heap     ] GC(170) Eden regions: 17->0(16)
[2026-04-10T22:14:00.591-0700][3.758s][info][gc,heap     ] GC(170) Survivor regions: 4->3(3)
[2026-04-10T22:14:00.591-0700][3.758s][info][gc,heap     ] GC(170) Old regions: 196->215
[2026-04-10T22:14:00.591-0700][3.758s][info][gc,heap     ] GC(170) Humongous regions: 0->0
[2026-04-10T22:14:00.591-0700][3.758s][info][gc,metaspace] GC(170) Metaspace: 9812K(9984K)->9812K(9984K) NonClass: 8610K(8704K)->8610K(8704K) Class: 1202K(1280K)->1202K(1280K)
[2026-04-10T22:14:00.591-0700][3.758s][info][gc          ] GC(170) Pause Young (Normal) (G1 Evacuation Pause) 216M->218M(256M) 1.049ms
[2026-04-10T22:14:00.591-0700][3.758s][info][gc,cpu      ] GC(170) User=0.01s Sys=0.00s Real=0.00s
[2026-04-10T22:14:00.591-0700][3.758s][info][safepoint   ] Safepoint "G1CollectForAllocation", Time since last: 829125 ns, Reaching safepoint: 14125 ns, At safepoint: 1068917 ns, Leaving safepoint: 8458 ns, Total: 1091500 ns, Threads: 0 runnable, 10 total
[2026-04-10T22:14:00.593-0700][3.760s][info][gc,marking  ] GC(169) Concurrent Mark From Roots 3.587ms
[2026-04-10T22:14:00.593-0700][3.760s][info][gc,marking  ] GC(169) Concurrent Preclean
[2026-04-10T22:14:00.593-0700][3.760s][info][gc,marking  ] GC(169) Concurrent Preclean 0.012ms
[2026-04-10T22:14:00.677-0700][3.844s][info][gc,start    ] GC(169) Pause Remark
[2026-04-10T22:14:00.677-0700][3.845s][info][gc          ] GC(169) Pause Remark 230M->127M(256M) 0.561ms
[2026-04-10T22:14:00.677-0700][3.845s][info][gc,cpu      ] GC(169) User=0.00s Sys=0.00s Real=0.00s
[2026-04-10T22:14:00.677-0700][3.845s][info][safepoint   ] Safepoint "G1PauseRemark", Time since last: 1982084 ns, Reaching safepoint: 83758916 ns, At safepoint: 588667 ns, Leaving safepoint: 1625 ns, Total: 84349208 ns, Threads: 1 runnable, 10 total
[2026-04-10T22:14:00.677-0700][3.845s][info][gc,marking  ] GC(169) Concurrent Mark 88.012ms
[2026-04-10T22:14:00.677-0700][3.845s][info][gc,marking  ] GC(169) Concurrent Rebuild Remembered Sets and Scrub Regions
[2026-04-10T22:14:00.679-0700][3.846s][info][gc,marking  ] GC(169) Concurrent Rebuild Remembered Sets and Scrub Regions 1.798ms
[2026-04-10T22:14:00.681-0700][3.849s][info][gc,start    ] GC(169) Pause Cleanup
[2026-04-10T22:14:00.681-0700][3.849s][info][gc          ] GC(169) Pause Cleanup 127M->127M(256M) 0.039ms
[2026-04-10T22:14:00.681-0700][3.849s][info][gc,cpu      ] GC(169) User=0.00s Sys=0.00s Real=0.00s
[2026-04-10T22:14:00.681-0700][3.849s][info][safepoint   ] Safepoint "G1PauseCleanup", Time since last: 1877000 ns, Reaching safepoint: 2264417 ns, At safepoint: 59375 ns, Leaving safepoint: 2500 ns, Total: 2326292 ns, Threads: 1 runnable, 10 total
[2026-04-10T22:14:00.682-0700][3.849s][info][gc,marking  ] GC(169) Concurrent Clear Claimed Marks
[2026-04-10T22:14:00.682-0700][3.849s][info][gc,marking  ] GC(169) Concurrent Clear Claimed Marks 0.012ms
[2026-04-10T22:14:00.682-0700][3.849s][info][gc,marking  ] GC(169) Concurrent Cleanup for Next Mark
[2026-04-10T22:14:00.682-0700][3.849s][info][gc,marking  ] GC(169) Concurrent Cleanup for Next Mark 0.103ms
[2026-04-10T22:14:00.682-0700][3.849s][info][gc          ] GC(169) Concurrent Mark Cycle 92.629ms
[2026-04-10T22:14:00.691-0700][3.858s][info][gc,start    ] GC(171) Pause Young (Prepare Mixed) (G1 Evacuation Pause)
[2026-04-10T22:14:00.691-0700][3.858s][info][gc,task     ] GC(171) Using 6 workers of 9 for evacuation
[2026-04-10T22:14:00.692-0700][3.859s][info][gc,phases   ] GC(171)   Pre Evacuate Collection Set: 0.08ms
[2026-04-10T22:14:00.692-0700][3.859s][info][gc,phases   ] GC(171)   Merge Heap Roots: 0.03ms
[2026-04-10T22:14:00.692-0700][3.859s][info][gc,phases   ] GC(171)   Evacuate Collection Set: 0.70ms
[2026-04-10T22:14:00.692-0700][3.859s][info][gc,phases   ] GC(171)   Post Evacuate Collection Set: 0.12ms
[2026-04-10T22:14:00.692-0700][3.859s][info][gc,phases   ] GC(171)   Other: 0.04ms
[2026-04-10T22:14:00.692-0700][3.859s][info][gc,heap     ] GC(171) Eden regions: 16->0(38)
[2026-04-10T22:14:00.692-0700][3.859s][info][gc,heap     ] GC(171) Survivor regions: 3->3(3)
[2026-04-10T22:14:00.692-0700][3.859s][info][gc,heap     ] GC(171) Old regions: 112->129
[2026-04-10T22:14:00.692-0700][3.859s][info][gc,heap     ] GC(171) Humongous regions: 0->0
[2026-04-10T22:14:00.692-0700][3.859s][info][gc,metaspace] GC(171) Metaspace: 9812K(9984K)->9812K(9984K) NonClass: 8610K(8704K)->8610K(8704K) Class: 1202K(1280K)->1202K(1280K)
[2026-04-10T22:14:00.692-0700][3.859s][info][gc          ] GC(171) Pause Young (Prepare Mixed) (G1 Evacuation Pause) 131M->132M(256M) 1.083ms
[2026-04-10T22:14:00.692-0700][3.859s][info][gc,cpu      ] GC(171) User=0.01s Sys=0.00s Real=0.00s
[2026-04-10T22:14:00.692-0700][3.859s][info][safepoint   ] Safepoint "G1CollectForAllocation", Time since last: 9044291 ns, Reaching safepoint: 1125 ns, At safepoint: 1103167 ns, Leaving safepoint: 3542 ns, Total: 1107834 ns, Threads: 0 runnable, 10 total
[2026-04-10T22:14:00.693-0700][3.861s][info][gc,start    ] GC(172) Pause Young (Mixed) (G1 Evacuation Pause)
[2026-04-10T22:14:00.693-0700][3.861s][info][gc,task     ] GC(172) Using 6 workers of 9 for evacuation
[2026-04-10T22:14:00.694-0700][3.862s][info][gc,phases   ] GC(172)   Pre Evacuate Collection Set: 0.04ms
[2026-04-10T22:14:00.694-0700][3.862s][info][gc,phases   ] GC(172)   Merge Heap Roots: 0.02ms
[2026-04-10T22:14:00.694-0700][3.862s][info][gc,phases   ] GC(172)   Evacuate Collection Set: 0.91ms
[2026-04-10T22:14:00.694-0700][3.862s][info][gc,phases   ] GC(172)   Post Evacuate Collection Set: 0.13ms
[2026-04-10T22:14:00.694-0700][3.862s][info][gc,phases   ] GC(172)   Other: 0.04ms
[2026-04-10T22:14:00.694-0700][3.862s][info][gc,heap     ] GC(172) Eden regions: 38->0(27)
[2026-04-10T22:14:00.694-0700][3.862s][info][gc,heap     ] GC(172) Survivor regions: 3->6(6)
[2026-04-10T22:14:00.694-0700][3.862s][info][gc,heap     ] GC(172) Old regions: 129->163
[2026-04-10T22:14:00.694-0700][3.862s][info][gc,heap     ] GC(172) Humongous regions: 0->0
[2026-04-10T22:14:00.694-0700][3.862s][info][gc,metaspace] GC(172) Metaspace: 9812K(9984K)->9812K(9984K) NonClass: 8610K(8704K)->8610K(8704K) Class: 1202K(1280K)->1202K(1280K)
[2026-04-10T22:14:00.695-0700][3.862s][info][gc          ] GC(172) Pause Young (Mixed) (G1 Evacuation Pause) 170M->168M(256M) 1.265ms
[2026-04-10T22:14:00.695-0700][3.862s][info][gc,cpu      ] GC(172) User=0.00s Sys=0.00s Real=0.00s
[2026-04-10T22:14:00.695-0700][3.862s][info][safepoint   ] Safepoint "G1CollectForAllocation", Time since last: 1592708 ns, Reaching safepoint: 1875 ns, At safepoint: 1288917 ns, Leaving safepoint: 6000 ns, Total: 1296792 ns, Threads: 0 runnable, 10 total
[2026-04-10T22:14:00.709-0700][3.877s][info][gc,start    ] GC(173) Pause Young (Concurrent Start) (G1 Evacuation Pause)
[2026-04-10T22:14:00.709-0700][3.877s][info][gc,task     ] GC(173) Using 6 workers of 9 for evacuation
[2026-04-10T22:14:00.710-0700][3.878s][info][gc,phases   ] GC(173)   Pre Evacuate Collection Set: 0.08ms
[2026-04-10T22:14:00.711-0700][3.878s][info][gc,phases   ] GC(173)   Merge Heap Roots: 0.02ms
[2026-04-10T22:14:00.711-0700][3.878s][info][gc,phases   ] GC(173)   Evacuate Collection Set: 0.83ms
[2026-04-10T22:14:00.711-0700][3.878s][info][gc,phases   ] GC(173)   Post Evacuate Collection Set: 0.10ms
[2026-04-10T22:14:00.711-0700][3.878s][info][gc,phases   ] GC(173)   Other: 0.04ms
[2026-04-10T22:14:00.711-0700][3.878s][info][gc,heap     ] GC(173) Eden regions: 27->0(18)
[2026-04-10T22:14:00.711-0700][3.878s][info][gc,heap     ] GC(173) Survivor regions: 6->5(5)
[2026-04-10T22:14:00.711-0700][3.878s][info][gc,heap     ] GC(173) Old regions: 163->192
[2026-04-10T22:14:00.711-0700][3.878s][info][gc,heap     ] GC(173) Humongous regions: 0->0
[2026-04-10T22:14:00.711-0700][3.878s][info][gc,metaspace] GC(173) Metaspace: 9812K(9984K)->9812K(9984K) NonClass: 8610K(8704K)->8610K(8704K) Class: 1202K(1280K)->1202K(1280K)
[2026-04-10T22:14:00.711-0700][3.878s][info][gc          ] GC(173) Pause Young (Concurrent Start) (G1 Evacuation Pause) 195M->196M(256M) 1.209ms
[2026-04-10T22:14:00.711-0700][3.878s][info][gc,cpu      ] GC(173) User=0.00s Sys=0.01s Real=0.01s
[2026-04-10T22:14:00.711-0700][3.878s][info][gc          ] GC(174) Concurrent Mark Cycle
[2026-04-10T22:14:00.711-0700][3.878s][info][safepoint   ] Safepoint "G1CollectForAllocation", Time since last: 14828708 ns, Reaching safepoint: 1917 ns, At safepoint: 1240291 ns, Leaving safepoint: 2792 ns, Total: 1245000 ns, Threads: 0 runnable, 10 total
[2026-04-10T22:14:00.711-0700][3.878s][info][gc,marking  ] GC(174) Concurrent Scan Root Regions
[2026-04-10T22:14:00.711-0700][3.878s][info][gc,marking  ] GC(174) Concurrent Scan Root Regions 0.274ms
[2026-04-10T22:14:00.711-0700][3.878s][info][gc,marking  ] GC(174) Concurrent Mark
[2026-04-10T22:14:00.711-0700][3.878s][info][gc,marking  ] GC(174) Concurrent Mark From Roots
[2026-04-10T22:14:00.711-0700][3.878s][info][gc,task     ] GC(174) Using 2 workers of 2 for marking
[2026-04-10T22:14:00.711-0700][3.879s][info][gc,start    ] GC(175) Pause Young (Normal) (G1 Evacuation Pause)
[2026-04-10T22:14:00.711-0700][3.879s][info][gc,task     ] GC(175) Using 6 workers of 9 for evacuation
[2026-04-10T22:14:00.712-0700][3.880s][info][gc,phases   ] GC(175)   Pre Evacuate Collection Set: 0.06ms
[2026-04-10T22:14:00.712-0700][3.880s][info][gc,phases   ] GC(175)   Merge Heap Roots: 0.02ms
[2026-04-10T22:14:00.712-0700][3.880s][info][gc,phases   ] GC(175)   Evacuate Collection Set: 0.69ms
[2026-04-10T22:14:00.712-0700][3.880s][info][gc,phases   ] GC(175)   Post Evacuate Collection Set: 0.13ms
[2026-04-10T22:14:00.712-0700][3.880s][info][gc,phases   ] GC(175)   Other: 0.04ms
[2026-04-10T22:14:00.713-0700][3.880s][info][gc,heap     ] GC(175) Eden regions: 18->0(17)
[2026-04-10T22:14:00.713-0700][3.880s][info][gc,heap     ] GC(175) Survivor regions: 5->3(3)
[2026-04-10T22:14:00.713-0700][3.880s][info][gc,heap     ] GC(175) Old regions: 192->213
[2026-04-10T22:14:00.713-0700][3.880s][info][gc,heap     ] GC(175) Humongous regions: 0->0
[2026-04-10T22:14:00.713-0700][3.880s][info][gc,metaspace] GC(175) Metaspace: 9812K(9984K)->9812K(9984K) NonClass: 8610K(8704K)->8610K(8704K) Class: 1202K(1280K)->1202K(1280K)
[2026-04-10T22:14:00.713-0700][3.880s][info][gc          ] GC(175) Pause Young (Normal) (G1 Evacuation Pause) 214M->216M(256M) 1.058ms
[2026-04-10T22:14:00.713-0700][3.880s][info][gc,cpu      ] GC(175) User=0.00s Sys=0.00s Real=0.00s
[2026-04-10T22:14:00.713-0700][3.880s][info][safepoint   ] Safepoint "G1CollectForAllocation", Time since last: 857667 ns, Reaching safepoint: 11791 ns, At safepoint: 1081250 ns, Leaving safepoint: 4167 ns, Total: 1097208 ns, Threads: 0 runnable, 10 total
[2026-04-10T22:14:00.715-0700][3.882s][info][gc,marking  ] GC(174) Concurrent Mark From Roots 3.743ms
[2026-04-10T22:14:00.715-0700][3.882s][info][gc,marking  ] GC(174) Concurrent Preclean
[2026-04-10T22:14:00.715-0700][3.882s][info][gc,marking  ] GC(174) Concurrent Preclean 0.008ms
[2026-04-10T22:14:00.798-0700][3.966s][info][gc,start    ] GC(174) Pause Remark
[2026-04-10T22:14:00.799-0700][3.966s][info][gc          ] GC(174) Pause Remark 228M->125M(256M) 0.588ms
[2026-04-10T22:14:00.799-0700][3.966s][info][gc,cpu      ] GC(174) User=0.00s Sys=0.00s Real=0.00s
[2026-04-10T22:14:00.799-0700][3.966s][info][safepoint   ] Safepoint "G1PauseRemark", Time since last: 2158542 ns, Reaching safepoint: 83680875 ns, At safepoint: 632333 ns, Leaving safepoint: 3125 ns, Total: 84316333 ns, Threads: 1 runnable, 10 total
[2026-04-10T22:14:00.799-0700][3.966s][info][gc,marking  ] GC(174) Concurrent Mark 88.131ms
[2026-04-10T22:14:00.799-0700][3.966s][info][gc,marking  ] GC(174) Concurrent Rebuild Remembered Sets and Scrub Regions
[2026-04-10T22:14:00.801-0700][3.968s][info][gc,marking  ] GC(174) Concurrent Rebuild Remembered Sets and Scrub Regions 1.819ms
[2026-04-10T22:14:00.803-0700][3.970s][info][gc,start    ] GC(174) Pause Cleanup
[2026-04-10T22:14:00.803-0700][3.971s][info][gc          ] GC(174) Pause Cleanup 125M->125M(256M) 0.024ms
[2026-04-10T22:14:00.803-0700][3.971s][info][gc,cpu      ] GC(174) User=0.00s Sys=0.00s Real=0.00s
[2026-04-10T22:14:00.803-0700][3.971s][info][safepoint   ] Safepoint "G1PauseCleanup", Time since last: 1852333 ns, Reaching safepoint: 2266584 ns, At safepoint: 41416 ns, Leaving safepoint: 1834 ns, Total: 2309834 ns, Threads: 1 runnable, 10 total
[2026-04-10T22:14:00.803-0700][3.971s][info][gc,marking  ] GC(174) Concurrent Clear Claimed Marks
[2026-04-10T22:14:00.803-0700][3.971s][info][gc,marking  ] GC(174) Concurrent Clear Claimed Marks 0.013ms
[2026-04-10T22:14:00.803-0700][3.971s][info][gc,marking  ] GC(174) Concurrent Cleanup for Next Mark
[2026-04-10T22:14:00.803-0700][3.971s][info][gc,marking  ] GC(174) Concurrent Cleanup for Next Mark 0.115ms
[2026-04-10T22:14:00.803-0700][3.971s][info][gc          ] GC(174) Concurrent Mark Cycle 92.776ms
[2026-04-10T22:14:00.812-0700][3.980s][info][gc,start    ] GC(176) Pause Young (Prepare Mixed) (G1 Evacuation Pause)
[2026-04-10T22:14:00.812-0700][3.980s][info][gc,task     ] GC(176) Using 6 workers of 9 for evacuation
[2026-04-10T22:14:00.813-0700][3.981s][info][gc,phases   ] GC(176)   Pre Evacuate Collection Set: 0.07ms
[2026-04-10T22:14:00.813-0700][3.981s][info][gc,phases   ] GC(176)   Merge Heap Roots: 0.05ms
[2026-04-10T22:14:00.813-0700][3.981s][info][gc,phases   ] GC(176)   Evacuate Collection Set: 0.77ms
[2026-04-10T22:14:00.813-0700][3.981s][info][gc,phases   ] GC(176)   Post Evacuate Collection Set: 0.10ms
[2026-04-10T22:14:00.813-0700][3.981s][info][gc,phases   ] GC(176)   Other: 0.04ms
[2026-04-10T22:14:00.813-0700][3.981s][info][gc,heap     ] GC(176) Eden regions: 17->0(38)
[2026-04-10T22:14:00.813-0700][3.981s][info][gc,heap     ] GC(176) Survivor regions: 3->3(3)
[2026-04-10T22:14:00.813-0700][3.981s][info][gc,heap     ] GC(176) Old regions: 110->129
[2026-04-10T22:14:00.813-0700][3.981s][info][gc,heap     ] GC(176) Humongous regions: 0->0
[2026-04-10T22:14:00.813-0700][3.981s][info][gc,metaspace] GC(176) Metaspace: 9812K(9984K)->9812K(9984K) NonClass: 8610K(8704K)->8610K(8704K) Class: 1202K(1280K)->1202K(1280K)
[2026-04-10T22:14:00.813-0700][3.981s][info][gc          ] GC(176) Pause Young (Prepare Mixed) (G1 Evacuation Pause) 130M->131M(256M) 1.129ms
[2026-04-10T22:14:00.813-0700][3.981s][info][gc,cpu      ] GC(176) User=0.00s Sys=0.00s Real=0.00s
[2026-04-10T22:14:00.813-0700][3.981s][info][safepoint   ] Safepoint "G1CollectForAllocation", Time since last: 9052333 ns, Reaching safepoint: 1000 ns, At safepoint: 1149292 ns, Leaving safepoint: 2125 ns, Total: 1152417 ns, Threads: 0 runnable, 10 total
[2026-04-10T22:14:00.815-0700][3.982s][info][gc,start    ] GC(177) Pause Young (Mixed) (G1 Evacuation Pause)
[2026-04-10T22:14:00.815-0700][3.982s][info][gc,task     ] GC(177) Using 6 workers of 9 for evacuation
[2026-04-10T22:14:00.816-0700][3.984s][info][gc,phases   ] GC(177)   Pre Evacuate Collection Set: 0.03ms
[2026-04-10T22:14:00.816-0700][3.984s][info][gc,phases   ] GC(177)   Merge Heap Roots: 0.02ms
[2026-04-10T22:14:00.816-0700][3.984s][info][gc,phases   ] GC(177)   Evacuate Collection Set: 1.24ms
[2026-04-10T22:14:00.816-0700][3.984s][info][gc,phases   ] GC(177)   Post Evacuate Collection Set: 0.14ms
[2026-04-10T22:14:00.816-0700][3.984s][info][gc,phases   ] GC(177)   Other: 0.04ms
[2026-04-10T22:14:00.816-0700][3.984s][info][gc,heap     ] GC(177) Eden regions: 38->0(27)
[2026-04-10T22:14:00.816-0700][3.984s][info][gc,heap     ] GC(177) Survivor regions: 3->6(6)
[2026-04-10T22:14:00.816-0700][3.984s][info][gc,heap     ] GC(177) Old regions: 129->163
[2026-04-10T22:14:00.816-0700][3.984s][info][gc,heap     ] GC(177) Humongous regions: 0->0
[2026-04-10T22:14:00.816-0700][3.984s][info][gc,metaspace] GC(177) Metaspace: 9812K(9984K)->9812K(9984K) NonClass: 8610K(8704K)->8610K(8704K) Class: 1202K(1280K)->1202K(1280K)
[2026-04-10T22:14:00.817-0700][3.984s][info][gc          ] GC(177) Pause Young (Mixed) (G1 Evacuation Pause) 169M->168M(256M) 1.589ms
[2026-04-10T22:14:00.817-0700][3.984s][info][gc,cpu      ] GC(177) User=0.01s Sys=0.00s Real=0.00s
[2026-04-10T22:14:00.817-0700][3.984s][info][safepoint   ] Safepoint "G1CollectForAllocation", Time since last: 1512458 ns, Reaching safepoint: 1250 ns, At safepoint: 1609458 ns, Leaving safepoint: 2709 ns, Total: 1613417 ns, Threads: 0 runnable, 10 total
[2026-04-10T22:14:00.831-0700][3.999s][info][gc,start    ] GC(178) Pause Young (Concurrent Start) (G1 Evacuation Pause)
[2026-04-10T22:14:00.831-0700][3.999s][info][gc,task     ] GC(178) Using 6 workers of 9 for evacuation
[2026-04-10T22:14:00.832-0700][4.000s][info][gc,phases   ] GC(178)   Pre Evacuate Collection Set: 0.09ms
[2026-04-10T22:14:00.833-0700][4.000s][info][gc,phases   ] GC(178)   Merge Heap Roots: 0.02ms
[2026-04-10T22:14:00.833-0700][4.000s][info][gc,phases   ] GC(178)   Evacuate Collection Set: 0.92ms
[2026-04-10T22:14:00.833-0700][4.000s][info][gc,phases   ] GC(178)   Post Evacuate Collection Set: 0.13ms
[2026-04-10T22:14:00.833-0700][4.000s][info][gc,phases   ] GC(178)   Other: 0.04ms
[2026-04-10T22:14:00.833-0700][4.000s][info][gc,heap     ] GC(178) Eden regions: 27->0(18)
[2026-04-10T22:14:00.833-0700][4.000s][info][gc,heap     ] GC(178) Survivor regions: 6->5(5)
[2026-04-10T22:14:00.833-0700][4.000s][info][gc,heap     ] GC(178) Old regions: 163->192
[2026-04-10T22:14:00.833-0700][4.000s][info][gc,heap     ] GC(178) Humongous regions: 0->0
[2026-04-10T22:14:00.833-0700][4.000s][info][gc,metaspace] GC(178) Metaspace: 9812K(9984K)->9812K(9984K) NonClass: 8610K(8704K)->8610K(8704K) Class: 1202K(1280K)->1202K(1280K)
[2026-04-10T22:14:00.833-0700][4.000s][info][gc          ] GC(178) Pause Young (Concurrent Start) (G1 Evacuation Pause) 195M->196M(256M) 1.339ms
[2026-04-10T22:14:00.833-0700][4.000s][info][gc,cpu      ] GC(178) User=0.01s Sys=0.00s Real=0.00s
[2026-04-10T22:14:00.833-0700][4.000s][info][safepoint   ] Safepoint "G1CollectForAllocation", Time since last: 14683416 ns, Reaching safepoint: 2167 ns, At safepoint: 1370333 ns, Leaving safepoint: 1875 ns, Total: 1374375 ns, Threads: 0 runnable, 10 total
[2026-04-10T22:14:00.833-0700][4.000s][info][gc          ] GC(179) Concurrent Mark Cycle
[2026-04-10T22:14:00.833-0700][4.000s][info][gc,marking  ] GC(179) Concurrent Scan Root Regions
[2026-04-10T22:14:00.833-0700][4.000s][info][gc,marking  ] GC(179) Concurrent Scan Root Regions 0.278ms
[2026-04-10T22:14:00.833-0700][4.000s][info][gc,marking  ] GC(179) Concurrent Mark
[2026-04-10T22:14:00.833-0700][4.000s][info][gc,marking  ] GC(179) Concurrent Mark From Roots
[2026-04-10T22:14:00.833-0700][4.000s][info][gc,task     ] GC(179) Using 2 workers of 2 for marking
[2026-04-10T22:14:00.833-0700][4.001s][info][gc,start    ] GC(180) Pause Young (Normal) (G1 Evacuation Pause)
[2026-04-10T22:14:00.833-0700][4.001s][info][gc,task     ] GC(180) Using 6 workers of 9 for evacuation
[2026-04-10T22:14:00.834-0700][4.002s][info][gc,phases   ] GC(180)   Pre Evacuate Collection Set: 0.04ms
[2026-04-10T22:14:00.834-0700][4.002s][info][gc,phases   ] GC(180)   Merge Heap Roots: 0.05ms
[2026-04-10T22:14:00.835-0700][4.002s][info][gc,phases   ] GC(180)   Evacuate Collection Set: 0.90ms
[2026-04-10T22:14:00.835-0700][4.002s][info][gc,phases   ] GC(180)   Post Evacuate Collection Set: 0.12ms
[2026-04-10T22:14:00.835-0700][4.002s][info][gc,phases   ] GC(180)   Other: 0.04ms
[2026-04-10T22:14:00.835-0700][4.002s][info][gc,heap     ] GC(180) Eden regions: 18->0(18)
[2026-04-10T22:14:00.835-0700][4.002s][info][gc,heap     ] GC(180) Survivor regions: 5->3(3)
[2026-04-10T22:14:00.835-0700][4.002s][info][gc,heap     ] GC(180) Old regions: 192->214
[2026-04-10T22:14:00.835-0700][4.002s][info][gc,heap     ] GC(180) Humongous regions: 0->0
[2026-04-10T22:14:00.835-0700][4.002s][info][gc,metaspace] GC(180) Metaspace: 9812K(9984K)->9812K(9984K) NonClass: 8610K(8704K)->8610K(8704K) Class: 1202K(1280K)->1202K(1280K)
[2026-04-10T22:14:00.835-0700][4.002s][info][gc          ] GC(180) Pause Young (Normal) (G1 Evacuation Pause) 214M->216M(256M) 1.300ms
[2026-04-10T22:14:00.835-0700][4.002s][info][gc,cpu      ] GC(180) User=0.00s Sys=0.00s Real=0.00s
[2026-04-10T22:14:00.835-0700][4.002s][info][safepoint   ] Safepoint "G1CollectForAllocation", Time since last: 641667 ns, Reaching safepoint: 14958 ns, At safepoint: 1325209 ns, Leaving safepoint: 3708 ns, Total: 1343875 ns, Threads: 0 runnable, 10 total
[2026-04-10T22:14:00.837-0700][4.004s][info][gc,marking  ] GC(179) Concurrent Mark From Roots 3.972ms
[2026-04-10T22:14:00.837-0700][4.004s][info][gc,marking  ] GC(179) Concurrent Preclean
[2026-04-10T22:14:00.837-0700][4.004s][info][gc,marking  ] GC(179) Concurrent Preclean 0.007ms
[2026-04-10T22:14:00.921-0700][4.089s][info][gc,start    ] GC(179) Pause Remark
[2026-04-10T22:14:00.922-0700][4.089s][info][gc          ] GC(179) Pause Remark 227M->127M(256M) 0.537ms
[2026-04-10T22:14:00.922-0700][4.089s][info][gc,cpu      ] GC(179) User=0.01s Sys=0.00s Real=0.00s
[2026-04-10T22:14:00.922-0700][4.089s][info][safepoint   ] Safepoint "G1PauseRemark", Time since last: 2357625 ns, Reaching safepoint: 84435500 ns, At safepoint: 569042 ns, Leaving safepoint: 3208 ns, Total: 85007750 ns, Threads: 1 runnable, 10 total
[2026-04-10T22:14:00.922-0700][4.089s][info][gc,marking  ] GC(179) Concurrent Mark 89.056ms
[2026-04-10T22:14:00.922-0700][4.089s][info][gc,marking  ] GC(179) Concurrent Rebuild Remembered Sets and Scrub Regions
[2026-04-10T22:14:00.924-0700][4.091s][info][gc,marking  ] GC(179) Concurrent Rebuild Remembered Sets and Scrub Regions 1.936ms
[2026-04-10T22:14:00.926-0700][4.094s][info][gc,start    ] GC(179) Pause Cleanup
[2026-04-10T22:14:00.926-0700][4.094s][info][gc          ] GC(179) Pause Cleanup 127M->127M(256M) 0.045ms
[2026-04-10T22:14:00.926-0700][4.094s][info][gc,cpu      ] GC(179) User=0.00s Sys=0.00s Real=0.00s
[2026-04-10T22:14:00.926-0700][4.094s][info][safepoint   ] Safepoint "G1PauseCleanup", Time since last: 1985542 ns, Reaching safepoint: 2273250 ns, At safepoint: 67500 ns, Leaving safepoint: 2625 ns, Total: 2343375 ns, Threads: 1 runnable, 10 total
[2026-04-10T22:14:00.926-0700][4.094s][info][gc,marking  ] GC(179) Concurrent Clear Claimed Marks
[2026-04-10T22:14:00.926-0700][4.094s][info][gc,marking  ] GC(179) Concurrent Clear Claimed Marks 0.030ms
[2026-04-10T22:14:00.926-0700][4.094s][info][gc,marking  ] GC(179) Concurrent Cleanup for Next Mark
[2026-04-10T22:14:00.926-0700][4.094s][info][gc,marking  ] GC(179) Concurrent Cleanup for Next Mark 0.124ms
[2026-04-10T22:14:00.926-0700][4.094s][info][gc          ] GC(179) Concurrent Mark Cycle 93.872ms
[2026-04-10T22:14:00.935-0700][4.103s][info][gc,start    ] GC(181) Pause Young (Prepare Mixed) (G1 Evacuation Pause)
[2026-04-10T22:14:00.935-0700][4.103s][info][gc,task     ] GC(181) Using 6 workers of 9 for evacuation
[2026-04-10T22:14:00.936-0700][4.104s][info][gc,phases   ] GC(181)   Pre Evacuate Collection Set: 0.08ms
[2026-04-10T22:14:00.936-0700][4.104s][info][gc,phases   ] GC(181)   Merge Heap Roots: 0.05ms
[2026-04-10T22:14:00.936-0700][4.104s][info][gc,phases   ] GC(181)   Evacuate Collection Set: 0.65ms
[2026-04-10T22:14:00.936-0700][4.104s][info][gc,phases   ] GC(181)   Post Evacuate Collection Set: 0.10ms
[2026-04-10T22:14:00.936-0700][4.104s][info][gc,phases   ] GC(181)   Other: 0.05ms
[2026-04-10T22:14:00.936-0700][4.104s][info][gc,heap     ] GC(181) Eden regions: 18->0(37)
[2026-04-10T22:14:00.936-0700][4.104s][info][gc,heap     ] GC(181) Survivor regions: 3->3(3)
[2026-04-10T22:14:00.936-0700][4.104s][info][gc,heap     ] GC(181) Old regions: 114->133
[2026-04-10T22:14:00.936-0700][4.104s][info][gc,heap     ] GC(181) Humongous regions: 0->0
[2026-04-10T22:14:00.936-0700][4.104s][info][gc,metaspace] GC(181) Metaspace: 9812K(9984K)->9812K(9984K) NonClass: 8610K(8704K)->8610K(8704K) Class: 1202K(1280K)->1202K(1280K)
[2026-04-10T22:14:00.936-0700][4.104s][info][gc          ] GC(181) Pause Young (Prepare Mixed) (G1 Evacuation Pause) 134M->135M(256M) 1.052ms
[2026-04-10T22:14:00.936-0700][4.104s][info][gc,cpu      ] GC(181) User=0.01s Sys=0.00s Real=0.00s
[2026-04-10T22:14:00.936-0700][4.104s][info][safepoint   ] Safepoint "G1CollectForAllocation", Time since last: 9128958 ns, Reaching safepoint: 875 ns, At safepoint: 1072958 ns, Leaving safepoint: 3167 ns, Total: 1077000 ns, Threads: 0 runnable, 10 total
[2026-04-10T22:14:00.938-0700][4.105s][info][gc,start    ] GC(182) Pause Young (Mixed) (G1 Evacuation Pause)
[2026-04-10T22:14:00.938-0700][4.105s][info][gc,task     ] GC(182) Using 6 workers of 9 for evacuation
[2026-04-10T22:14:00.939-0700][4.107s][info][gc,phases   ] GC(182)   Pre Evacuate Collection Set: 0.04ms
[2026-04-10T22:14:00.939-0700][4.107s][info][gc,phases   ] GC(182)   Merge Heap Roots: 0.02ms
[2026-04-10T22:14:00.939-0700][4.107s][info][gc,phases   ] GC(182)   Evacuate Collection Set: 0.88ms
[2026-04-10T22:14:00.939-0700][4.107s][info][gc,phases   ] GC(182)   Post Evacuate Collection Set: 0.13ms
[2026-04-10T22:14:00.939-0700][4.107s][info][gc,phases   ] GC(182)   Other: 0.04ms
[2026-04-10T22:14:00.939-0700][4.107s][info][gc,heap     ] GC(182) Eden regions: 37->0(26)
[2026-04-10T22:14:00.939-0700][4.107s][info][gc,heap     ] GC(182) Survivor regions: 3->5(5)
[2026-04-10T22:14:00.939-0700][4.107s][info][gc,heap     ] GC(182) Old regions: 133->166
[2026-04-10T22:14:00.939-0700][4.107s][info][gc,heap     ] GC(182) Humongous regions: 0->0
[2026-04-10T22:14:00.939-0700][4.107s][info][gc,metaspace] GC(182) Metaspace: 9812K(9984K)->9812K(9984K) NonClass: 8610K(8704K)->8610K(8704K) Class: 1202K(1280K)->1202K(1280K)
[2026-04-10T22:14:00.939-0700][4.107s][info][gc          ] GC(182) Pause Young (Mixed) (G1 Evacuation Pause) 172M->170M(256M) 1.204ms
[2026-04-10T22:14:00.939-0700][4.107s][info][gc,cpu      ] GC(182) User=0.00s Sys=0.00s Real=0.00s
[2026-04-10T22:14:00.939-0700][4.107s][info][safepoint   ] Safepoint "G1CollectForAllocation", Time since last: 1585792 ns, Reaching safepoint: 1375 ns, At safepoint: 1226083 ns, Leaving safepoint: 3167 ns, Total: 1230625 ns, Threads: 0 runnable, 10 total
[2026-04-10T22:14:00.954-0700][4.121s][info][gc,start    ] GC(183) Pause Young (Concurrent Start) (G1 Evacuation Pause)
[2026-04-10T22:14:00.954-0700][4.121s][info][gc,task     ] GC(183) Using 6 workers of 9 for evacuation
[2026-04-10T22:14:00.955-0700][4.123s][info][gc,phases   ] GC(183)   Pre Evacuate Collection Set: 0.10ms
[2026-04-10T22:14:00.955-0700][4.123s][info][gc,phases   ] GC(183)   Merge Heap Roots: 0.04ms
[2026-04-10T22:14:00.955-0700][4.123s][info][gc,phases   ] GC(183)   Evacuate Collection Set: 0.91ms
[2026-04-10T22:14:00.955-0700][4.123s][info][gc,phases   ] GC(183)   Post Evacuate Collection Set: 0.12ms
[2026-04-10T22:14:00.955-0700][4.123s][info][gc,phases   ] GC(183)   Other: 0.04ms
[2026-04-10T22:14:00.955-0700][4.123s][info][gc,heap     ] GC(183) Eden regions: 26->0(18)
[2026-04-10T22:14:00.955-0700][4.123s][info][gc,heap     ] GC(183) Survivor regions: 5->4(4)
[2026-04-10T22:14:00.955-0700][4.123s][info][gc,heap     ] GC(183) Old regions: 166->194
[2026-04-10T22:14:00.955-0700][4.123s][info][gc,heap     ] GC(183) Humongous regions: 0->0
[2026-04-10T22:14:00.955-0700][4.123s][info][gc,metaspace] GC(183) Metaspace: 9812K(9984K)->9812K(9984K) NonClass: 8610K(8704K)->8610K(8704K) Class: 1202K(1280K)->1202K(1280K)
[2026-04-10T22:14:00.955-0700][4.123s][info][gc          ] GC(183) Pause Young (Concurrent Start) (G1 Evacuation Pause) 196M->198M(256M) 1.329ms
[2026-04-10T22:14:00.955-0700][4.123s][info][gc,cpu      ] GC(183) User=0.00s Sys=0.00s Real=0.00s
[2026-04-10T22:14:00.955-0700][4.123s][info][safepoint   ] Safepoint "G1CollectForAllocation", Time since last: 14713708 ns, Reaching safepoint: 1625 ns, At safepoint: 1354625 ns, Leaving safepoint: 3083 ns, Total: 1359333 ns, Threads: 0 runnable, 10 total
[2026-04-10T22:14:00.955-0700][4.123s][info][gc          ] GC(184) Concurrent Mark Cycle
[2026-04-10T22:14:00.955-0700][4.123s][info][gc,marking  ] GC(184) Concurrent Scan Root Regions
[2026-04-10T22:14:00.956-0700][4.123s][info][gc,marking  ] GC(184) Concurrent Scan Root Regions 0.240ms
[2026-04-10T22:14:00.956-0700][4.123s][info][gc,marking  ] GC(184) Concurrent Mark
[2026-04-10T22:14:00.956-0700][4.123s][info][gc,marking  ] GC(184) Concurrent Mark From Roots
[2026-04-10T22:14:00.956-0700][4.123s][info][gc,task     ] GC(184) Using 2 workers of 2 for marking
[2026-04-10T22:14:00.956-0700][4.123s][info][gc,start    ] GC(185) Pause Young (Normal) (G1 Evacuation Pause)
[2026-04-10T22:14:00.956-0700][4.123s][info][gc,task     ] GC(185) Using 6 workers of 9 for evacuation
[2026-04-10T22:14:00.957-0700][4.124s][info][gc,phases   ] GC(185)   Pre Evacuate Collection Set: 0.05ms
[2026-04-10T22:14:00.957-0700][4.124s][info][gc,phases   ] GC(185)   Merge Heap Roots: 0.03ms
[2026-04-10T22:14:00.957-0700][4.124s][info][gc,phases   ] GC(185)   Evacuate Collection Set: 0.78ms
[2026-04-10T22:14:00.957-0700][4.125s][info][gc,phases   ] GC(185)   Post Evacuate Collection Set: 0.11ms
[2026-04-10T22:14:00.957-0700][4.125s][info][gc,phases   ] GC(185)   Other: 0.04ms
[2026-04-10T22:14:00.957-0700][4.125s][info][gc,heap     ] GC(185) Eden regions: 18->0(18)
[2026-04-10T22:14:00.957-0700][4.125s][info][gc,heap     ] GC(185) Survivor regions: 4->3(3)
[2026-04-10T22:14:00.957-0700][4.125s][info][gc,heap     ] GC(185) Old regions: 194->215
[2026-04-10T22:14:00.957-0700][4.125s][info][gc,heap     ] GC(185) Humongous regions: 0->0
[2026-04-10T22:14:00.957-0700][4.125s][info][gc,metaspace] GC(185) Metaspace: 9812K(9984K)->9812K(9984K) NonClass: 8610K(8704K)->8610K(8704K) Class: 1202K(1280K)->1202K(1280K)
[2026-04-10T22:14:00.957-0700][4.125s][info][gc          ] GC(185) Pause Young (Normal) (G1 Evacuation Pause) 216M->217M(256M) 1.121ms
[2026-04-10T22:14:00.957-0700][4.125s][info][gc,cpu      ] GC(185) User=0.01s Sys=0.00s Real=0.00s
[2026-04-10T22:14:00.957-0700][4.125s][info][safepoint   ] Safepoint "G1CollectForAllocation", Time since last: 725334 ns, Reaching safepoint: 11625 ns, At safepoint: 1143208 ns, Leaving safepoint: 5042 ns, Total: 1159875 ns, Threads: 0 runnable, 10 total
[2026-04-10T22:14:00.959-0700][4.127s][info][gc,marking  ] GC(184) Concurrent Mark From Roots 3.700ms
[2026-04-10T22:14:00.959-0700][4.127s][info][gc,marking  ] GC(184) Concurrent Preclean
[2026-04-10T22:14:00.959-0700][4.127s][info][gc,marking  ] GC(184) Concurrent Preclean 0.014ms
[2026-04-10T22:14:01.043-0700][4.210s][info][gc,start    ] GC(184) Pause Remark
[2026-04-10T22:14:01.044-0700][4.211s][info][gc          ] GC(184) Pause Remark 228M->125M(256M) 0.603ms
[2026-04-10T22:14:01.044-0700][4.211s][info][gc,cpu      ] GC(184) User=0.00s Sys=0.00s Real=0.00s
[2026-04-10T22:14:01.044-0700][4.211s][info][safepoint   ] Safepoint "G1PauseRemark", Time since last: 2177666 ns, Reaching safepoint: 83483000 ns, At safepoint: 655459 ns, Leaving safepoint: 3041 ns, Total: 84141500 ns, Threads: 1 runnable, 10 total
[2026-04-10T22:14:01.044-0700][4.211s][info][gc,marking  ] GC(184) Concurrent Mark 87.932ms
[2026-04-10T22:14:01.044-0700][4.211s][info][gc,marking  ] GC(184) Concurrent Rebuild Remembered Sets and Scrub Regions
[2026-04-10T22:14:01.045-0700][4.213s][info][gc,marking  ] GC(184) Concurrent Rebuild Remembered Sets and Scrub Regions 1.857ms
[2026-04-10T22:14:01.048-0700][4.215s][info][gc,start    ] GC(184) Pause Cleanup
[2026-04-10T22:14:01.048-0700][4.215s][info][gc          ] GC(184) Pause Cleanup 125M->125M(256M) 0.028ms
[2026-04-10T22:14:01.048-0700][4.215s][info][gc,cpu      ] GC(184) User=0.00s Sys=0.00s Real=0.00s
[2026-04-10T22:14:01.048-0700][4.215s][info][safepoint   ] Safepoint "G1PauseCleanup", Time since last: 1892459 ns, Reaching safepoint: 2265833 ns, At safepoint: 53208 ns, Leaving safepoint: 1792 ns, Total: 2320833 ns, Threads: 1 runnable, 10 total
[2026-04-10T22:14:01.048-0700][4.215s][info][gc,marking  ] GC(184) Concurrent Clear Claimed Marks
[2026-04-10T22:14:01.048-0700][4.215s][info][gc,marking  ] GC(184) Concurrent Clear Claimed Marks 0.014ms
[2026-04-10T22:14:01.048-0700][4.215s][info][gc,marking  ] GC(184) Concurrent Cleanup for Next Mark
[2026-04-10T22:14:01.048-0700][4.215s][info][gc,marking  ] GC(184) Concurrent Cleanup for Next Mark 0.109ms
[2026-04-10T22:14:01.048-0700][4.215s][info][gc          ] GC(184) Concurrent Mark Cycle 92.588ms
[2026-04-10T22:14:01.057-0700][4.224s][info][gc,start    ] GC(186) Pause Young (Prepare Mixed) (G1 Evacuation Pause)
[2026-04-10T22:14:01.057-0700][4.224s][info][gc,task     ] GC(186) Using 6 workers of 9 for evacuation
[2026-04-10T22:14:01.058-0700][4.225s][info][gc,phases   ] GC(186)   Pre Evacuate Collection Set: 0.10ms
[2026-04-10T22:14:01.058-0700][4.225s][info][gc,phases   ] GC(186)   Merge Heap Roots: 0.07ms
[2026-04-10T22:14:01.058-0700][4.225s][info][gc,phases   ] GC(186)   Evacuate Collection Set: 0.70ms
[2026-04-10T22:14:01.058-0700][4.225s][info][gc,phases   ] GC(186)   Post Evacuate Collection Set: 0.10ms
[2026-04-10T22:14:01.058-0700][4.225s][info][gc,phases   ] GC(186)   Other: 0.04ms
[2026-04-10T22:14:01.058-0700][4.225s][info][gc,heap     ] GC(186) Eden regions: 18->0(38)
[2026-04-10T22:14:01.058-0700][4.225s][info][gc,heap     ] GC(186) Survivor regions: 3->3(3)
[2026-04-10T22:14:01.058-0700][4.225s][info][gc,heap     ] GC(186) Old regions: 112->131
[2026-04-10T22:14:01.058-0700][4.225s][info][gc,heap     ] GC(186) Humongous regions: 0->0
[2026-04-10T22:14:01.058-0700][4.225s][info][gc,metaspace] GC(186) Metaspace: 9812K(9984K)->9812K(9984K) NonClass: 8610K(8704K)->8610K(8704K) Class: 1202K(1280K)->1202K(1280K)
[2026-04-10T22:14:01.058-0700][4.225s][info][gc          ] GC(186) Pause Young (Prepare Mixed) (G1 Evacuation Pause) 132M->134M(256M) 1.110ms
[2026-04-10T22:14:01.058-0700][4.225s][info][gc,cpu      ] GC(186) User=0.00s Sys=0.00s Real=0.00s
[2026-04-10T22:14:01.058-0700][4.225s][info][safepoint   ] Safepoint "G1CollectForAllocation", Time since last: 9133500 ns, Reaching safepoint: 958 ns, At safepoint: 1131750 ns, Leaving safepoint: 3584 ns, Total: 1136292 ns, Threads: 0 runnable, 10 total
[2026-04-10T22:14:01.060-0700][4.227s][info][gc,start    ] GC(187) Pause Young (Mixed) (G1 Evacuation Pause)
[2026-04-10T22:14:01.060-0700][4.227s][info][gc,task     ] GC(187) Using 6 workers of 9 for evacuation
[2026-04-10T22:14:01.061-0700][4.228s][info][gc,phases   ] GC(187)   Pre Evacuate Collection Set: 0.04ms
[2026-04-10T22:14:01.061-0700][4.228s][info][gc,phases   ] GC(187)   Merge Heap Roots: 0.02ms
[2026-04-10T22:14:01.061-0700][4.228s][info][gc,phases   ] GC(187)   Evacuate Collection Set: 0.92ms
[2026-04-10T22:14:01.061-0700][4.228s][info][gc,phases   ] GC(187)   Post Evacuate Collection Set: 0.11ms
[2026-04-10T22:14:01.061-0700][4.228s][info][gc,phases   ] GC(187)   Other: 0.04ms
[2026-04-10T22:14:01.061-0700][4.228s][info][gc,heap     ] GC(187) Eden regions: 38->0(27)
[2026-04-10T22:14:01.061-0700][4.228s][info][gc,heap     ] GC(187) Survivor regions: 3->6(6)
[2026-04-10T22:14:01.061-0700][4.228s][info][gc,heap     ] GC(187) Old regions: 131->164
[2026-04-10T22:14:01.061-0700][4.228s][info][gc,heap     ] GC(187) Humongous regions: 0->0
[2026-04-10T22:14:01.061-0700][4.228s][info][gc,metaspace] GC(187) Metaspace: 9812K(9984K)->9812K(9984K) NonClass: 8610K(8704K)->8610K(8704K) Class: 1202K(1280K)->1202K(1280K)
[2026-04-10T22:14:01.061-0700][4.228s][info][gc          ] GC(187) Pause Young (Mixed) (G1 Evacuation Pause) 172M->170M(256M) 1.241ms
[2026-04-10T22:14:01.061-0700][4.228s][info][gc,cpu      ] GC(187) User=0.01s Sys=0.01s Real=0.00s
[2026-04-10T22:14:01.061-0700][4.228s][info][safepoint   ] Safepoint "G1CollectForAllocation", Time since last: 1540375 ns, Reaching safepoint: 1125 ns, At safepoint: 1263041 ns, Leaving safepoint: 4125 ns, Total: 1268291 ns, Threads: 0 runnable, 10 total
[2026-04-10T22:14:01.076-0700][4.243s][info][gc,start    ] GC(188) Pause Young (Concurrent Start) (G1 Evacuation Pause)
[2026-04-10T22:14:01.076-0700][4.243s][info][gc,task     ] GC(188) Using 6 workers of 9 for evacuation
[2026-04-10T22:14:01.077-0700][4.244s][info][gc,phases   ] GC(188)   Pre Evacuate Collection Set: 0.09ms
[2026-04-10T22:14:01.077-0700][4.244s][info][gc,phases   ] GC(188)   Merge Heap Roots: 0.05ms
[2026-04-10T22:14:01.077-0700][4.244s][info][gc,phases   ] GC(188)   Evacuate Collection Set: 1.00ms
[2026-04-10T22:14:01.077-0700][4.244s][info][gc,phases   ] GC(188)   Post Evacuate Collection Set: 0.14ms
[2026-04-10T22:14:01.077-0700][4.244s][info][gc,phases   ] GC(188)   Other: 0.05ms
[2026-04-10T22:14:01.077-0700][4.245s][info][gc,heap     ] GC(188) Eden regions: 27->0(18)
[2026-04-10T22:14:01.077-0700][4.245s][info][gc,heap     ] GC(188) Survivor regions: 6->5(5)
[2026-04-10T22:14:01.077-0700][4.245s][info][gc,heap     ] GC(188) Old regions: 164->193
[2026-04-10T22:14:01.077-0700][4.245s][info][gc,heap     ] GC(188) Humongous regions: 0->0
[2026-04-10T22:14:01.077-0700][4.245s][info][gc,metaspace] GC(188) Metaspace: 9812K(9984K)->9812K(9984K) NonClass: 8610K(8704K)->8610K(8704K) Class: 1202K(1280K)->1202K(1280K)
[2026-04-10T22:14:01.077-0700][4.245s][info][gc          ] GC(188) Pause Young (Concurrent Start) (G1 Evacuation Pause) 197M->198M(256M) 1.452ms
[2026-04-10T22:14:01.077-0700][4.245s][info][gc,cpu      ] GC(188) User=0.01s Sys=0.00s Real=0.00s
[2026-04-10T22:14:01.077-0700][4.245s][info][safepoint   ] Safepoint "G1CollectForAllocation", Time since last: 14894459 ns, Reaching safepoint: 2583 ns, At safepoint: 1479917 ns, Leaving safepoint: 5291 ns, Total: 1487791 ns, Threads: 0 runnable, 10 total
[2026-04-10T22:14:01.077-0700][4.245s][info][gc          ] GC(189) Concurrent Mark Cycle
[2026-04-10T22:14:01.077-0700][4.245s][info][gc,marking  ] GC(189) Concurrent Scan Root Regions
[2026-04-10T22:14:01.078-0700][4.245s][info][gc,marking  ] GC(189) Concurrent Scan Root Regions 0.275ms
[2026-04-10T22:14:01.078-0700][4.245s][info][gc,marking  ] GC(189) Concurrent Mark
[2026-04-10T22:14:01.078-0700][4.245s][info][gc,marking  ] GC(189) Concurrent Mark From Roots
[2026-04-10T22:14:01.078-0700][4.245s][info][gc,task     ] GC(189) Using 2 workers of 2 for marking
[2026-04-10T22:14:01.078-0700][4.245s][info][gc,start    ] GC(190) Pause Young (Normal) (G1 Evacuation Pause)
[2026-04-10T22:14:01.078-0700][4.245s][info][gc,task     ] GC(190) Using 6 workers of 9 for evacuation
[2026-04-10T22:14:01.079-0700][4.246s][info][gc,phases   ] GC(190)   Pre Evacuate Collection Set: 0.07ms
[2026-04-10T22:14:01.079-0700][4.246s][info][gc,phases   ] GC(190)   Merge Heap Roots: 0.02ms
[2026-04-10T22:14:01.079-0700][4.246s][info][gc,phases   ] GC(190)   Evacuate Collection Set: 0.82ms
[2026-04-10T22:14:01.079-0700][4.246s][info][gc,phases   ] GC(190)   Post Evacuate Collection Set: 0.13ms
[2026-04-10T22:14:01.079-0700][4.246s][info][gc,phases   ] GC(190)   Other: 0.03ms
[2026-04-10T22:14:01.079-0700][4.246s][info][gc,heap     ] GC(190) Eden regions: 18->0(18)
[2026-04-10T22:14:01.079-0700][4.246s][info][gc,heap     ] GC(190) Survivor regions: 5->3(3)
[2026-04-10T22:14:01.079-0700][4.246s][info][gc,heap     ] GC(190) Old regions: 193->214
[2026-04-10T22:14:01.079-0700][4.246s][info][gc,heap     ] GC(190) Humongous regions: 0->0
[2026-04-10T22:14:01.079-0700][4.246s][info][gc,metaspace] GC(190) Metaspace: 9812K(9984K)->9812K(9984K) NonClass: 8610K(8704K)->8610K(8704K) Class: 1202K(1280K)->1202K(1280K)
[2026-04-10T22:14:01.079-0700][4.246s][info][gc          ] GC(190) Pause Young (Normal) (G1 Evacuation Pause) 216M->217M(256M) 1.159ms
[2026-04-10T22:14:01.079-0700][4.246s][info][gc,cpu      ] GC(190) User=0.00s Sys=0.00s Real=0.00s
[2026-04-10T22:14:01.079-0700][4.247s][info][safepoint   ] Safepoint "G1CollectForAllocation", Time since last: 742500 ns, Reaching safepoint: 11375 ns, At safepoint: 1176042 ns, Leaving safepoint: 7458 ns, Total: 1194875 ns, Threads: 0 runnable, 10 total
[2026-04-10T22:14:01.081-0700][4.249s][info][gc,marking  ] GC(189) Concurrent Mark From Roots 3.769ms
[2026-04-10T22:14:01.081-0700][4.249s][info][gc,marking  ] GC(189) Concurrent Preclean
[2026-04-10T22:14:01.081-0700][4.249s][info][gc,marking  ] GC(189) Concurrent Preclean 0.007ms
[2026-04-10T22:14:01.165-0700][4.332s][info][gc,start    ] GC(189) Pause Remark
[2026-04-10T22:14:01.166-0700][4.333s][info][gc          ] GC(189) Pause Remark 226M->126M(256M) 0.558ms
[2026-04-10T22:14:01.166-0700][4.333s][info][gc,cpu      ] GC(189) User=0.00s Sys=0.00s Real=0.00s
[2026-04-10T22:14:01.166-0700][4.333s][info][safepoint   ] Safepoint "G1PauseRemark", Time since last: 2195834 ns, Reaching safepoint: 83652500 ns, At safepoint: 588791 ns, Leaving safepoint: 4209 ns, Total: 84245500 ns, Threads: 1 runnable, 10 total
[2026-04-10T22:14:01.166-0700][4.333s][info][gc,marking  ] GC(189) Concurrent Mark 88.107ms
[2026-04-10T22:14:01.166-0700][4.333s][info][gc,marking  ] GC(189) Concurrent Rebuild Remembered Sets and Scrub Regions
[2026-04-10T22:14:01.167-0700][4.335s][info][gc,marking  ] GC(189) Concurrent Rebuild Remembered Sets and Scrub Regions 1.777ms
[2026-04-10T22:14:01.168-0700][4.335s][info][gc,start    ] GC(189) Pause Cleanup
[2026-04-10T22:14:01.168-0700][4.335s][info][gc          ] GC(189) Pause Cleanup 126M->126M(256M) 0.022ms
[2026-04-10T22:14:01.168-0700][4.335s][info][gc,cpu      ] GC(189) User=0.00s Sys=0.00s Real=0.00s
[2026-04-10T22:14:01.168-0700][4.335s][info][safepoint   ] Safepoint "G1PauseCleanup", Time since last: 1856541 ns, Reaching safepoint: 41500 ns, At safepoint: 36792 ns, Leaving safepoint: 1583 ns, Total: 79875 ns, Threads: 1 runnable, 10 total
[2026-04-10T22:14:01.168-0700][4.335s][info][gc,marking  ] GC(189) Concurrent Clear Claimed Marks
[2026-04-10T22:14:01.168-0700][4.335s][info][gc,marking  ] GC(189) Concurrent Clear Claimed Marks 0.013ms
[2026-04-10T22:14:01.168-0700][4.335s][info][gc,marking  ] GC(189) Concurrent Cleanup for Next Mark
[2026-04-10T22:14:01.168-0700][4.335s][info][gc,marking  ] GC(189) Concurrent Cleanup for Next Mark 0.119ms
[2026-04-10T22:14:01.168-0700][4.335s][info][gc          ] GC(189) Concurrent Mark Cycle 90.490ms
[2026-04-10T22:14:01.179-0700][4.346s][info][gc,exit     ] Heap
[2026-04-10T22:14:01.179-0700][4.346s][info][gc,exit     ]  garbage-first heap   total reserved 262144K, committed 262144K, used 129392K [0x0000000470000000, 0x0000000480000000)
[2026-04-10T22:14:01.179-0700][4.346s][info][gc,exit     ]   region size 1024K, 13 young (13312K), 3 survivors (3072K)
[2026-04-10T22:14:01.179-0700][4.346s][info][gc,exit     ]  Metaspace       used 9819K, committed 9984K, reserved 1114112K
[2026-04-10T22:14:01.179-0700][4.346s][info][gc,exit     ]   class space    used 1202K, committed 1280K, reserved 1048576K
